Invalid MIT-MAGIC-COOKIE-1 key
******************************************************
*                                                    *
*                         4C                         *
*                                                    *
*                version 2026.2.0-dev                *
*                                                    *
*                      git SHA1                      *
*      89519cfe76251fc668617c4ab1a70b94fd86ec52      *
*                                                    *
******************************************************

Trilinos Version: f4d64271518 (git SHA1)
Total number of MPI ranks: 1


=========================================================================
PROC 0 ERROR in /home/alexander/4C/src/core/io/src/4C_io_input_file.cpp, line 546:
Section 'CALCFLUX_BOUNDARY' is not a valid section name.
------------------
 0# void FourC::Core::Internal::format_and_throw_error<std::__cxx11::basic_string<char, std::char_traits<char>, std::allocator<char> > const&>(std::source_location const&, std::basic_format_string<char, std::type_identity<std::__cxx11::basic_string<char, std::char_traits<char>, std::allocator<char> > const&>::type>, std::__cxx11::basic_string<char, std::char_traits<char>, std::allocator<char> > const&) in /home/alexander/4C/build/lib4C.so
 1# FourC::Core::IO::InputFile::read(std::filesystem::__cxx11::path const&) in /home/alexander/4C/build/lib4C.so
 2# run(FourC::CommandlineArguments&, FourC::Core::Communication::Communicators&) in /home/alexander/4C/build/4C
 3# main in /home/alexander/4C/build/4C
 4# __libc_start_main at ../csu/libc-start.c:342
 5# _start in /home/alexander/4C/build/4C

=========================================================================


--------------------------------------------------------------------------
MPI_ABORT was invoked on rank 0 in communicator MPI_COMM_WORLD
with errorcode 1.

NOTE: invoking MPI_ABORT causes Open MPI to kill all MPI processes.
You may or may not see output from other processes, depending on
exactly when Open MPI kills them.
--------------------------------------------------------------------------
