iteration: 4
command: ["python3", "participant_A.py"]
returncode: 0
--- stdout ---

******************************************************
*                                                    *
*                         4C                         *
*                                                    *
*                version 2026.2.0-dev                *
*                                                    *
*                      git SHA1                      *
*      89519cfe76251fc668617c4ab1a70b94fd86ec52      *
*                                                    *
******************************************************

Trilinos Version: f4d64271518 (git SHA1)
Total number of MPI ranks: 1

Number of procs used for redistribution: 1

+--------------------------------------------------------------------+
| fill_complete() on discretization fluid                            |
+--------------------------------------------------------------------+

Number of procs used for redistribution: 1
Redistributing using hypergraph .........

+--------------------------------------------------------------------+
| fill_complete() on discretization scatra                           |
+--------------------------------------------------------------------+
Read/generate conditions                          in....0.00253834 secs

Total wall time for INPUT:        5.000e-02 sec 

###################################################
# YOUR PROBLEM TYPE: Scalar_Transport
###################################################

+--------------------------------------------------------------------+
| fill_complete() on discretization fluid                            |
| assign_degrees_of_freedom() ...                                    |
| initialize_elements() ...                                          |
| boundary_conditions_geometry() ...                                 |
+--------------------------------------------------------------------+

+--------------------------------------------------------------------+
| fill_complete() on discretization scatra                           |
| assign_degrees_of_freedom() ...                                    |
| initialize_elements() ...                                          |
| boundary_conditions_geometry() ...                                 |
+--------------------------------------------------------------------+

+--------------------------------------------------------------------+
| fill_complete() on discretization scatra                           |
| assign_degrees_of_freedom() ...                                    |
| boundary_conditions_geometry() ...                                 |
+--------------------------------------------------------------------+

+--------------------------------------------------------------------+
| fill_complete() on discretization scatra                           |
| assign_degrees_of_freedom() ...                                    |
| boundary_conditions_geometry() ...                                 |
+--------------------------------------------------------------------+
Flux output is performed for 1 scalars: 1 

Normal fluxes at boundary 'ScaTraFluxCalc' on discretization 'scatra':
+----+-----+-------------------------+------------------+--------------------------+
| ID | DOF | Integral of normal flux | Area of boundary | Mean normal flux density |
|  0 |  0  |       -1.2238E-01       |    1.0000E+00    |        -1.2238E-01       |
+----+-----+-------------------------+------------------+--------------------------+
| Sum of all normal flux boundary integrals for scalar 0: -1.22384E-01             |
+----------------------------------------------------------------------------------+

Vtk Files 'scatra-00000' written. Time: 0.00000000000000e+00

TIME:           1/1  DT = 1    Stationary    STEP = 1/1
Solvertype linear_full (ts= 1.630E-03,te= 4.158E-04)

Normal fluxes at boundary 'ScaTraFluxCalc' on discretization 'scatra':
+----+-----+-------------------------+------------------+--------------------------+
| ID | DOF | Integral of normal flux | Area of boundary | Mean normal flux density |
|  0 |  0  |       -5.6505E-01       |    1.0000E+00    |        -5.6505E-01       |
+----+-----+-------------------------+------------------+--------------------------+
| Sum of all normal flux boundary integrals for scalar 0: -5.65052E-01             |
+----------------------------------------------------------------------------------+

Vtk Files 'scatra-00001' written. Time: 1.00000000000000e+00

Checking results of 0 tests:

OK (0)
======================================================================================

                         TimeMonitor results over 1 processor

Timer Name                                                 Global time (num calls)    
--------------------------------------------------------------------------------------
Core::FE::Discretization::Evaluate                         0.001208 (3)               
Core::FE::Discretization::set_state                        3.161e-05 (12)             
Core::LinAlg::Solver:  0)   translate_solver_parameters    2.405e-05 (1)              
Core::LinAlg::Solver:  1)   Setup                          0.0005491 (1)              
Core::LinAlg::Solver:  2)   Solve                          0.001071 (1)               
Core::LinAlg::SparseMatrix::Complete                       3.447e-05 (1)              
Core::LinAlg::SparseMatrix::Complete(domain,range)         7.72e-07 (1)               
Rebalance::rebalance_graph                                 0.001158 (1)               
Rebalance::rebalance_node_maps                             0.001197 (1)               
SCATRA:       + apply DBC to system                        9.889e-06 (1)              
--------------------------------------------------------------------------------------
SCATRA:       + element calls                              0.0004199 (1)              
SCATRA:       + solver calls                               0.001645 (1)               
SCATRA:      + apply dirich cond.                          7.154e-05 (2)              
SCATRA:    + output of solution                            0.00283 (2)                
SCATRA:    + prepare time step                             0.0001175 (1)              
SCATRA:  + time loop                                       0.005633 (1)               
======================================================================================

Total wall time for CALCULATION:  9.000e-03 sec 


Memory High Water Mark Summary:		Total
(in GB)					1.7929e-01

processor 0 finished normally

No protocol specified

NDOF = 54

--- stderr ---

NDOF = 54
