iteration: 4
command: ["/home/alexander/Schreibtisch/open-fem-agent/.venv/bin/python", "participant_B.py"]
returncode: 0
--- stdout ---
NDOF = 72
Kratos Neumann side complete: max|u| = 2.427178e-03
 |  /           |                  
 ' /   __| _` | __|  _ \   __|    
 . \  |   (   | |   (   |\__ \  
_|\_\_|  \__,_|\__|\___/ ____/
           Multi-Physics 10.3."0"-Release-10.3.0-14ee273e-Release-x86_64
           Compiled for GNU/Linux and Python3.12 with GCC-10.2
Compiled with threading and MPI support. Threading support with OpenMP.
Maximum number of threads: 32.
Running without MPI.
Importing    KratosConvectionDiffusionApplication 
 KRATOS ___ ___  _  ___   __   ___ ___ ___ ___ 
       / __/ _ || || | | / /__|   |_ _| __| __|
      | (_| (_) | .` || V /___| |) | || _|| _| 
       |___|___/|_||_| |_/    |___/___|_| |_|  APPLICATION
ResidualBasedLinearStrategy: Setup Dofs Time: 0.00139159 [s]
ResidualBasedLinearStrategy: Setup System Time: 0.000911874 [s]
ResidualBasedLinearStrategy: System Matrix Resize Time: 0.0102394 [s]
ResidualBasedLinearStrategy: System Construction Time: 0.0126068 [s]
ResidualBasedBlockBuilderAndSolver: Build time: 0.00157888 [s]
ResidualBasedBlockBuilderAndSolver: System solve time: 0.00108348 [s]
BuilderAndSolver: Clear Function called
BuilderAndSolver: Clear Function called
Deregistering KratosMultiphysics
Deregistering ConvectionDiffusionApplication

--- stderr ---

NDOF = 72
