Generated 1936 probe points

============================================================
MESH LEVEL 1: h = 0.125
============================================================
Mesh: 138 elements, 86 vertices
Total DOFs: 86, Free DOFs: 86
Written run_level1.log
Written solution_level1.csv

============================================================
MESH LEVEL 2: h = 0.0625
============================================================
Mesh: 608 elements, 337 vertices
Total DOFs: 337, Free DOFs: 337
Written run_level2.log
Written solution_level2.csv
Max relative change from level 1: 5.197238e+02
Avg relative change from level 1: 5.024904e-01

============================================================
MESH LEVEL 3: h = 0.03125
============================================================
Mesh: 2382 elements, 1256 vertices
Total DOFs: 1256, Free DOFs: 1256
Written run_level3.log
Written solution_level3.csv
Max relative change from level 2: 8.463167e+00
Avg relative change from level 2: 6.814950e-02

============================================================
MESH LEVEL 4: h = 0.015625
============================================================
Mesh: 9512 elements, 4885 vertices
Total DOFs: 4885, Free DOFs: 4885
Written run_level4.log
Written solution_level4.csv
Max relative change from level 3: 5.251684e+00
Avg relative change from level 3: 2.268511e-02

============================================================
FINAL RESULTS
============================================================
Levels solved: 4
Max relative change (levels 3->4): 5.251684e+00
Mesh independence: NOT_CONVERGED

Written RESULT.txt
Simulation complete!
