Invalid MIT-MAGIC-COOKIE-1 key
******************************************************
*                                                    *
*                         4C                         *
*                                                    *
*                version 2026.2.0-dev                *
*                                                    *
*                      git SHA1                      *
*      89519cfe76251fc668617c4ab1a70b94fd86ec52      *
*                                                    *
******************************************************

Trilinos Version: f4d64271518 (git SHA1)
Total number of MPI ranks: 1

Number of procs used for redistribution: 1
Redistributing using hypergraph .........
Read/generate conditions                          in....0.0024716 secs

Total wall time for INPUT:        5.000e-02 sec 

Welcome to Thermal Time Integration 
      _______________________________
  ===(__|_|_37 degrees celsius__|_|__)

with statics
Predictor thermo absolute res-norm 0.00116468
numiter      abs-res-norm     abs-temp-norm           wct
      1       4.36192e-19       1.00586e-03      3.02e-03
      2       1.62118e-19       1.87798e-19      3.70e-03
Finalised: step 1 | nstep 1 | time 1 | dt 1 | numiter 2
------------------------------------------------------------------------------
====== Restart written in step 1
--------------------------------------------------------------------------------

Checking results of 0 tests:

OK (0)
======================================================================================

                         TimeMonitor results over 1 processor

Timer Name                                                 Global time (num calls)    
--------------------------------------------------------------------------------------
Core::FE::Discretization::Evaluate                         0.0006994 (5)              
Core::FE::Discretization::set_state                        3.416e-05 (20)             
Core::LinAlg::Solver:  0)   translate_solver_parameters    2.679e-05 (1)              
Core::LinAlg::Solver:  1)   Setup                          0.0005854 (2)              
Core::LinAlg::Solver:  2)   Solve                          0.001325 (2)               
Core::LinAlg::SparseMatrix::Complete                       3.174e-05 (3)              
Core::LinAlg::SparseMatrix::Complete(domain,range)         2.751e-05 (4)              
Rebalance::rebalance_graph                                 0.001167 (1)               
Rebalance::rebalance_node_maps                             0.001213 (1)               
======================================================================================

Total wall time for CALCULATION:  7.000e-03 sec 


Memory High Water Mark Summary:		Total
(in GB)					1.7189e-01

processor 0 finished normally

NDOF = 54
