
******************************************************
*                                                    *
*                         4C                         *
*                                                    *
*                version 2026.2.0-dev                *
*                                                    *
*                      git SHA1                      *
*      89519cfe76251fc668617c4ab1a70b94fd86ec52      *
*                                                    *
******************************************************

Trilinos Version: f4d64271518 (git SHA1)
Total number of MPI ranks: 1

Number of procs used for redistribution: 1
Redistributing using hypergraph .........

+--------------------------------------------------------------------+
| fill_complete() on discretization structure                        |
+--------------------------------------------------------------------+
Read/generate conditions                          in....0.00437746 secs

Total wall time for INPUT:        1.030e-01 sec 


+--------------------------------------------------------------------+
| fill_complete() on discretization structure                        |
| assign_degrees_of_freedom() ...                                    |
| initialize_elements() ...                                          |
| boundary_conditions_geometry() ...                                 |
+--------------------------------------------------------------------+

Vtk Files 'structure-00000' written. Time: 0.00000000000000e+00
=== Structural predictor: ConstDis ===
************************************************************************
-- Status Test Results --
**...........OR Combination -> 
  **...........AND Combination -> 
    **...........AND Combination -> 
      **...........Structure-Update-Norm = 1.000e+12 < 1e-12
                   (Unscaled 2-Norm, Absolute)
      Converged....Structure-F-Norm = 0.000e+00 < 1.000e-12
                   (Unscaled 2-Norm, Absolute)
  **...........Number of Iterations = 0 < 1
************************************************************************

************************************************************************
-- Nonlinear Solver Step 0 -- 
||F|| = 0.00000e+00  step = 0.00000e+00  dx = 0.00000e+00
************************************************************************


************************************************************************
-- Nonlinear Solver Step 1 -- 
||F|| = 0.00000e+00  step = 1.00000e+00  dx = 0.00000e+00 (Converged!)
************************************************************************

************************************************************************
-- Final Status Test Results --
Converged....OR Combination -> 
  Converged....AND Combination -> 
    Converged....AND Combination -> 
      Converged....Structure-Update-Norm = 0.000e+00 < 1e-12
                   (Unscaled 2-Norm, Absolute)
                   (Min Step Size:  1.000e+00 >= 1)
                   (Max Lin Solv Tol:  0.000e+00 < 0.5)
      Converged....Structure-F-Norm = 0.000e+00 < 1.000e-12
                   (Unscaled 2-Norm, Absolute)
  Failed.......Number of Iterations = 1 < 1
************************************************************************

Vtk Files 'structure-00001' written. Time: 1.00000000000000e+00
Finalised step 1 / 1 | time 1.000e+00 | dt 1.000e+00 | nlniter 1 | wct 4.23e-01
--------------------------------------------------------------------------------


Checking results of 0 tests:

OK (0)
======================================================================================

                         TimeMonitor results over 1 processor

Timer Name                                                 Global time (num calls)    
--------------------------------------------------------------------------------------
Adapter::StructureTimIntBaseAlgorithm::SetupStructure      0.04937 (1)                
Core::FE::Discretization::Evaluate                         0.1625 (5)                 
Core::FE::Discretization::set_state                        0.000258 (16)              
Core::FE::Evaluate                                         0.03679 (2)                
Core::FE::Evaluate LocationVector                          0.001477 (2048)            
Core::FE::Evaluate Resize                                  0.0003367 (2048)           
Core::FE::Evaluate assemble                                0.0003751 (2048)           
Core::FE::Evaluate elements                                0.03343 (2048)             
Core::LinAlg::Solver:  0)   translate_solver_parameters    9.818e-06 (1)              
Core::LinAlg::Solver:  1)   Setup                          0.0005945 (1)              
--------------------------------------------------------------------------------------
Core::LinAlg::Solver:  2)   Solve                          0.008333 (1)               
Core::LinAlg::SparseMatrix::Complete                       0.008152 (3)               
Core::LinAlg::SparseMatrix::Complete(domain,range)         0.0005423 (3)              
Epetra_CrsMatrix::Multiply(TransA,X,Y)                     4.415e-05 (2)              
Rebalance::rebalance_graph                                 0.01094 (1)                
Rebalance::rebalance_node_maps                             0.011 (1)                  
======================================================================================

Total wall time for CALCULATION:  4.530e-01 sec 


Memory High Water Mark Summary:		Total
(in GB)					2.2710e-01

processor 0 finished normally
Invalid MIT-MAGIC-COOKIE-1 key