Invalid MIT-MAGIC-COOKIE-1 key
******************************************************
*                                                    *
*                         4C                         *
*                                                    *
*                version 2026.2.0-dev                *
*                                                    *
*                      git SHA1                      *
*      89519cfe76251fc668617c4ab1a70b94fd86ec52      *
*                                                    *
******************************************************

Trilinos Version: f4d64271518 (git SHA1)
Total number of MPI ranks: 1

Number of procs used for redistribution: 1

+--------------------------------------------------------------------+
| fill_complete() on discretization fluid                            |
+--------------------------------------------------------------------+
--------------------------------------------------------------------------
MPI_ABORT was invoked on rank 0 in communicator MPI_COMM_WORLD
with errorcode 1.

NOTE: invoking MPI_ABORT causes Open MPI to kill all MPI processes.
You may or may not see output from other processes, depending on
exactly when Open MPI kills them.
--------------------------------------------------------------------------

NDOF = 81
