Invalid MIT-MAGIC-COOKIE-1 key
******************************************************
*                                                    *
*                         4C                         *
*                                                    *
*                version 2026.2.0-dev                *
*                                                    *
*                      git SHA1                      *
*      89519cfe76251fc668617c4ab1a70b94fd86ec52      *
*                                                    *
******************************************************

Trilinos Version: f4d64271518 (git SHA1)
Total number of MPI ranks: 1

Number of procs used for redistribution: 1
Redistributing using hypergraph .........
Read/generate conditions                          in....0.00276486 secs

Total wall time for INPUT:        5.600e-02 sec 

Welcome to Thermal Time Integration 
      _______________________________
  ===(__|_|_37 degrees celsius__|_|__)

with statics
Predictor thermo absolute res-norm 0.00224636
numiter      abs-res-norm     abs-temp-norm           wct
      1       1.52686e-18       4.49873e-03      1.67e-02
      2       8.07258e-19       6.35587e-18      2.17e-02
Finalised: step 1 | nstep 1 | time 1 | dt 1 | numiter 2
------------------------------------------------------------------------------
====== Restart written in step 1
--------------------------------------------------------------------------------

Checking results of 0 tests:

OK (0)
======================================================================================

                         TimeMonitor results over 1 processor

Timer Name                                                 Global time (num calls)    
--------------------------------------------------------------------------------------
Core::FE::Discretization::Evaluate                         0.008593 (5)               
Core::FE::Discretization::set_state                        4.793e-05 (20)             
Core::LinAlg::Solver:  0)   translate_solver_parameters    3.151e-05 (1)              
Core::LinAlg::Solver:  1)   Setup                          0.0006067 (2)              
Core::LinAlg::Solver:  2)   Solve                          0.006059 (2)               
Core::LinAlg::SparseMatrix::Complete                       0.0001647 (3)              
Core::LinAlg::SparseMatrix::Complete(domain,range)         0.0002535 (4)              
Rebalance::rebalance_graph                                 0.002647 (1)               
Rebalance::rebalance_node_maps                             0.002697 (1)               
======================================================================================

Total wall time for CALCULATION:  3.200e-02 sec 


Memory High Water Mark Summary:		Total
(in GB)					1.7202e-01

processor 0 finished normally

NDOF = 693
