
============================================================
Solving level 1 with h = 0.125
============================================================
Mesh: 138 elements, 86 vertices
NDOF = 86
Wrote solution_level1.csv with 1936 probe points
Wrote run_level1.log

============================================================
Solving level 2 with h = 0.0625
============================================================
Mesh: 608 elements, 337 vertices
NDOF = 337
Wrote solution_level2.csv with 1936 probe points
Wrote run_level2.log

============================================================
Solving level 3 with h = 0.03125
============================================================
Mesh: 2382 elements, 1256 vertices
NDOF = 1256
Wrote solution_level3.csv with 1936 probe points
Wrote run_level3.log

============================================================
Solving level 4 with h = 0.015625
============================================================
Mesh: 9512 elements, 4885 vertices
NDOF = 4885
Wrote solution_level4.csv with 1936 probe points
Wrote run_level4.log

============================================================
CONVERGENCE ANALYSIS
============================================================
Absolute change: min=1.180150e-08, max=3.727633e-04, mean=6.310154e-05
L2 norm level 3: 2.822396e-02
L2 norm level 4: 2.827977e-02
L2-norm relative change: 1.977582e-03
Max |u| level 3: 7.179001e-02
Max |u| level 4: 7.196505e-02
Max-norm relative change: 2.438288e-03
Pointwise relative change (robust): max=1.417080e+00, mean=1.753326e-02

Convergence criteria:
  L2 norm change < 0.01: PASS (1.977582e-03)
  Max norm change < 0.01: PASS (2.438288e-03)
  Mean pointwise change < 0.05: PASS (1.753326e-02)

MESH_INDEPENDENCE = CONVERGED

Wrote RESULT.txt
Done!
