
******************************************************
*                                                    *
*                         4C                         *
*                                                    *
*                version 2026.2.0-dev                *
*                                                    *
*                      git SHA1                      *
*      89519cfe76251fc668617c4ab1a70b94fd86ec52      *
*                                                    *
******************************************************

Trilinos Version: f4d64271518 (git SHA1)
Total number of MPI ranks: 1

Number of procs used for redistribution: 1
Redistributing using hypergraph .........

+--------------------------------------------------------------------+
| fill_complete() on discretization structure                        |
+--------------------------------------------------------------------+

Number of procs used for redistribution: 1

+--------------------------------------------------------------------+
| fill_complete() on discretization thermo                           |
+--------------------------------------------------------------------+
Read/generate conditions                          in....0.00512428 secs

Total wall time for INPUT:        8.700e-02 sec 

Welcome to Thermo-Structure-Interaction 
         !
         !
         ^
        / \
       /___\
      |=   =|
      |     |
      |     |
      |     |
      |     |
      |     |
      | TSI |
      |     |
     /|##!##|\
    / |##!##| \
   /  |##!##|  \
  |  / ^ | ^ \  |
  | /  ( | )  \ |
  |/   ( | )   \|
      ((   ))
     ((  :  ))
     ((  :  ))
      ((   ))
       (( ))
        ( )
         .
         .
         .



+--------------------------------------------------------------------+
| fill_complete() on discretization structure                        |
| assign_degrees_of_freedom() ...                                    |
| initialize_elements() ...                                          |
| boundary_conditions_geometry() ...                                 |
+--------------------------------------------------------------------+

+--------------------------------------------------------------------+
| fill_complete() on discretization structure                        |
| assign_degrees_of_freedom() ...                                    |
| initialize_elements() ...                                          |
| boundary_conditions_geometry() ...                                 |
+--------------------------------------------------------------------+

+--------------------------------------------------------------------+
| fill_complete() on discretization thermo                           |
+--------------------------------------------------------------------+
Created discretization thermo as a clone of discretization structure in....3.295e-03 secs


+--------------------------------------------------------------------+
| fill_complete() on discretization thermo                           |
| assign_degrees_of_freedom() ...                                    |
| initialize_elements() ...                                          |
| boundary_conditions_geometry() ...                                 |
+--------------------------------------------------------------------+

+--------------------------------------------------------------------+
| fill_complete() on discretization structure                        |
| assign_degrees_of_freedom() ...                                    |
| initialize_elements() ...                                          |
| boundary_conditions_geometry() ...                                 |
+--------------------------------------------------------------------+

+--------------------------------------------------------------------+
| fill_complete() on discretization thermo                           |
| assign_degrees_of_freedom() ...                                    |
| initialize_elements() ...                                          |
| boundary_conditions_geometry() ...                                 |
+--------------------------------------------------------------------+
Welcome to Thermal Time Integration 
      _______________________________
  ===(__|_|_37 degrees celsius__|_|__)

with statics

+--------------------------------------------------------------------+
| fill_complete() on discretization structure                        |
| boundary_conditions_geometry() ...                                 |
+--------------------------------------------------------------------+
Coupling variable: temperature


TIME:  1.000e+00/1.000e+00     DT = 1.000e+00     STEP =    1/   1

Predictor thermo absolute res-norm 0.00666575

*********************
    THERMO SOLVER    
*********************
numiter      abs-res-norm     abs-temp-norm           wct
      1       1.07059e-17       1.51227e+00      1.26e-01
      2       4.25373e-18       6.87103e-15      1.62e-01
=== Structural predictor: ConstDis ===

************************
    STRUCTURE SOLVER    
************************
************************************************************************
-- Status Test Results --
**...........OR Combination -> 
  **...........AND Combination -> 
    **...........AND Combination -> 
      **...........Structure-Update-Norm = 1.000e+12 < 1e-10
                   (Unscaled 2-Norm, Absolute)
      **...........Structure-F-Norm = 2.452e-01 < 1.000e-08
                   (Unscaled 2-Norm, Absolute)
  **...........Number of Iterations = 0 < 50
************************************************************************

************************************************************************
-- Nonlinear Solver Step 0 -- 
||F|| = 2.45153e-01  step = 0.00000e+00  dx = 0.00000e+00
************************************************************************

************************************************************************
-- Status Test Results --
**...........OR Combination -> 
  **...........AND Combination -> 
    **...........AND Combination -> 
      **...........Structure-Update-Norm = 3.341e-02 < 1e-10
                   (Unscaled 2-Norm, Absolute)
                   (Min Step Size:  1.000e+00 >= 1)
                   (Max Lin Solv Tol:  0.000e+00 < 0.5)
      Converged....Structure-F-Norm = 1.688e-16 < 1.000e-08
                   (Unscaled 2-Norm, Absolute)
  **...........Number of Iterations = 1 < 50
************************************************************************

************************************************************************
-- Nonlinear Solver Step 1 -- 
||F|| = 1.68804e-16  step = 1.00000e+00  dx = 3.34091e-02
************************************************************************


************************************************************************
-- Nonlinear Solver Step 2 -- 
||F|| = 7.76620e-17  step = 1.00000e+00  dx = 4.82002e-17 (Converged!)
************************************************************************

************************************************************************
-- Final Status Test Results --
Converged....OR Combination -> 
  Converged....AND Combination -> 
    Converged....AND Combination -> 
      Converged....Structure-Update-Norm = 4.825e-17 < 1e-10
                   (Unscaled 2-Norm, Absolute)
                   (Min Step Size:  1.000e+00 >= 1)
                   (Max Lin Solv Tol:  0.000e+00 < 0.5)
      Converged....Structure-F-Norm = 7.766e-17 < 1.000e-08
                   (Unscaled 2-Norm, Absolute)
  **...........Number of Iterations = 2 < 50
************************************************************************
====== Restart written in step 1
--------------------------------------------------------------------------------

Vtk Files 'thermo-00001' written. Time: 1.00000000000000e+00
====== Restart for field 'Structure' written in step 1

Vtk Files 'structure-00001' written. Time: 1.00000000000000e+00


--- Monitor Dirichlet boundary condition 101 
          step          time      ref_area     curr_area           f_x           f_y           f_z           m_x           m_y          m_z
             1   1.00000e+00   0.00000e+00   0.00000e+00   2.86123e-03   4.01859e-04  -2.72131e-03  -8.42377e-05   1.70052e-03   1.62549e-04


--- Monitor Dirichlet boundary condition 102 
          step          time      ref_area     curr_area           f_x           f_y           f_z           m_x           m_y          m_z
             1   1.00000e+00   0.00000e+00   0.00000e+00   2.86123e-03   4.01859e-04   2.72131e-03   7.16796e-05  -1.61111e-03   1.62549e-04


--- Monitor Dirichlet boundary condition 103 
          step          time      ref_area     curr_area           f_x           f_y           f_z           m_x           m_y          m_z
             1   1.00000e+00   0.00000e+00   0.00000e+00   2.55034e-03   6.33009e-04  -2.36757e-03  -1.46667e-04   1.47903e-03   2.37454e-04


--- Monitor Dirichlet boundary condition 104 
          step          time      ref_area     curr_area           f_x           f_y           f_z           m_x           m_y          m_z
             1   1.00000e+00   0.00000e+00   0.00000e+00   2.55034e-03   6.33009e-04   2.36757e-03   1.26886e-04  -1.39933e-03   2.37454e-04


--- Monitor Dirichlet boundary condition 105 
          step          time      ref_area     curr_area           f_x           f_y           f_z           m_x           m_y          m_z
             1   1.00000e+00   0.00000e+00   0.00000e+00   2.45469e-03   9.13953e-04  -2.06782e-03  -1.92269e-04   1.29128e-03   3.42491e-04


--- Monitor Dirichlet boundary condition 106 
          step          time      ref_area     curr_area           f_x           f_y           f_z           m_x           m_y          m_z
             1   1.00000e+00   0.00000e+00   0.00000e+00   2.45469e-03   9.13953e-04   2.06782e-03   1.63708e-04  -1.21458e-03   3.42491e-04


--- Monitor Dirichlet boundary condition 107 
          step          time      ref_area     curr_area           f_x           f_y           f_z           m_x           m_y          m_z
             1   1.00000e+00   0.00000e+00   0.00000e+00   2.44965e-03   1.04563e-03  -1.78637e-03  -2.21628e-04   1.11505e-03   3.48761e-04


--- Monitor Dirichlet boundary condition 108 
          step          time      ref_area     curr_area           f_x           f_y           f_z           m_x           m_y          m_z
             1   1.00000e+00   0.00000e+00   0.00000e+00   2.44965e-03   1.04563e-03   1.78637e-03   1.88952e-04  -1.03850e-03   3.48761e-04


--- Monitor Dirichlet boundary condition 109 
          step          time      ref_area     curr_area           f_x           f_y           f_z           m_x           m_y          m_z
             1   1.00000e+00   0.00000e+00   0.00000e+00   2.49552e-03   1.11465e-03  -1.53645e-03  -2.38456e-04   9.58623e-04   3.08151e-04


--- Monitor Dirichlet boundary condition 110 
          step          time      ref_area     curr_area           f_x           f_y           f_z           m_x           m_y          m_z
             1   1.00000e+00   0.00000e+00   0.00000e+00   2.49552e-03   1.11465e-03   1.53645e-03   2.03623e-04  -8.80638e-04   3.08151e-04


--- Monitor Dirichlet boundary condition 111 
          step          time      ref_area     curr_area           f_x           f_y           f_z           m_x           m_y          m_z
             1   1.00000e+00   0.00000e+00   0.00000e+00   2.38221e-03   1.18117e-03  -1.28789e-03  -2.40036e-04   8.03212e-04   2.92660e-04


--- Monitor Dirichlet boundary condition 112 
          step          time      ref_area     curr_area           f_x           f_y           f_z           m_x           m_y          m_z
             1   1.00000e+00   0.00000e+00   0.00000e+00   2.38221e-03   1.18117e-03   1.28789e-03   2.03124e-04  -7.28768e-04   2.92660e-04


--- Monitor Dirichlet boundary condition 113 
          step          time      ref_area     curr_area           f_x           f_y           f_z           m_x           m_y          m_z
             1   1.00000e+00   0.00000e+00   0.00000e+00   2.64462e-03   1.47778e-03  -1.06147e-03  -2.30975e-04   6.61725e-04   3.45787e-04


--- Monitor Dirichlet boundary condition 114 
          step          time      ref_area     curr_area           f_x           f_y           f_z           m_x           m_y          m_z
             1   1.00000e+00   0.00000e+00   0.00000e+00   2.64462e-03   1.47778e-03   1.06147e-03   1.84794e-04  -5.79081e-04   3.45787e-04


--- Monitor Dirichlet boundary condition 115 
          step          time      ref_area     curr_area           f_x           f_y           f_z           m_x           m_y          m_z
             1   1.00000e+00   0.00000e+00   0.00000e+00   2.85101e-03   1.33680e-03  -7.66216e-04  -1.90705e-04   4.77494e-04   1.23478e-04


--- Monitor Dirichlet boundary condition 116 
          step          time      ref_area     curr_area           f_x           f_y           f_z           m_x           m_y          m_z
             1   1.00000e+00   0.00000e+00   0.00000e+00   2.85101e-03   1.33680e-03   7.66216e-04   1.48930e-04  -3.88400e-04   1.23478e-04


--- Monitor Dirichlet boundary condition 117 
          step          time      ref_area     curr_area           f_x           f_y           f_z           m_x           m_y          m_z
             1   1.00000e+00   0.00000e+00   0.00000e+00   2.82527e-03   1.08525e-03  -4.41723e-04  -1.23792e-04   2.75207e-04  -1.15631e-04


--- Monitor Dirichlet boundary condition 118 
          step          time      ref_area     curr_area           f_x           f_y           f_z           m_x           m_y          m_z
             1   1.00000e+00   0.00000e+00   0.00000e+00   2.82527e-03   1.08525e-03   4.41723e-04   8.98779e-05  -1.86917e-04  -1.15631e-04


--- Monitor Dirichlet boundary condition 119 
          step          time      ref_area     curr_area           f_x           f_y           f_z           m_x           m_y          m_z
             1   1.00000e+00   0.00000e+00   0.00000e+00   2.65337e-03   8.79818e-04  -5.97207e-05  -1.86125e-05   3.72026e-05  -2.78873e-04


--- Monitor Dirichlet boundary condition 120 
          step          time      ref_area     curr_area           f_x           f_y           f_z           m_x           m_y          m_z
             1   1.00000e+00   0.00000e+00   0.00000e+00   2.65337e-03   8.79818e-04   5.97207e-05  -8.88177e-06   4.57153e-05  -2.78873e-04


--- Monitor Dirichlet boundary condition 121 
          step          time      ref_area     curr_area           f_x           f_y           f_z           m_x           m_y          m_z
             1   1.00000e+00   0.00000e+00   0.00000e+00   2.41031e-03   2.76417e-04   2.76373e-04   9.48335e-05  -1.72158e-04  -6.54878e-04


--- Monitor Dirichlet boundary condition 122 
          step          time      ref_area     curr_area           f_x           f_y           f_z           m_x           m_y          m_z
             1   1.00000e+00   0.00000e+00   0.00000e+00   2.41031e-03   2.76417e-04  -2.76373e-04  -1.03472e-04   2.47480e-04  -6.54878e-04


--- Monitor Dirichlet boundary condition 123 
          step          time      ref_area     curr_area           f_x           f_y           f_z           m_x           m_y          m_z
             1   1.00000e+00   0.00000e+00   0.00000e+00   2.20324e-03  -2.01751e-06   5.62745e-04   2.10826e-04  -3.50561e-04  -8.26675e-04


--- Monitor Dirichlet boundary condition 124 
          step          time      ref_area     curr_area           f_x           f_y           f_z           m_x           m_y          m_z
             1   1.00000e+00   0.00000e+00   0.00000e+00   2.20324e-03  -2.01751e-06  -5.62745e-04  -2.10763e-04   4.19413e-04  -8.26675e-04


--- Monitor Dirichlet boundary condition 125 
          step          time      ref_area     curr_area           f_x           f_y           f_z           m_x           m_y          m_z
             1   1.00000e+00   0.00000e+00   0.00000e+00   1.63998e-03  -6.48639e-04   8.83097e-04   3.58698e-04  -5.50224e-04  -1.07027e-03


--- Monitor Dirichlet boundary condition 126 
          step          time      ref_area     curr_area           f_x           f_y           f_z           m_x           m_y          m_z
             1   1.00000e+00   0.00000e+00   0.00000e+00   1.63998e-03  -6.48639e-04  -8.83097e-04  -3.38428e-04   6.01473e-04  -1.07027e-03


--- Monitor Dirichlet boundary condition 127 
          step          time      ref_area     curr_area           f_x           f_y           f_z           m_x           m_y          m_z
             1   1.00000e+00   0.00000e+00   0.00000e+00   1.13442e-03  -9.35014e-04   1.11678e-03   4.88844e-04  -6.96001e-04  -1.07929e-03


--- Monitor Dirichlet boundary condition 128 
          step          time      ref_area     curr_area           f_x           f_y           f_z           m_x           m_y          m_z
             1   1.00000e+00   0.00000e+00   0.00000e+00   1.13442e-03  -9.35014e-04  -1.11678e-03  -4.59625e-04   7.31452e-04  -1.07929e-03


--- Monitor Dirichlet boundary condition 129 
          step          time      ref_area     curr_area           f_x           f_y           f_z           m_x           m_y          m_z
             1   1.00000e+00   0.00000e+00   0.00000e+00   8.45985e-04  -1.24528e-03   1.34015e-03   6.28912e-04  -8.35480e-04  -1.17334e-03


--- Monitor Dirichlet boundary condition 130 
          step          time      ref_area     curr_area           f_x           f_y           f_z           m_x           m_y          m_z
             1   1.00000e+00   0.00000e+00   0.00000e+00   8.45985e-04  -1.24528e-03  -1.34015e-03  -5.89997e-04   8.61917e-04  -1.17334e-03


--- Monitor Dirichlet boundary condition 131 
          step          time      ref_area     curr_area           f_x           f_y           f_z           m_x           m_y          m_z
             1   1.00000e+00   0.00000e+00   0.00000e+00   3.59459e-06  -1.91735e-03   1.57052e-03   7.86600e-04  -9.79534e-04  -1.19765e-03


--- Monitor Dirichlet boundary condition 132 
          step          time      ref_area     curr_area           f_x           f_y           f_z           m_x           m_y          m_z
             1   1.00000e+00   0.00000e+00   0.00000e+00   3.59459e-06  -1.91735e-03  -1.57052e-03  -7.26683e-04   9.79646e-04  -1.19765e-03


--- Monitor Dirichlet boundary condition 133 
          step          time      ref_area     curr_area           f_x           f_y           f_z           m_x           m_y          m_z
             1   1.00000e+00   0.00000e+00   0.00000e+00  -4.84744e-04  -1.92507e-03   1.67653e-03   8.92565e-04  -1.04615e-03  -9.43157e-04


--- Monitor Dirichlet boundary condition 134 
          step          time      ref_area     curr_area           f_x           f_y           f_z           m_x           m_y          m_z
             1   1.00000e+00   0.00000e+00   0.00000e+00  -4.84744e-04  -1.92507e-03  -1.67653e-03  -8.32407e-04   1.03100e-03  -9.43157e-04


--- Monitor Dirichlet boundary condition 135 
          step          time      ref_area     curr_area           f_x           f_y           f_z           m_x           m_y          m_z
             1   1.00000e+00   0.00000e+00   0.00000e+00  -1.07429e-03  -2.28981e-03   1.78045e-03   1.00402e-03  -1.11158e-03  -8.23771e-04


--- Monitor Dirichlet boundary condition 136 
          step          time      ref_area     curr_area           f_x           f_y           f_z           m_x           m_y          m_z
             1   1.00000e+00   0.00000e+00   0.00000e+00  -1.07429e-03  -2.28981e-03  -1.78045e-03  -9.32465e-04   1.07801e-03  -8.23771e-04


--- Monitor Dirichlet boundary condition 137 
          step          time      ref_area     curr_area           f_x           f_y           f_z           m_x           m_y          m_z
             1   1.00000e+00   0.00000e+00   0.00000e+00  -1.40588e-03  -2.26671e-03   1.81775e-03   1.08229e-03  -1.13548e-03  -5.78869e-04


--- Monitor Dirichlet boundary condition 138 
          step          time      ref_area     curr_area           f_x           f_y           f_z           m_x           m_y          m_z
             1   1.00000e+00   0.00000e+00   0.00000e+00  -1.40588e-03  -2.26671e-03  -1.81775e-03  -1.01145e-03   1.09155e-03  -5.78869e-04


--- Monitor Dirichlet boundary condition 139 
          step          time      ref_area     curr_area           f_x           f_y           f_z           m_x           m_y          m_z
             1   1.00000e+00   0.00000e+00   0.00000e+00  -2.06411e-03  -2.65296e-03   1.91381e-03   1.19972e-03  -1.19622e-03  -3.64284e-04


--- Monitor Dirichlet boundary condition 140 
          step          time      ref_area     curr_area           f_x           f_y           f_z           m_x           m_y          m_z
             1   1.00000e+00   0.00000e+00   0.00000e+00  -2.06411e-03  -2.65296e-03  -1.91381e-03  -1.11682e-03   1.13172e-03  -3.64284e-04


--- Monitor Dirichlet boundary condition 141 
          step          time      ref_area     curr_area           f_x           f_y           f_z           m_x           m_y          m_z
             1   1.00000e+00   0.00000e+00   0.00000e+00  -3.04520e-03  -2.82039e-03   1.93451e-03   1.27349e-03  -1.20996e-03   2.40607e-04


--- Monitor Dirichlet boundary condition 142 
          step          time      ref_area     curr_area           f_x           f_y           f_z           m_x           m_y          m_z
             1   1.00000e+00   0.00000e+00   0.00000e+00  -3.04520e-03  -2.82039e-03  -1.93451e-03  -1.18535e-03   1.11480e-03   2.40607e-04


--- Monitor Dirichlet boundary condition 143 
          step          time      ref_area     curr_area           f_x           f_y           f_z           m_x           m_y          m_z
             1   1.00000e+00   0.00000e+00   0.00000e+00  -3.55687e-03  -2.39101e-03   1.86018e-03   1.28287e-03  -1.16416e-03   9.56620e-04


--- Monitor Dirichlet boundary condition 144 
          step          time      ref_area     curr_area           f_x           f_y           f_z           m_x           m_y          m_z
             1   1.00000e+00   0.00000e+00   0.00000e+00  -3.55687e-03  -2.39101e-03  -1.86018e-03  -1.20815e-03   1.05301e-03   9.56620e-04


--- Monitor Dirichlet boundary condition 145 
          step          time      ref_area     curr_area           f_x           f_y           f_z           m_x           m_y          m_z
             1   1.00000e+00   0.00000e+00   0.00000e+00  -4.05327e-03  -2.41548e-03   1.72514e-03   1.24376e-03  -1.08024e-03   1.40973e-03


--- Monitor Dirichlet boundary condition 146 
          step          time      ref_area     curr_area           f_x           f_y           f_z           m_x           m_y          m_z
             1   1.00000e+00   0.00000e+00   0.00000e+00  -4.05327e-03  -2.41548e-03  -1.72514e-03  -1.16828e-03   9.53580e-04   1.40973e-03


--- Monitor Dirichlet boundary condition 147 
          step          time      ref_area     curr_area           f_x           f_y           f_z           m_x           m_y          m_z
             1   1.00000e+00   0.00000e+00   0.00000e+00  -4.34587e-03  -1.88351e-03   1.46585e-03   1.10260e-03  -9.18307e-04   2.08896e-03


--- Monitor Dirichlet boundary condition 148 
          step          time      ref_area     curr_area           f_x           f_y           f_z           m_x           m_y          m_z
             1   1.00000e+00   0.00000e+00   0.00000e+00  -4.34587e-03  -1.88351e-03  -1.46585e-03  -1.04374e-03   7.82498e-04   2.08896e-03


--- Monitor Dirichlet boundary condition 149 
          step          time      ref_area     curr_area           f_x           f_y           f_z           m_x           m_y          m_z
             1   1.00000e+00   0.00000e+00   0.00000e+00  -4.67228e-03  -1.45375e-03   1.19029e-03   9.32417e-04  -7.45959e-04   2.74898e-03


--- Monitor Dirichlet boundary condition 150 
          step          time      ref_area     curr_area           f_x           f_y           f_z           m_x           m_y          m_z
             1   1.00000e+00   0.00000e+00   0.00000e+00  -4.67228e-03  -1.45375e-03  -1.19029e-03  -8.86987e-04   5.99950e-04   2.74898e-03


--- Monitor Dirichlet boundary condition 151 
          step          time      ref_area     curr_area           f_x           f_y           f_z           m_x           m_y          m_z
             1   1.00000e+00   0.00000e+00   0.00000e+00  -4.76787e-03  -6.07076e-04   8.21902e-04   6.69388e-04  -5.15214e-04   3.50258e-03


--- Monitor Dirichlet boundary condition 152 
          step          time      ref_area     curr_area           f_x           f_y           f_z           m_x           m_y          m_z
             1   1.00000e+00   0.00000e+00   0.00000e+00  -4.76787e-03  -6.07076e-04  -8.21902e-04  -6.50417e-04   3.66218e-04   3.50258e-03


--- Monitor Dirichlet boundary condition 153 
          step          time      ref_area     curr_area           f_x           f_y           f_z           m_x           m_y          m_z
             1   1.00000e+00   0.00000e+00   0.00000e+00  -4.34402e-03   2.14046e-04   3.23837e-04   2.73791e-04  -2.03008e-04   3.80687e-03


--- Monitor Dirichlet boundary condition 154 
          step          time      ref_area     curr_area           f_x           f_y           f_z           m_x           m_y          m_z
             1   1.00000e+00   0.00000e+00   0.00000e+00  -4.34402e-03   2.14046e-04  -3.23837e-04  -2.80480e-04   6.72579e-05   3.80687e-03


--- Monitor Dirichlet boundary condition 155 
          step          time      ref_area     curr_area           f_x           f_y           f_z           m_x           m_y          m_z
             1   1.00000e+00   0.00000e+00   0.00000e+00  -3.82146e-03   1.13816e-03  -2.81660e-04  -2.46851e-04   1.76546e-04   4.06260e-03


--- Monitor Dirichlet boundary condition 156 
          step          time      ref_area     curr_area           f_x           f_y           f_z           m_x           m_y          m_z
             1   1.00000e+00   0.00000e+00   0.00000e+00  -3.82146e-03   1.13816e-03   2.81660e-04   2.11284e-04  -2.95967e-04   4.06260e-03


--- Monitor Dirichlet boundary condition 157 
          step          time      ref_area     curr_area           f_x           f_y           f_z           m_x           m_y          m_z
             1   1.00000e+00   0.00000e+00   0.00000e+00  -2.73760e-03   2.48504e-03  -9.98648e-04  -9.06080e-04   6.25734e-04   4.04092e-03


--- Monitor Dirichlet boundary condition 158 
          step          time      ref_area     curr_area           f_x           f_y           f_z           m_x           m_y          m_z
             1   1.00000e+00   0.00000e+00   0.00000e+00  -2.73760e-03   2.48504e-03   9.98648e-04   8.28422e-04  -7.11284e-04   4.04092e-03


--- Monitor Dirichlet boundary condition 159 
          step          time      ref_area     curr_area           f_x           f_y           f_z           m_x           m_y          m_z
             1   1.00000e+00   0.00000e+00   0.00000e+00  -1.19851e-03   3.82179e-03  -1.74219e-03  -1.63446e-03   1.09098e-03   3.51765e-03


--- Monitor Dirichlet boundary condition 160 
          step          time      ref_area     curr_area           f_x           f_y           f_z           m_x           m_y          m_z
             1   1.00000e+00   0.00000e+00   0.00000e+00  -1.19851e-03   3.82179e-03   1.74219e-03   1.51503e-03  -1.12843e-03   3.51765e-03


--- Monitor Dirichlet boundary condition 161 
          step          time      ref_area     curr_area           f_x           f_y           f_z           m_x           m_y          m_z
             1   1.00000e+00   0.00000e+00   0.00000e+00   1.30236e-03   5.49523e-03  -2.40000e-03  -2.32565e-03   1.50159e-03   2.17615e-03


--- Monitor Dirichlet boundary condition 162 
          step          time      ref_area     curr_area           f_x           f_y           f_z           m_x           m_y          m_z
             1   1.00000e+00   0.00000e+00   0.00000e+00   1.30236e-03   5.49523e-03   2.40000e-03   2.15392e-03  -1.46089e-03   2.17615e-03

Checking results of 0 tests:

OK (0)
======================================================================================

                         TimeMonitor results over 1 processor

Timer Name                                                 Global time (num calls)    
--------------------------------------------------------------------------------------
Adapter::StructureTimIntBaseAlgorithm::SetupStructure      1.7431e-02 (1)             
Core::FE::Discretization::Evaluate                         1.2042e-01 (13)            
Core::FE::Discretization::set_state                        4.3199e-04 (48)            
Core::LinAlg::Solver:  0)   translate_solver_parameters    3.7211e-05 (2)             
Core::LinAlg::Solver:  1)   Setup                          1.7768e-03 (4)             
Core::LinAlg::Solver:  2)   Solve                          9.8167e-02 (4)             
Core::LinAlg::SparseMatrix::Complete                       6.5218e-03 (7)             
Core::LinAlg::SparseMatrix::Complete(domain,range)         5.5586e-03 (12)            
Epetra_CrsMatrix::Multiply(TransA,X,Y)                     6.4764e-05 (4)             
Rebalance::rebalance_graph                                 8.1679e-03 (1)             
--------------------------------------------------------------------------------------
Rebalance::rebalance_node_maps                             8.2486e-03 (1)             
======================================================================================

Total wall time for CALCULATION:  4.210e-01 sec 


Memory High Water Mark Summary:		Total
(in GB)					2.1065e-01

processor 0 finished normally
No protocol specified
