
******************************************************
*                                                    *
*                         4C                         *
*                                                    *
*                version 2026.2.0-dev                *
*                                                    *
*                      git SHA1                      *
*      89519cfe76251fc668617c4ab1a70b94fd86ec52      *
*                                                    *
******************************************************

Trilinos Version: f4d64271518 (git SHA1)
Total number of MPI ranks: 1

Number of procs used for redistribution: 1

+--------------------------------------------------------------------+
| fill_complete() on discretization fluid                            |
+--------------------------------------------------------------------+

Number of procs used for redistribution: 1
Redistributing using hypergraph .........

+--------------------------------------------------------------------+
| fill_complete() on discretization scatra                           |
+--------------------------------------------------------------------+
Read/generate conditions                          in....0.00325546 secs

Total wall time for INPUT:        6.700e-02 sec 

###################################################
# YOUR PROBLEM TYPE: Scalar_Transport
###################################################

+--------------------------------------------------------------------+
| fill_complete() on discretization fluid                            |
| assign_degrees_of_freedom() ...                                    |
| initialize_elements() ...                                          |
| boundary_conditions_geometry() ...                                 |
+--------------------------------------------------------------------+

+--------------------------------------------------------------------+
| fill_complete() on discretization scatra                           |
| assign_degrees_of_freedom() ...                                    |
| initialize_elements() ...                                          |
| boundary_conditions_geometry() ...                                 |
+--------------------------------------------------------------------+

+--------------------------------------------------------------------+
| fill_complete() on discretization scatra                           |
| assign_degrees_of_freedom() ...                                    |
| boundary_conditions_geometry() ...                                 |
+--------------------------------------------------------------------+

+--------------------------------------------------------------------+
| fill_complete() on discretization scatra                           |
| assign_degrees_of_freedom() ...                                    |
| boundary_conditions_geometry() ...                                 |
+--------------------------------------------------------------------+
Flux output is performed for 1 scalars: 1 

Normal fluxes at boundary 'ScaTraFluxCalc' on discretization 'scatra':
+----+-----+-------------------------+------------------+--------------------------+
| ID | DOF | Integral of normal flux | Area of boundary | Mean normal flux density |
|  0 |  0  |       +1.7966E-02       |    1.0000E+00    |        +1.7966E-02       |
+----+-----+-------------------------+------------------+--------------------------+
| Sum of all normal flux boundary integrals for scalar 0: +1.79663E-02             |
+----------------------------------------------------------------------------------+

Vtk Files 'scatra-00000' written. Time: 0.00000000000000e+00

TIME:           1/1  DT = 1    Stationary    STEP = 1/1
Solvertype linear_full (ts= 4.935E-03,te= 5.850E-03)

Normal fluxes at boundary 'ScaTraFluxCalc' on discretization 'scatra':
+----+-----+-------------------------+------------------+--------------------------+
| ID | DOF | Integral of normal flux | Area of boundary | Mean normal flux density |
|  0 |  0  |       +7.3005E-02       |    1.0000E+00    |        +7.3005E-02       |
+----+-----+-------------------------+------------------+--------------------------+
| Sum of all normal flux boundary integrals for scalar 0: +7.30046E-02             |
+----------------------------------------------------------------------------------+

Vtk Files 'scatra-00001' written. Time: 1.00000000000000e+00

Checking results of 0 tests:

OK (0)
======================================================================================

                         TimeMonitor results over 1 processor

Timer Name                                                 Global time (num calls)    
--------------------------------------------------------------------------------------
Core::FE::Discretization::Evaluate                         0.01568 (3)                
Core::FE::Discretization::set_state                        9.359e-05 (12)             
Core::LinAlg::Solver:  0)   translate_solver_parameters    2.183e-05 (1)              
Core::LinAlg::Solver:  1)   Setup                          0.0006431 (1)              
Core::LinAlg::Solver:  2)   Solve                          0.004276 (1)               
Core::LinAlg::SparseMatrix::Complete                       0.0001985 (1)              
Core::LinAlg::SparseMatrix::Complete(domain,range)         1.823e-06 (1)              
Rebalance::rebalance_graph                                 0.002856 (1)               
Rebalance::rebalance_node_maps                             0.002907 (1)               
SCATRA:       + apply DBC to system                        3.663e-05 (1)              
--------------------------------------------------------------------------------------
SCATRA:       + element calls                              0.005859 (1)               
SCATRA:       + solver calls                               0.004956 (1)               
SCATRA:      + apply dirich cond.                          0.000382 (2)               
SCATRA:    + output of solution                            0.01036 (2)                
SCATRA:    + prepare time step                             0.000736 (1)               
SCATRA:  + time loop                                       0.02724 (1)                
======================================================================================

Total wall time for CALCULATION:  3.600e-02 sec 


Memory High Water Mark Summary:		Total
(in GB)					1.8019e-01

processor 0 finished normally
No protocol specified
