Kratos Multiphysics - Subdomain B solver
Mesh level: 3
 |  /           |                  
 ' /   __| _` | __|  _ \   __|    
 . \  |   (   | |   (   |\__ \  
_|\_\_|  \__,_|\__|\___/ ____/
           Multi-Physics 10.3."0"-Release-10.3.0-14ee273e-Release-x86_64
           Compiled for GNU/Linux and Python3.12 with GCC-10.2
Compiled with threading and MPI support. Threading support with OpenMP.
Maximum number of threads: 32.
Running without MPI.
Importing    KratosStructuralMechanicsApplication 
    KRATOS   ___|  |                   |                   |
           \___ \  __|  __| |   |  __| __| |   |  __| _` | |
                 | |   |    |   | (    |   |   | |   (   | |
           _____/ \__|_|   \__,_|\___|\__|\__,_|_|  \__,_|_| MECHANICS
Initializing KratosStructuralMechanicsApplication...
Importing    KratosConstitutiveLawsApplication 
Initializing KratosConstitutiveLawsApplication...
Importing    KratosConvectionDiffusionApplication 
 KRATOS ___ ___  _  ___   __   ___ ___ ___ ___ 
       / __/ _ || || | | / /__|   |_ _| __| __|
      | (_| (_) | .` || V /___| |) | || _|| _| 
       |___|___/|_||_| |_/    |___/___|_| |_|  APPLICATION
Traceback (most recent call last):
  File "/home/alexander/Schreibtisch/ofa-v2/campaign3_blind/runs/C2_27b_BARE_seed72/work/level_32/kratos_B.py", line 10, in <module>
    model = Model()
            ^^^^^
NameError: name 'Model' is not defined
Deregistering KratosMultiphysics
Deregistering ConstitutiveLawsApplication
Deregistering StructuralMechanicsApplication
Deregistering ConvectionDiffusionApplication

NDOF = 1089
