NDOF = 255
Wrote deck to deck.4C.yaml
Running: stdbuf -oL -eL /home/alexander/4C/build/4C deck.4C.yaml out

******************************************************
*                                                    *
*                         4C                         *
*                                                    *
*                version 2026.2.0-dev                *
*                                                    *
*                      git SHA1                      *
*      89519cfe76251fc668617c4ab1a70b94fd86ec52      *
*                                                    *
******************************************************

Trilinos Version: f4d64271518 (git SHA1)
Total number of MPI ranks: 1

Number of procs used for redistribution: 1

+--------------------------------------------------------------------+
| fill_complete() on discretization fluid                            |
+--------------------------------------------------------------------+

Number of procs used for redistribution: 1
Redistributing using hypergraph .........

+--------------------------------------------------------------------+
| fill_complete() on discretization scatra                           |
+--------------------------------------------------------------------+
Read/generate conditions                          in....0.00267313 secs

Total wall time for INPUT:        5.300e-02 sec 

###################################################
# YOUR PROBLEM TYPE: Scalar_Transport
###################################################

+--------------------------------------------------------------------+
| fill_complete() on discretization fluid                            |
| assign_degrees_of_freedom() ...                                    |
| initialize_elements() ...                                          |
| boundary_conditions_geometry() ...                                 |
+--------------------------------------------------------------------+

+--------------------------------------------------------------------+
| fill_complete() on discretization scatra                           |
| assign_degrees_of_freedom() ...                                    |
| initialize_elements() ...                                          |
| boundary_conditions_geometry() ...                                 |
+--------------------------------------------------------------------+

+--------------------------------------------------------------------+
| fill_complete() on discretization scatra                           |
| assign_degrees_of_freedom() ...                                    |
| boundary_conditions_geometry() ...                                 |
+--------------------------------------------------------------------+

+--------------------------------------------------------------------+
| fill_complete() on discretization scatra                           |
| assign_degrees_of_freedom() ...                                    |
| boundary_conditions_geometry() ...                                 |
+--------------------------------------------------------------------+
Flux output is performed for 1 scalars: 1 

Normal fluxes at boundary 'ScaTraFluxCalc' on discretization 'scatra':
+----+-----+-------------------------+------------------+--------------------------+
| ID | DOF | Integral of normal flux | Area of boundary | Mean normal flux density |
|  0 |  0  |       -1.8678E-02       |    1.0000E+00    |        -1.8678E-02       |
+----+-----+-------------------------+------------------+--------------------------+
| Sum of all normal flux boundary integrals for scalar 0: -1.86778E-02             |
+----------------------------------------------------------------------------------+

Vtk Files 'scatra-00000' written. Time: 0.00000000000000e+00

TIME:           1/1  DT = 1    Stationary    STEP = 1/1
Solvertype linear_full (ts= 2.385E-03,te= 2.047E-03)

Normal fluxes at boundary 'ScaTraFluxCalc' on discretization 'scatra':
+----+-----+-------------------------+------------------+--------------------------+
| ID | DOF | Integral of normal flux | Area of boundary | Mean normal flux density |
|  0 |  0  |       +1.3310E-02       |    1.0000E+00    |        +1.3310E-02       |
+----+-----+-------------------------+------------------+--------------------------+
| Sum of all normal flux boundary integrals for scalar 0: +1.33105E-02             |
+----------------------------------------------------------------------------------+

Vtk Files 'scatra-00001' written. Time: 1.00000000000000e+00

Checking results of 0 tests:

OK (0)
======================================================================================

                         TimeMonitor results over 1 processor

Timer Name                                                 Global time (num calls)    
--------------------------------------------------------------------------------------
Core::FE::Discretization::Evaluate                         0.005749 (3)               
Core::FE::Discretization::set_state                        4.093e-05 (12)             
Core::LinAlg::Solver:  0)   translate_solver_parameters    4.205e-05 (1)              
Core::LinAlg::Solver:  1)   Setup                          0.0005535 (1)              
Core::LinAlg::Solver:  2)   Solve                          0.001822 (1)               
Core::LinAlg::SparseMatrix::Complete                       7.229e-05 (1)              
Core::LinAlg::SparseMatrix::Complete(domain,range)         8.52e-07 (1)               
Rebalance::rebalance_graph                                 0.001589 (1)               
Rebalance::rebalance_node_maps                             0.00163 (1)                
SCATRA:       + apply DBC to system                        1.42e-05 (1)               
--------------------------------------------------------------------------------------
SCATRA:       + element calls                              0.002052 (1)               
SCATRA:       + solver calls                               0.002395 (1)               
SCATRA:      + apply dirich cond.                          0.0001061 (2)              
SCATRA:    + output of solution                            0.005172 (2)               
SCATRA:    + prepare time step                             0.0002385 (1)              
SCATRA:  + time loop                                       0.01183 (1)                
======================================================================================

Total wall time for CALCULATION:  1.900e-02 sec 


Memory High Water Mark Summary:		Total
(in GB)					1.7996e-01

processor 0 finished normally

Reading solution from out-vtk-files/scatra-00001-0.vtu
Wrote exports.json
Wrote field_level2.csv and interface_level2.csv
NDOF = 255
4C Neumann participant: NDOF = 255 max|u| = 3.743827e-02
