iteration: 41
command: ["/home/alexander/miniconda3/envs/dune-py313/bin/python", "participant.py"]
returncode: 0
--- stdout ---
Wrote deck to deck.4C.yaml
Running: stdbuf -oL -eL /home/alexander/4C/build/4C deck.4C.yaml out

******************************************************
*                                                    *
*                         4C                         *
*                                                    *
*                version 2026.2.0-dev                *
*                                                    *
*                      git SHA1                      *
*      89519cfe76251fc668617c4ab1a70b94fd86ec52      *
*                                                    *
******************************************************

Trilinos Version: f4d64271518 (git SHA1)
Total number of MPI ranks: 1

Number of procs used for redistribution: 1

+--------------------------------------------------------------------+
| fill_complete() on discretization fluid                            |
+--------------------------------------------------------------------+

Number of procs used for redistribution: 1
Redistributing using hypergraph .........

+--------------------------------------------------------------------+
| fill_complete() on discretization scatra                           |
+--------------------------------------------------------------------+
Read/generate conditions                          in....0.00251257 secs

Total wall time for INPUT:        5.300e-02 sec 

###################################################
# YOUR PROBLEM TYPE: Scalar_Transport
###################################################

+--------------------------------------------------------------------+
| fill_complete() on discretization fluid                            |
| assign_degrees_of_freedom() ...                                    |
| initialize_elements() ...                                          |
| boundary_conditions_geometry() ...                                 |
+--------------------------------------------------------------------+

+--------------------------------------------------------------------+
| fill_complete() on discretization scatra                           |
| assign_degrees_of_freedom() ...                                    |
| initialize_elements() ...                                          |
| boundary_conditions_geometry() ...                                 |
+--------------------------------------------------------------------+

+--------------------------------------------------------------------+
| fill_complete() on discretization scatra                           |
| assign_degrees_of_freedom() ...                                    |
| boundary_conditions_geometry() ...                                 |
+--------------------------------------------------------------------+

+--------------------------------------------------------------------+
| fill_complete() on discretization scatra                           |
| assign_degrees_of_freedom() ...                                    |
| boundary_conditions_geometry() ...                                 |
+--------------------------------------------------------------------+
Flux output is performed for 1 scalars: 1 

Normal fluxes at boundary 'ScaTraFluxCalc' on discretization 'scatra':
+----+-----+-------------------------+------------------+--------------------------+
| ID | DOF | Integral of normal flux | Area of boundary | Mean normal flux density |
|  0 |  0  |       -3.6915E-02       |    1.0000E+00    |        -3.6915E-02       |
+----+-----+-------------------------+------------------+--------------------------+
| Sum of all normal flux boundary integrals for scalar 0: -3.69147E-02             |
+----------------------------------------------------------------------------------+

Vtk Files 'scatra-00000' written. Time: 0.00000000000000e+00

TIME:           1/1  DT = 1    Stationary    STEP = 1/1
Solvertype linear_full (ts= 1.621E-03,te= 5.693E-04)

Normal fluxes at boundary 'ScaTraFluxCalc' on discretization 'scatra':
+----+-----+-------------------------+------------------+--------------------------+
| ID | DOF | Integral of normal flux | Area of boundary | Mean normal flux density |
|  0 |  0  |       +1.0072E-02       |    1.0000E+00    |        +1.0072E-02       |
+----+-----+-------------------------+------------------+--------------------------+
| Sum of all normal flux boundary integrals for scalar 0: +1.00722E-02             |
+----------------------------------------------------------------------------------+

Vtk Files 'scatra-00001' written. Time: 1.00000000000000e+00

Checking results of 0 tests:

OK (0)
======================================================================================

                         TimeMonitor results over 1 processor

Timer Name                                                 Global time (num calls)    
--------------------------------------------------------------------------------------
Core::FE::Discretization::Evaluate                         0.00166 (3)                
Core::FE::Discretization::set_state                        3.063e-05 (12)             
Core::LinAlg::Solver:  0)   translate_solver_parameters    1.589e-05 (1)              
Core::LinAlg::Solver:  1)   Setup                          0.0005549 (1)              
Core::LinAlg::Solver:  2)   Solve                          0.001057 (1)               
Core::LinAlg::SparseMatrix::Complete                       3.665e-05 (1)              
Core::LinAlg::SparseMatrix::Complete(domain,range)         7.51e-07 (1)               
Rebalance::rebalance_graph                                 0.001203 (1)               
Rebalance::rebalance_node_maps                             0.001242 (1)               
SCATRA:       + apply DBC to system                        1.031e-05 (1)              
--------------------------------------------------------------------------------------
SCATRA:       + element calls                              0.0005734 (1)              
SCATRA:       + solver calls                               0.001629 (1)               
SCATRA:      + apply dirich cond.                          6.653e-05 (2)              
SCATRA:    + output of solution                            0.002992 (2)               
SCATRA:    + prepare time step                             0.0001262 (1)              
SCATRA:  + time loop                                       0.005997 (1)               
======================================================================================

Total wall time for CALCULATION:  1.000e-02 sec 


Memory High Water Mark Summary:		Total
(in GB)					1.7949e-01

processor 0 finished normally

Reading solution from out-vtk-files/scatra-00001-0.vtu
Wrote exports.json
Wrote field_level1.csv and interface_level1.csv
NDOF = 72
4C Neumann participant: NDOF = 72 max|u| = 3.850493e-02

--- stderr ---
No protocol specified


