
******************************************************
*                                                    *
*                         4C                         *
*                                                    *
*                version 2026.2.0-dev                *
*                                                    *
*                      git SHA1                      *
*      89519cfe76251fc668617c4ab1a70b94fd86ec52      *
*                                                    *
******************************************************

Trilinos Version: f4d64271518 (git SHA1)
Total number of MPI ranks: 1

Number of procs used for redistribution: 1

+--------------------------------------------------------------------+
| fill_complete() on discretization fluid                            |
+--------------------------------------------------------------------+

Number of procs used for redistribution: 1
Redistributing using hypergraph .........

+--------------------------------------------------------------------+
| fill_complete() on discretization scatra                           |
+--------------------------------------------------------------------+
Read/generate conditions                          in....0.00270112 secs

Total wall time for INPUT:        5.700e-02 sec 

###################################################
# YOUR PROBLEM TYPE: Scalar_Transport
###################################################

+--------------------------------------------------------------------+
| fill_complete() on discretization fluid                            |
| assign_degrees_of_freedom() ...                                    |
| initialize_elements() ...                                          |
| boundary_conditions_geometry() ...                                 |
+--------------------------------------------------------------------+

+--------------------------------------------------------------------+
| fill_complete() on discretization scatra                           |
| assign_degrees_of_freedom() ...                                    |
| initialize_elements() ...                                          |
| boundary_conditions_geometry() ...                                 |
+--------------------------------------------------------------------+

+--------------------------------------------------------------------+
| fill_complete() on discretization scatra                           |
| assign_degrees_of_freedom() ...                                    |
| boundary_conditions_geometry() ...                                 |
+--------------------------------------------------------------------+

+--------------------------------------------------------------------+
| fill_complete() on discretization scatra                           |
| assign_degrees_of_freedom() ...                                    |
| boundary_conditions_geometry() ...                                 |
+--------------------------------------------------------------------+

Vtk Files 'scatra-00000' written. Time: 0.00000000000000e+00

TIME:           1/1  DT = 1    Stationary    STEP = 1/1
Solvertype linear_full (ts= 4.487E-03,te= 3.973E-03)

Vtk Files 'scatra-00001' written. Time: 1.00000000000000e+00

Checking results of 0 tests:

OK (0)
======================================================================================

                         TimeMonitor results over 1 processor

Timer Name                                                 Global time (num calls)    
--------------------------------------------------------------------------------------
Core::FE::Discretization::Evaluate                         0.003648 (1)               
Core::FE::Discretization::set_state                        3.61e-05 (8)               
Core::LinAlg::Solver:  0)   translate_solver_parameters    2.396e-05 (1)              
Core::LinAlg::Solver:  1)   Setup                          0.0005405 (1)              
Core::LinAlg::Solver:  2)   Solve                          0.003937 (1)               
Core::LinAlg::SparseMatrix::Complete                       0.0001558 (1)              
Rebalance::rebalance_graph                                 0.0026 (1)                 
Rebalance::rebalance_node_maps                             0.002651 (1)               
SCATRA:       + apply DBC to system                        2.252e-05 (1)              
SCATRA:       + element calls                              0.003978 (1)               
--------------------------------------------------------------------------------------
SCATRA:       + solver calls                               0.004494 (1)               
SCATRA:      + apply dirich cond.                          0.0002014 (2)              
SCATRA:    + output of solution                            0.002749 (2)               
SCATRA:    + prepare time step                             0.0005269 (1)              
SCATRA:  + time loop                                       0.01181 (1)                
======================================================================================

Total wall time for CALCULATION:  2.000e-02 sec 


Memory High Water Mark Summary:		Total
(in GB)					1.7802e-01

processor 0 finished normally
Invalid MIT-MAGIC-COOKIE-1 key
NDOF = 693
