Probe points A: 1936
Probe points B: 1936
Interface probe points: 22

============================================================
LEVEL 1: n_divisions = 8
============================================================
A: nx=5, ny=8 | B: nx=7, ny=8
Iteration 1/100
Subdomain A: nx=5, ny=8, h=1/8
Number of nodes: 54
Number of elements: 40
No imports.json found (first iteration)
Wrote 4C input to /tmp/coupled_heat_final/level_1/subdomain_A/subdomain_A.4C.yaml

******************************************************
*                                                    *
*                         4C                         *
*                                                    *
*                version 2026.2.0-dev                *
*                                                    *
*                      git SHA1                      *
*      89519cfe76251fc668617c4ab1a70b94fd86ec52      *
*                                                    *
******************************************************

Trilinos Version: f4d64271518 (git SHA1)
Total number of MPI ranks: 1

Number of procs used for redistribution: 1

+--------------------------------------------------------------------+
| fill_complete() on discretization fluid                            |
+--------------------------------------------------------------------+

Number of procs used for redistribution: 1
Redistributing using hypergraph .........

+--------------------------------------------------------------------+
| fill_complete() on discretization scatra                           |
+--------------------------------------------------------------------+
Read/generate conditions                          in....0.00243763 secs

Total wall time for INPUT:        5.300e-02 sec 

###################################################
# YOUR PROBLEM TYPE: Scalar_Transport
###################################################

+--------------------------------------------------------------------+
| fill_complete() on discretization fluid                            |
| assign_degrees_of_freedom() ...                                    |
| initialize_elements() ...                                          |
| boundary_conditions_geometry() ...                                 |
+--------------------------------------------------------------------+

+--------------------------------------------------------------------+
| fill_complete() on discretization scatra                           |
| assign_degrees_of_freedom() ...                                    |
| initialize_elements() ...                                          |
| boundary_conditions_geometry() ...                                 |
+--------------------------------------------------------------------+

+--------------------------------------------------------------------+
| fill_complete() on discretization scatra                           |
| assign_degrees_of_freedom() ...                                    |
| boundary_conditions_geometry() ...                                 |
+--------------------------------------------------------------------+

+--------------------------------------------------------------------+
| fill_complete() on discretization scatra                           |
| assign_degrees_of_freedom() ...                                    |
| boundary_conditions_geometry() ...                                 |
+--------------------------------------------------------------------+

Vtk Files 'scatra-00000' written. Time: 0.00000000000000e+00

TIME:           1/1  DT = 1    Stationary    STEP = 1/1
Solvertype linear_full (ts= 1.492E-03,te= 5.852E-04)

Vtk Files 'scatra-00001' written. Time: 1.00000000000000e+00

Checking results of 0 tests:

OK (0)
======================================================================================

                         TimeMonitor results over 1 processor

Timer Name                                                 Global time (num calls)    
--------------------------------------------------------------------------------------
Core::FE::Discretization::Evaluate                         0.0004684 (1)              
Core::FE::Discretization::set_state                        2.474e-05 (8)              
Core::LinAlg::Solver:  0)   translate_solver_parameters    2.202e-05 (1)              
Core::LinAlg::Solver:  1)   Setup                          0.0005164 (1)              
Core::LinAlg::Solver:  2)   Solve                          0.0009605 (1)              
Core::LinAlg::SparseMatrix::Complete                       3.118e-05 (1)              
Rebalance::rebalance_graph                                 0.00114 (1)                
Rebalance::rebalance_node_maps                             0.001185 (1)               
SCATRA:       + apply DBC to system                        8.547e-06 (1)              
SCATRA:       + element calls                              0.00059 (1)                
--------------------------------------------------------------------------------------
SCATRA:       + solver calls                               0.001498 (1)               
SCATRA:      + apply dirich cond.                          5.361e-05 (2)              
SCATRA:    + output of solution                            0.002096 (2)               
SCATRA:    + prepare time step                             0.000112 (1)               
SCATRA:  + time loop                                       0.004347 (1)               
======================================================================================

Total wall time for CALCULATION:  7.000e-03 sec 


Memory High Water Mark Summary:		Total
(in GB)					1.7709e-01

processor 0 finished normally

4C exit code: 0
Reading results from /tmp/coupled_heat_final/level_1/subdomain_A/result_A-vtk-files/scatra-00001-0.vtu
Solution: min=0.000000, max=0.090367
Wrote exports.json with 9 interface points
Interface flux: min=-0.022129, max=-0.000000
NDOF = 54

Subdomain B: nx=7, ny=8, h=1/8
Number of nodes: 72
Number of elements: 112
Stiffness matrix assembled
Interface nodes: 9, Dirichlet nodes: 21
No imports.json found (first iteration)
Interior nodes: 42
Solution computed: min=-0.000042, max=0.000126
Exported 9 interface points
Interface temperature: min=0.000000, max=0.000000
Interface flux: min=-0.058895, max=0.149943
NDOF = 72

Residual: inf
Iteration 2/100
Subdomain A: nx=5, ny=8, h=1/8
Number of nodes: 54
Number of elements: 40
Received 9 temperature values from partner B
Wrote 4C input to /tmp/coupled_heat_final/level_1/subdomain_A/subdomain_A.4C.yaml

******************************************************
*                                                    *
*                         4C                         *
*                                                    *
*                version 2026.2.0-dev                *
*                                                    *
*                      git SHA1                      *
*      89519cfe76251fc668617c4ab1a70b94fd86ec52      *
*                                                    *
******************************************************

Trilinos Version: f4d64271518 (git SHA1)
Total number of MPI ranks: 1

Number of procs used for redistribution: 1

+--------------------------------------------------------------------+
| fill_complete() on discretization fluid                            |
+--------------------------------------------------------------------+

Number of procs used for redistribution: 1
Redistributing using hypergraph .........

+--------------------------------------------------------------------+
| fill_complete() on discretization scatra                           |
+--------------------------------------------------------------------+
Read/generate conditions                          in....0.00247172 secs

Total wall time for INPUT:        4.900e-02 sec 

###################################################
# YOUR PROBLEM TYPE: Scalar_Transport
###################################################

+--------------------------------------------------------------------+
| fill_complete() on discretization fluid                            |
| assign_degrees_of_freedom() ...                                    |
| initialize_elements() ...                                          |
| boundary_conditions_geometry() ...                                 |
+--------------------------------------------------------------------+

+--------------------------------------------------------------------+
| fill_complete() on discretization scatra                           |
| assign_degrees_of_freedom() ...                                    |
| initialize_elements() ...                                          |
| boundary_conditions_geometry() ...                                 |
+--------------------------------------------------------------------+

+--------------------------------------------------------------------+
| fill_complete() on discretization scatra                           |
| assign_degrees_of_freedom() ...                                    |
| boundary_conditions_geometry() ...                                 |
+--------------------------------------------------------------------+

+--------------------------------------------------------------------+
| fill_complete() on discretization scatra                           |
| assign_degrees_of_freedom() ...                                    |
| boundary_conditions_geometry() ...                                 |
+--------------------------------------------------------------------+

Vtk Files 'scatra-00000' written. Time: 0.00000000000000e+00

TIME:           1/1  DT = 1    Stationary    STEP = 1/1
Solvertype linear_full (ts= 1.480E-03,te= 5.720E-04)

Vtk Files 'scatra-00001' written. Time: 1.00000000000000e+00

Checking results of 0 tests:

OK (0)
======================================================================================

                         TimeMonitor results over 1 processor

Timer Name                                                 Global time (num calls)    
--------------------------------------------------------------------------------------
Core::FE::Discretization::Evaluate                         0.0004526 (1)              
Core::FE::Discretization::set_state                        2.457e-05 (8)              
Core::LinAlg::Solver:  0)   translate_solver_parameters    2.185e-05 (1)              
Core::LinAlg::Solver:  1)   Setup                          0.0005214 (1)              
Core::LinAlg::Solver:  2)   Solve                          0.0009499 (1)              
Core::LinAlg::SparseMatrix::Complete                       3.123e-05 (1)              
Rebalance::rebalance_graph                                 0.001112 (1)               
Rebalance::rebalance_node_maps                             0.001157 (1)               
SCATRA:       + apply DBC to system                        9.377e-06 (1)              
SCATRA:       + element calls                              0.0005776 (1)              
--------------------------------------------------------------------------------------
SCATRA:       + solver calls                               0.001486 (1)               
SCATRA:      + apply dirich cond.                          8.414e-05 (2)              
SCATRA:    + output of solution                            0.002105 (2)               
SCATRA:    + prepare time step                             0.0001634 (1)              
SCATRA:  + time loop                                       0.004381 (1)               
======================================================================================

Total wall time for CALCULATION:  7.000e-03 sec 


Memory High Water Mark Summary:		Total
(in GB)					1.7693e-01

processor 0 finished normally

4C exit code: 0
Reading results from /tmp/coupled_heat_final/level_1/subdomain_A/result_A-vtk-files/scatra-00001-0.vtu
Solution: min=0.000000, max=0.090367
Wrote exports.json with 9 interface points
Interface flux: min=-0.022129, max=-0.000000
NDOF = 54

Subdomain B: nx=7, ny=8, h=1/8
Number of nodes: 72
Number of elements: 112
Stiffness matrix assembled
Interface nodes: 9, Dirichlet nodes: 21
Received 9 flux values from partner A
Interior nodes: 42
Solution computed: min=-0.000042, max=0.000126
Exported 9 interface points
Interface temperature: min=0.000000, max=0.000000
Interface flux: min=-0.058895, max=0.149943
NDOF = 72

Residual: 0.000000e+00
Converged after 2 iterations!
Level 1 complete. Final residual: 0.000000e+00

============================================================
LEVEL 2: n_divisions = 16
============================================================
A: nx=10, ny=16 | B: nx=14, ny=16
Iteration 1/100
Subdomain A: nx=10, ny=16, h=1/16
Number of nodes: 187
Number of elements: 160
No imports.json found (first iteration)
Wrote 4C input to /tmp/coupled_heat_final/level_2/subdomain_A/subdomain_A.4C.yaml

******************************************************
*                                                    *
*                         4C                         *
*                                                    *
*                version 2026.2.0-dev                *
*                                                    *
*                      git SHA1                      *
*      89519cfe76251fc668617c4ab1a70b94fd86ec52      *
*                                                    *
******************************************************

Trilinos Version: f4d64271518 (git SHA1)
Total number of MPI ranks: 1

Number of procs used for redistribution: 1

+--------------------------------------------------------------------+
| fill_complete() on discretization fluid                            |
+--------------------------------------------------------------------+

Number of procs used for redistribution: 1
Redistributing using hypergraph .........

+--------------------------------------------------------------------+
| fill_complete() on discretization scatra                           |
+--------------------------------------------------------------------+
Read/generate conditions                          in....0.00247647 secs

Total wall time for INPUT:        5.100e-02 sec 

###################################################
# YOUR PROBLEM TYPE: Scalar_Transport
###################################################

+--------------------------------------------------------------------+
| fill_complete() on discretization fluid                            |
| assign_degrees_of_freedom() ...                                    |
| initialize_elements() ...                                          |
| boundary_conditions_geometry() ...                                 |
+--------------------------------------------------------------------+

+--------------------------------------------------------------------+
| fill_complete() on discretization scatra                           |
| assign_degrees_of_freedom() ...                                    |
| initialize_elements() ...                                          |
| boundary_conditions_geometry() ...                                 |
+--------------------------------------------------------------------+

+--------------------------------------------------------------------+
| fill_complete() on discretization scatra                           |
| assign_degrees_of_freedom() ...                                    |
| boundary_conditions_geometry() ...                                 |
+--------------------------------------------------------------------+

+--------------------------------------------------------------------+
| fill_complete() on discretization scatra                           |
| assign_degrees_of_freedom() ...                                    |
| boundary_conditions_geometry() ...                                 |
+--------------------------------------------------------------------+

Vtk Files 'scatra-00000' written. Time: 0.00000000000000e+00

TIME:           1/1  DT = 1    Stationary    STEP = 1/1
Solvertype linear_full (ts= 2.070E-03,te= 1.246E-03)

Vtk Files 'scatra-00001' written. Time: 1.00000000000000e+00

Checking results of 0 tests:

OK (0)
======================================================================================

                         TimeMonitor results over 1 processor

Timer Name                                                 Global time (num calls)    
--------------------------------------------------------------------------------------
Core::FE::Discretization::Evaluate                         0.001081 (1)               
Core::FE::Discretization::set_state                        2.829e-05 (8)              
Core::LinAlg::Solver:  0)   translate_solver_parameters    2.222e-05 (1)              
Core::LinAlg::Solver:  1)   Setup                          0.0005175 (1)              
Core::LinAlg::Solver:  2)   Solve                          0.001544 (1)               
Core::LinAlg::SparseMatrix::Complete                       5.877e-05 (1)              
Rebalance::rebalance_graph                                 0.001426 (1)               
Rebalance::rebalance_node_maps                             0.001471 (1)               
SCATRA:       + apply DBC to system                        1.131e-05 (1)              
SCATRA:       + element calls                              0.001251 (1)               
--------------------------------------------------------------------------------------
SCATRA:       + solver calls                               0.002078 (1)               
SCATRA:      + apply dirich cond.                          8.052e-05 (2)              
SCATRA:    + output of solution                            0.001746 (2)               
SCATRA:    + prepare time step                             0.000198 (1)               
SCATRA:  + time loop                                       0.005318 (1)               
======================================================================================

Total wall time for CALCULATION:  9.000e-03 sec 


Memory High Water Mark Summary:		Total
(in GB)					1.7768e-01

processor 0 finished normally

4C exit code: 0
Reading results from /tmp/coupled_heat_final/level_2/subdomain_A/result_A-vtk-files/scatra-00001-0.vtu
Solution: min=0.000000, max=0.089721
Wrote exports.json with 17 interface points
Interface flux: min=-0.010927, max=-0.000000
NDOF = 187

Subdomain B: nx=14, ny=16, h=1/16
Number of nodes: 255
Number of elements: 448
Stiffness matrix assembled
Interface nodes: 17, Dirichlet nodes: 43
No imports.json found (first iteration)
Interior nodes: 195
Solution computed: min=-0.000044, max=0.000129
Exported 17 interface points
Interface temperature: min=0.000000, max=0.000000
Interface flux: min=-0.084621, max=0.189287
NDOF = 255

Residual: inf
Iteration 2/100
Subdomain A: nx=10, ny=16, h=1/16
Number of nodes: 187
Number of elements: 160
Received 17 temperature values from partner B
Wrote 4C input to /tmp/coupled_heat_final/level_2/subdomain_A/subdomain_A.4C.yaml

******************************************************
*                                                    *
*                         4C                         *
*                                                    *
*                version 2026.2.0-dev                *
*                                                    *
*                      git SHA1                      *
*      89519cfe76251fc668617c4ab1a70b94fd86ec52      *
*                                                    *
******************************************************

Trilinos Version: f4d64271518 (git SHA1)
Total number of MPI ranks: 1

Number of procs used for redistribution: 1

+--------------------------------------------------------------------+
| fill_complete() on discretization fluid                            |
+--------------------------------------------------------------------+

Number of procs used for redistribution: 1
Redistributing using hypergraph .........

+--------------------------------------------------------------------+
| fill_complete() on discretization scatra                           |
+--------------------------------------------------------------------+
Read/generate conditions                          in....0.00247565 secs

Total wall time for INPUT:        5.100e-02 sec 

###################################################
# YOUR PROBLEM TYPE: Scalar_Transport
###################################################

+--------------------------------------------------------------------+
| fill_complete() on discretization fluid                            |
| assign_degrees_of_freedom() ...                                    |
| initialize_elements() ...                                          |
| boundary_conditions_geometry() ...                                 |
+--------------------------------------------------------------------+

+--------------------------------------------------------------------+
| fill_complete() on discretization scatra                           |
| assign_degrees_of_freedom() ...                                    |
| initialize_elements() ...                                          |
| boundary_conditions_geometry() ...                                 |
+--------------------------------------------------------------------+

+--------------------------------------------------------------------+
| fill_complete() on discretization scatra                           |
| assign_degrees_of_freedom() ...                                    |
| boundary_conditions_geometry() ...                                 |
+--------------------------------------------------------------------+

+--------------------------------------------------------------------+
| fill_complete() on discretization scatra                           |
| assign_degrees_of_freedom() ...                                    |
| boundary_conditions_geometry() ...                                 |
+--------------------------------------------------------------------+

Vtk Files 'scatra-00000' written. Time: 0.00000000000000e+00

TIME:           1/1  DT = 1    Stationary    STEP = 1/1
Solvertype linear_full (ts= 2.096E-03,te= 1.240E-03)

Vtk Files 'scatra-00001' written. Time: 1.00000000000000e+00

Checking results of 0 tests:

OK (0)
======================================================================================

                         TimeMonitor results over 1 processor

Timer Name                                                 Global time (num calls)    
--------------------------------------------------------------------------------------
Core::FE::Discretization::Evaluate                         0.001079 (1)               
Core::FE::Discretization::set_state                        2.837e-05 (8)              
Core::LinAlg::Solver:  0)   translate_solver_parameters    1.573e-05 (1)              
Core::LinAlg::Solver:  1)   Setup                          0.0005337 (1)              
Core::LinAlg::Solver:  2)   Solve                          0.001552 (1)               
Core::LinAlg::SparseMatrix::Complete                       5.493e-05 (1)              
Rebalance::rebalance_graph                                 0.001418 (1)               
Rebalance::rebalance_node_maps                             0.001454 (1)               
SCATRA:       + apply DBC to system                        1.179e-05 (1)              
SCATRA:       + element calls                              0.001245 (1)               
--------------------------------------------------------------------------------------
SCATRA:       + solver calls                               0.002103 (1)               
SCATRA:      + apply dirich cond.                          8.828e-05 (2)              
SCATRA:    + output of solution                            0.001825 (2)               
SCATRA:    + prepare time step                             0.0002076 (1)              
SCATRA:  + time loop                                       0.005422 (1)               
======================================================================================

Total wall time for CALCULATION:  9.000e-03 sec 


Memory High Water Mark Summary:		Total
(in GB)					1.7696e-01

processor 0 finished normally

4C exit code: 0
Reading results from /tmp/coupled_heat_final/level_2/subdomain_A/result_A-vtk-files/scatra-00001-0.vtu
Solution: min=0.000000, max=0.089721
Wrote exports.json with 17 interface points
Interface flux: min=-0.010927, max=-0.000000
NDOF = 187

Subdomain B: nx=14, ny=16, h=1/16
Number of nodes: 255
Number of elements: 448
Stiffness matrix assembled
Interface nodes: 17, Dirichlet nodes: 43
Received 17 flux values from partner A
Interior nodes: 195
Solution computed: min=-0.000044, max=0.000129
Exported 17 interface points
Interface temperature: min=0.000000, max=0.000000
Interface flux: min=-0.084621, max=0.189287
NDOF = 255

Residual: 0.000000e+00
Converged after 2 iterations!
Level 2 complete. Final residual: 0.000000e+00

============================================================
LEVEL 3: n_divisions = 32
============================================================
A: nx=20, ny=32 | B: nx=28, ny=32
Iteration 1/100
Subdomain A: nx=20, ny=32, h=1/32
Number of nodes: 693
Number of elements: 640
No imports.json found (first iteration)
Wrote 4C input to /tmp/coupled_heat_final/level_3/subdomain_A/subdomain_A.4C.yaml

******************************************************
*                                                    *
*                         4C                         *
*                                                    *
*                version 2026.2.0-dev                *
*                                                    *
*                      git SHA1                      *
*      89519cfe76251fc668617c4ab1a70b94fd86ec52      *
*                                                    *
******************************************************

Trilinos Version: f4d64271518 (git SHA1)
Total number of MPI ranks: 1

Number of procs used for redistribution: 1

+--------------------------------------------------------------------+
| fill_complete() on discretization fluid                            |
+--------------------------------------------------------------------+

Number of procs used for redistribution: 1
Redistributing using hypergraph .........

+--------------------------------------------------------------------+
| fill_complete() on discretization scatra                           |
+--------------------------------------------------------------------+
Read/generate conditions                          in....0.00280636 secs

Total wall time for INPUT:        7.100e-02 sec 

###################################################
# YOUR PROBLEM TYPE: Scalar_Transport
###################################################

+--------------------------------------------------------------------+
| fill_complete() on discretization fluid                            |
| assign_degrees_of_freedom() ...                                    |
| initialize_elements() ...                                          |
| boundary_conditions_geometry() ...                                 |
+--------------------------------------------------------------------+

+--------------------------------------------------------------------+
| fill_complete() on discretization scatra                           |
| assign_degrees_of_freedom() ...                                    |
| initialize_elements() ...                                          |
| boundary_conditions_geometry() ...                                 |
+--------------------------------------------------------------------+

+--------------------------------------------------------------------+
| fill_complete() on discretization scatra                           |
| assign_degrees_of_freedom() ...                                    |
| boundary_conditions_geometry() ...                                 |
+--------------------------------------------------------------------+

+--------------------------------------------------------------------+
| fill_complete() on discretization scatra                           |
| assign_degrees_of_freedom() ...                                    |
| boundary_conditions_geometry() ...                                 |
+--------------------------------------------------------------------+

Vtk Files 'scatra-00000' written. Time: 0.00000000000000e+00

TIME:           1/1  DT = 1    Stationary    STEP = 1/1
Solvertype linear_full (ts= 4.444E-03,te= 3.972E-03)

Vtk Files 'scatra-00001' written. Time: 1.00000000000000e+00

Checking results of 0 tests:

OK (0)
======================================================================================

                         TimeMonitor results over 1 processor

Timer Name                                                 Global time (num calls)    
--------------------------------------------------------------------------------------
Core::FE::Discretization::Evaluate                         0.003649 (1)               
Core::FE::Discretization::set_state                        3.639e-05 (8)              
Core::LinAlg::Solver:  0)   translate_solver_parameters    3.606e-05 (1)              
Core::LinAlg::Solver:  1)   Setup                          0.0005027 (1)              
Core::LinAlg::Solver:  2)   Solve                          0.003932 (1)               
Core::LinAlg::SparseMatrix::Complete                       0.0001493 (1)              
Rebalance::rebalance_graph                                 0.002595 (1)               
Rebalance::rebalance_node_maps                             0.002643 (1)               
SCATRA:       + apply DBC to system                        2.157e-05 (1)              
SCATRA:       + element calls                              0.003977 (1)               
--------------------------------------------------------------------------------------
SCATRA:       + solver calls                               0.004451 (1)               
SCATRA:      + apply dirich cond.                          0.0001789 (2)              
SCATRA:    + output of solution                            0.002649 (2)               
SCATRA:    + prepare time step                             0.0005031 (1)              
SCATRA:  + time loop                                       0.01164 (1)                
======================================================================================

Total wall time for CALCULATION:  1.900e-02 sec 


Memory High Water Mark Summary:		Total
(in GB)					1.7738e-01

processor 0 finished normally

4C exit code: 0
Reading results from /tmp/coupled_heat_final/level_3/subdomain_A/result_A-vtk-files/scatra-00001-0.vtu
Solution: min=0.000000, max=0.089563
Wrote exports.json with 33 interface points
Interface flux: min=-0.005446, max=-0.000000
NDOF = 693

Subdomain B: nx=28, ny=32, h=1/32
Number of nodes: 957
Number of elements: 1792
Stiffness matrix assembled
Interface nodes: 33, Dirichlet nodes: 87
No imports.json found (first iteration)
Interior nodes: 837
Solution computed: min=-0.000046, max=0.000129
Exported 33 interface points
Interface temperature: min=0.000000, max=0.000000
Interface flux: min=-0.100779, max=0.212670
NDOF = 957

Residual: inf
Iteration 2/100
Subdomain A: nx=20, ny=32, h=1/32
Number of nodes: 693
Number of elements: 640
Received 33 temperature values from partner B
Wrote 4C input to /tmp/coupled_heat_final/level_3/subdomain_A/subdomain_A.4C.yaml

******************************************************
*                                                    *
*                         4C                         *
*                                                    *
*                version 2026.2.0-dev                *
*                                                    *
*                      git SHA1                      *
*      89519cfe76251fc668617c4ab1a70b94fd86ec52      *
*                                                    *
******************************************************

Trilinos Version: f4d64271518 (git SHA1)
Total number of MPI ranks: 1

Number of procs used for redistribution: 1

+--------------------------------------------------------------------+
| fill_complete() on discretization fluid                            |
+--------------------------------------------------------------------+

Number of procs used for redistribution: 1
Redistributing using hypergraph .........

+--------------------------------------------------------------------+
| fill_complete() on discretization scatra                           |
+--------------------------------------------------------------------+
Read/generate conditions                          in....0.00270112 secs

Total wall time for INPUT:        5.700e-02 sec 

###################################################
# YOUR PROBLEM TYPE: Scalar_Transport
###################################################

+--------------------------------------------------------------------+
| fill_complete() on discretization fluid                            |
| assign_degrees_of_freedom() ...                                    |
| initialize_elements() ...                                          |
| boundary_conditions_geometry() ...                                 |
+--------------------------------------------------------------------+

+--------------------------------------------------------------------+
| fill_complete() on discretization scatra                           |
| assign_degrees_of_freedom() ...                                    |
| initialize_elements() ...                                          |
| boundary_conditions_geometry() ...                                 |
+--------------------------------------------------------------------+

+--------------------------------------------------------------------+
| fill_complete() on discretization scatra                           |
| assign_degrees_of_freedom() ...                                    |
| boundary_conditions_geometry() ...                                 |
+--------------------------------------------------------------------+

+--------------------------------------------------------------------+
| fill_complete() on discretization scatra                           |
| assign_degrees_of_freedom() ...                                    |
| boundary_conditions_geometry() ...                                 |
+--------------------------------------------------------------------+

Vtk Files 'scatra-00000' written. Time: 0.00000000000000e+00

TIME:           1/1  DT = 1    Stationary    STEP = 1/1
Solvertype linear_full (ts= 4.487E-03,te= 3.973E-03)

Vtk Files 'scatra-00001' written. Time: 1.00000000000000e+00

Checking results of 0 tests:

OK (0)
======================================================================================

                         TimeMonitor results over 1 processor

Timer Name                                                 Global time (num calls)    
--------------------------------------------------------------------------------------
Core::FE::Discretization::Evaluate                         0.003648 (1)               
Core::FE::Discretization::set_state                        3.61e-05 (8)               
Core::LinAlg::Solver:  0)   translate_solver_parameters    2.396e-05 (1)              
Core::LinAlg::Solver:  1)   Setup                          0.0005405 (1)              
Core::LinAlg::Solver:  2)   Solve                          0.003937 (1)               
Core::LinAlg::SparseMatrix::Complete                       0.0001558 (1)              
Rebalance::rebalance_graph                                 0.0026 (1)                 
Rebalance::rebalance_node_maps                             0.002651 (1)               
SCATRA:       + apply DBC to system                        2.252e-05 (1)              
SCATRA:       + element calls                              0.003978 (1)               
--------------------------------------------------------------------------------------
SCATRA:       + solver calls                               0.004494 (1)               
SCATRA:      + apply dirich cond.                          0.0002014 (2)              
SCATRA:    + output of solution                            0.002749 (2)               
SCATRA:    + prepare time step                             0.0005269 (1)              
SCATRA:  + time loop                                       0.01181 (1)                
======================================================================================

Total wall time for CALCULATION:  2.000e-02 sec 


Memory High Water Mark Summary:		Total
(in GB)					1.7802e-01

processor 0 finished normally

4C exit code: 0
Reading results from /tmp/coupled_heat_final/level_3/subdomain_A/result_A-vtk-files/scatra-00001-0.vtu
Solution: min=0.000000, max=0.089563
Wrote exports.json with 33 interface points
Interface flux: min=-0.005446, max=-0.000000
NDOF = 693

Subdomain B: nx=28, ny=32, h=1/32
Number of nodes: 957
Number of elements: 1792
Stiffness matrix assembled
Interface nodes: 33, Dirichlet nodes: 87
Received 33 flux values from partner A
Interior nodes: 837
Solution computed: min=-0.000046, max=0.000129
Exported 33 interface points
Interface temperature: min=0.000000, max=0.000000
Interface flux: min=-0.100779, max=0.212670
NDOF = 957

Residual: 0.000000e+00
Converged after 2 iterations!
Level 3 complete. Final residual: 0.000000e+00

============================================================
POST-PROCESSING RESULTS
============================================================
Wrote RESULT.txt
LEVELS = 3
FILES = solution_level1_A.csv, solution_level1_B.csv, interface_level1_A.csv, interface_level1_B.csv, residual_level1.csv, solution_level2_A.csv, solution_level2_B.csv, interface_level2_A.csv, interface_level2_B.csv, residual_level2.csv, solution_level3_A.csv, solution_level3_B.csv, interface_level3_A.csv, interface_level3_B.csv, residual_level3.csv
INTERFACE_RESIDUAL = 0.000000e+00
COUPLING_ITERATIONS = 2
MESH_INDEPENDENCE = CONVERGED
MAX_REL_CHANGE = 0.000000e+00

