iteration: 8
command: ["/home/alexander/Schreibtisch/open-fem-agent/.venv/bin/python", "/home/alexander/Schreibtisch/ofa-v2/campaign3_blind/runs/C2_27b_MCP_seed6712/work/participant_B.py"]
returncode: 0
--- stdout ---
[kratos neumann] interface n=17 q_applied=[-0.838115,-0.160684] T=[-0.00371713,-0.00040602] balance |sum(reactions)+vol+iface| = 2.590e+00 abs / 9.970e-01 rel
NDOF = 289
 |  /           |                  
 ' /   __| _` | __|  _ \   __|    
 . \  |   (   | |   (   |\__ \  
_|\_\_|  \__,_|\__|\___/ ____/
           Multi-Physics 10.3."0"-Release-10.3.0-14ee273e-Release-x86_64
           Compiled for GNU/Linux and Python3.12 with GCC-10.2
Compiled with threading and MPI support. Threading support with OpenMP.
Maximum number of threads: 32.
Running without MPI.
Importing    KratosConvectionDiffusionApplication 
 KRATOS ___ ___  _  ___   __   ___ ___ ___ ___ 
       / __/ _ || || | | / /__|   |_ _| __| __|
      | (_| (_) | .` || V /___| |) | || _|| _| 
       |___|___/|_||_| |_/    |___/___|_| |_|  APPLICATION
ResidualBasedLinearStrategy: Setup Dofs Time: 0.0028153 [s]
ResidualBasedLinearStrategy: Setup System Time: 0.00122713 [s]
ResidualBasedLinearStrategy: System Matrix Resize Time: 0.00914577 [s]
ResidualBasedLinearStrategy: System Construction Time: 0.0132453 [s]
ResidualBasedBlockBuilderAndSolver: Build time: 0.00169421 [s]
ResidualBasedBlockBuilderAndSolver: System solve time: 0.00149248 [s]
BuilderAndSolver: Clear Function called
BuilderAndSolver: Clear Function called
Deregistering KratosMultiphysics
Deregistering ConvectionDiffusionApplication

--- stderr ---

