Invalid MIT-MAGIC-COOKIE-1 key
******************************************************
*                                                    *
*                         4C                         *
*                                                    *
*                version 2026.2.0-dev                *
*                                                    *
*                      git SHA1                      *
*      89519cfe76251fc668617c4ab1a70b94fd86ec52      *
*                                                    *
******************************************************

Trilinos Version: f4d64271518 (git SHA1)
Total number of MPI ranks: 1

Number of procs used for redistribution: 1

+--------------------------------------------------------------------+
| fill_complete() on discretization fluid                            |
+--------------------------------------------------------------------+

Number of procs used for redistribution: 1
Redistributing using hypergraph .........

+--------------------------------------------------------------------+
| fill_complete() on discretization scatra                           |
+--------------------------------------------------------------------+
Read/generate conditions                          in....

=========================================================================
PROC 0 ERROR in /home/alexander/4C/src/core/fem/src/condition/4C_fem_condition.cpp, line 120:
DLine 99 not in range [0:4[
DLine condition on non existent DLine?Could not read set from entity type.
------------------
 0# void FourC::Core::Internal::format_and_throw_error<int const&, unsigned long>(std::source_location const&, std::basic_format_string<char, std::type_identity<int const&>::type, std::type_identity<unsigned long>::type>, int const&, unsigned long&&) in /home/alexander/4C/build/lib4C.so
 1# FourC::Core::Conditions::make_condition(FourC::Core::Conditions::ConditionSpec const&, FourC::Core::Conditions::InputNodeSets const&) in /home/alexander/4C/build/lib4C.so
 2# FourC::Global::read_conditions(FourC::Global::Problem&, FourC::Core::IO::InputFile&, FourC::Core::IO::MeshReader const&) in /home/alexander/4C/build/lib4C.so
 3# FourC::setup_global_problem(FourC::Core::IO::InputFile&, FourC::CommandlineArguments const&, FourC::Core::Communication::Communicators const&) in /home/alexander/4C/build/4C
 4# run(FourC::CommandlineArguments&, FourC::Core::Communication::Communicators&) in /home/alexander/4C/build/4C
 5# main in /home/alexander/4C/build/4C
 6# __libc_start_main at ../csu/libc-start.c:342
 7# _start in /home/alexander/4C/build/4C

=========================================================================


--------------------------------------------------------------------------
MPI_ABORT was invoked on rank 0 in communicator MPI_COMM_WORLD
with errorcode 1.

NOTE: invoking MPI_ABORT causes Open MPI to kill all MPI processes.
You may or may not see output from other processes, depending on
exactly when Open MPI kills them.
--------------------------------------------------------------------------
