iteration: 31
command: ["/home/alexander/miniconda3/envs/fenics/bin/python", "participant_B.py"]
returncode: 0
--- stdout ---
[2026-09-11 13:05:06.513] [info] Extract basic topology: 1344->1344
[2026-09-11 13:05:06.513] [info] Build local dual graphs, re-order cells, and compute process boundary vertices.
[2026-09-11 13:05:06.513] [info] Build local part of mesh dual graph (mixed)
[2026-09-11 13:05:06.513] [info] GPS pseudo-diameter:(58) 421-26
[2026-09-11 13:05:06.513] [info] Create topology (generalised)
[2026-09-11 13:05:06.514] [info] Computing communication graph edges (using NBX algorithm). Number of input edges: 1
[2026-09-11 13:05:06.514] [info] Finished graph edge discovery using NBX algorithm. Number of discovered edges 1
[2026-09-11 13:05:06.514] [info] Compute ghost indices
[2026-09-11 13:05:06.514] [info] Computing communication graph edges (using PCX algorithm). Number of input edges: 0
[2026-09-11 13:05:06.514] [info] Finished graph edge discovery using PCX algorithm. Number of discovered edges 0
[2026-09-11 13:05:06.514] [info] Computing communication graph edges (using NBX algorithm). Number of input edges: 0
[2026-09-11 13:05:06.514] [info] Finished graph edge discovery using NBX algorithm. Number of discovered edges 0
[2026-09-11 13:05:06.514] [info] Computing communication graph edges (using NBX algorithm). Number of input edges: 0
[2026-09-11 13:05:06.514] [info] Finished graph edge discovery using NBX algorithm. Number of discovered edges 0
[2026-09-11 13:05:06.514] [info] Number of neighbourhood source ranks in distribute_to_postoffice: 0
[2026-09-11 13:05:06.514] [info] Computing communication graph edges (using NBX algorithm). Number of input edges: 0
[2026-09-11 13:05:06.514] [info] Finished graph edge discovery using NBX algorithm. Number of discovered edges 0
[2026-09-11 13:05:06.514] [info] Neighbourhood destination ranks from post office in distribute_data (rank, num dests, num dests/mpi_size): 0, 0, 0
[2026-09-11 13:05:06.514] [info] Create Geometry (multiple)
[2026-09-11 13:05:06.514] [info] Got 1 dof layouts
[2026-09-11 13:05:06.514] [info] Checking required entities per dimension
[2026-09-11 13:05:06.514] [info] Cell type: 0 dofmap: 448x3
[2026-09-11 13:05:06.514] [info] Global index computation
[2026-09-11 13:05:06.514] [info] Got 1 index_maps
[2026-09-11 13:05:06.514] [info] Get global indices
[2026-09-11 13:05:06.514] [info] Calling compute_local_to_global
[2026-09-11 13:05:06.514] [info] xdofs.size = 1344
[2026-09-11 13:05:06.514] [info] dofmap sizes = 1344 
[2026-09-11 13:05:06.514] [info] all_dofmaps.size = 1344
[2026-09-11 13:05:06.514] [info] nodes.size = 255
[2026-09-11 13:05:06.514] [info] Creating geometry with 1 dofmaps
[2026-09-11 13:05:06.514] [info] Checking required entities per dimension
[2026-09-11 13:05:06.514] [info] Cell type: 0 dofmap: 448x3
[2026-09-11 13:05:06.514] [info] Global index computation
[2026-09-11 13:05:06.514] [info] Got 1 index_maps
[2026-09-11 13:05:06.514] [info] Get global indices
[2026-09-11 13:05:06.515] [info] Checking required entities per dimension
[2026-09-11 13:05:06.515] [info] Cell type: 0 dofmap: 448x3
[2026-09-11 13:05:06.515] [info] Global index computation
[2026-09-11 13:05:06.515] [info] Got 1 index_maps
[2026-09-11 13:05:06.515] [info] Get global indices
[2026-09-11 13:05:06.515] [info] Computing mesh entities of dimension 1
[2026-09-11 13:05:06.515] [info] Computing communication graph edges (using NBX algorithm). Number of input edges: 0
[2026-09-11 13:05:06.515] [info] Finished graph edge discovery using NBX algorithm. Number of discovered edges 0
[2026-09-11 13:05:06.515] [info] Requesting connectivity (1, 0) - (2, 0)
[2026-09-11 13:05:06.515] [info] Computing mesh connectivity 1-2 from transpose.
[2026-09-11 13:05:06.515] [info] Requesting connectivity (1, 0) - (2, 0)
[2026-09-11 13:05:06.515] [info] Requesting connectivity (1, 0) - (0, 0)
[2026-09-11 13:05:06.515] [info] Requesting connectivity (1, 0) - (1, 0)
[2026-09-11 13:05:06.515] [info] Requesting connectivity (0, 0) - (2, 0)
[2026-09-11 13:05:06.515] [info] Computing mesh connectivity 0-2 from transpose.
[2026-09-11 13:05:06.515] [info] Requesting connectivity (2, 0) - (0, 0)
[2026-09-11 13:05:06.520] [info] Requesting connectivity (1, 0) - (2, 0)
[2026-09-11 13:05:06.520] [info] Requesting connectivity (2, 0) - (1, 0)
[2026-09-11 13:05:06.520] [info] Requesting connectivity (1, 0) - (2, 0)
[2026-09-11 13:05:06.520] [info] Requesting connectivity (2, 0) - (1, 0)
[2026-09-11 13:05:06.521] [info] Column ghost size increased from 0 to 0
[2026-09-11 13:05:06.525] [info] Requesting connectivity (1, 0) - (2, 0)
[2026-09-11 13:05:06.525] [info] Requesting connectivity (2, 0) - (1, 0)
[2026-09-11 13:05:06.525] [info] Requesting connectivity (1, 0) - (2, 0)
[2026-09-11 13:05:06.525] [info] Requesting connectivity (2, 0) - (1, 0)
[2026-09-11 13:05:06.525] [info] Column ghost size increased from 0 to 0
[2026-09-11 13:05:06.527] [info] Column ghost size increased from 0 to 0
[2026-09-11 13:05:06.529] [info] Column ghost size increased from 0 to 0
[2026-09-11 13:05:06.531] [info] Requesting connectivity (1, 0) - (2, 0)
[2026-09-11 13:05:06.531] [info] Requesting connectivity (2, 0) - (1, 0)
[2026-09-11 13:05:06.531] [info] Requesting connectivity (1, 0) - (2, 0)
[2026-09-11 13:05:06.531] [info] Requesting connectivity (2, 0) - (1, 0)
[2026-09-11 13:05:06.531] [info] Requesting connectivity (1, 0) - (2, 0)
[2026-09-11 13:05:06.531] [info] Requesting connectivity (2, 0) - (1, 0)
[2026-09-11 13:05:06.531] [info] Requesting connectivity (1, 0) - (2, 0)
[2026-09-11 13:05:06.531] [info] Requesting connectivity (2, 0) - (1, 0)
[fenics neumann thermoelastic] interface n=17 T=[0,0.0742013] ux=[-0.00219381,0.00154891] uy=[-0.00116933,0.00218982] qn=[-0.100016,-0.0149626]
NDOF = 510
FEniCSx Neumann participant completed: LEVEL=2, nx=14, ny=16

--- stderr ---

