Invalid MIT-MAGIC-COOKIE-1 key
******************************************************
*                                                    *
*                         4C                         *
*                                                    *
*                version 2026.2.0-dev                *
*                                                    *
*                      git SHA1                      *
*      89519cfe76251fc668617c4ab1a70b94fd86ec52      *
*                                                    *
******************************************************

Trilinos Version: f4d64271518 (git SHA1)
Total number of MPI ranks: 1

Number of procs used for redistribution: 1

+--------------------------------------------------------------------+
| fill_complete() on discretization fluid                            |
+--------------------------------------------------------------------+

Number of procs used for redistribution: 1
Redistributing using hypergraph .........

+--------------------------------------------------------------------+
| fill_complete() on discretization scatra                           |
+--------------------------------------------------------------------+
Read/generate conditions                          in....0.002535 secs

Total wall time for INPUT:        5.600e-02 sec 

###################################################
# YOUR PROBLEM TYPE: Scalar_Transport
###################################################

+--------------------------------------------------------------------+
| fill_complete() on discretization fluid                            |
| assign_degrees_of_freedom() ...                                    |
| initialize_elements() ...                                          |
| boundary_conditions_geometry() ...                                 |
+--------------------------------------------------------------------+

+--------------------------------------------------------------------+
| fill_complete() on discretization scatra                           |
| assign_degrees_of_freedom() ...                                    |
| initialize_elements() ...                                          |
| boundary_conditions_geometry() ...                                 |
+--------------------------------------------------------------------+

+--------------------------------------------------------------------+
| fill_complete() on discretization scatra                           |
| assign_degrees_of_freedom() ...                                    |
| boundary_conditions_geometry() ...                                 |
+--------------------------------------------------------------------+

+--------------------------------------------------------------------+
| fill_complete() on discretization scatra                           |
| assign_degrees_of_freedom() ...                                    |
| boundary_conditions_geometry() ...                                 |
+--------------------------------------------------------------------+
Flux output is performed for 1 scalars: 1 


=========================================================================
PROC 0 ERROR in /home/alexander/4C/src/core/fem/src/general/utils/4C_fem_general_utils_boundary_integration.hpp, line 687:
--- ERROR DETECTED ---
 The determinant of the matrix is equal zero or negative!
------------------
 0# void FourC::Core::Internal::format_and_throw_error<>(std::source_location const&, std::basic_format_string<char>) in /home/alexander/4C/build/4C
 1# FourC::Discret::Elements::ScaTraEleCalc<(FourC::Core::FE::CellType)1, 3>::eval_shape_func_and_derivs_in_parameter_space() in /home/alexander/4C/build/lib4C.so
 2# FourC::Discret::Elements::ScaTraEleCalc<(FourC::Core::FE::CellType)1, 3>::eval_shape_func_and_derivs_at_int_point(FourC::Core::FE::IntPointsAndWeights<2> const&, int) in /home/alexander/4C/build/lib4C.so
 3# FourC::Discret::Elements::ScaTraEleCalc<(FourC::Core::FE::CellType)1, 3>::sysmat(FourC::Core::Elements::Element*, FourC::Core::LinAlg::SerialDenseMatrix&, FourC::Core::LinAlg::SerialDenseVector&, FourC::Core::LinAlg::SerialDenseVector&) in /home/alexander/4C/build/lib4C.so
 4# FourC::Discret::Elements::ScaTraEleCalc<(FourC::Core::FE::CellType)1, 3>::evaluate(FourC::Core::Elements::Element*, Teuchos::ParameterList&, FourC::Core::FE::Discretization&, FourC::Core::Elements::LocationArray&, FourC::Core::LinAlg::SerialDenseMatrix&, FourC::Core::LinAlg::SerialDenseMatrix&, FourC::Core::LinAlg::SerialDenseVector&, FourC::Core::LinAlg::SerialDenseVector&, FourC::Core::LinAlg::SerialDenseVector&) in /home/alexander/4C/build/lib4C.so
 5# FourC::Discret::Elements::Transport::evaluate(Teuchos::ParameterList&, FourC::Core::FE::Discretization&, FourC::Core::Elements::LocationArray&, FourC::Core::LinAlg::SerialDenseMatrix&, FourC::Core::LinAlg::SerialDenseMatrix&, FourC::Core::LinAlg::SerialDenseVector&, FourC::Core::LinAlg::SerialDenseVector&, FourC::Core::LinAlg::SerialDenseVector&) in /home/alexander/4C/build/lib4C.so
 6# std::_Function_handler<void (FourC::Core::Elements::Element&, FourC::Core::Elements::LocationArray&, FourC::Core::LinAlg::SerialDenseMatrix&, FourC::Core::LinAlg::SerialDenseMatrix&, FourC::Core::LinAlg::SerialDenseVector&, FourC::Core::LinAlg::SerialDenseVector&, FourC::Core::LinAlg::SerialDenseVector&), FourC::Core::FE::Discretization::evaluate(Teuchos::ParameterList&, FourC::Core::FE::AssembleStrategy&)::{lambda(FourC::Core::Elements::Element&, FourC::Core::Elements::LocationArray&, FourC::Core::LinAlg::SerialDenseMatrix&, FourC::Core::LinAlg::SerialDenseMatrix&, FourC::Core::LinAlg::SerialDenseVector&, FourC::Core::LinAlg::SerialDenseVector&, FourC::Core::LinAlg::SerialDenseVector&)#1}>::_M_invoke(std::_Any_data const&, FourC::Core::Elements::Element&, FourC::Core::Elements::LocationArray&, FourC::Core::LinAlg::SerialDenseMatrix&, FourC::Core::LinAlg::SerialDenseMatrix&, FourC::Core::LinAlg::SerialDenseVector&, FourC::Core::LinAlg::SerialDenseVector&, FourC::Core::LinAlg::SerialDenseVector&) in /home/alexander/4C/build/lib4C.so
 7# FourC::Core::FE::Discretization::evaluate(Teuchos::ParameterList&, FourC::Core::FE::AssembleStrategy&, std::function<void (FourC::Core::Elements::Element&, FourC::Core::Elements::LocationArray&, FourC::Core::LinAlg::SerialDenseMatrix&, FourC::Core::LinAlg::SerialDenseMatrix&, FourC::Core::LinAlg::SerialDenseVector&, FourC::Core::LinAlg::SerialDenseVector&, FourC::Core::LinAlg::SerialDenseVector&)> const&) in /home/alexander/4C/build/lib4C.so
 8# FourC::Core::FE::Discretization::evaluate(Teuchos::ParameterList&, FourC::Core::FE::AssembleStrategy&) in /home/alexander/4C/build/lib4C.so
 9# FourC::Core::FE::Discretization::evaluate(Teuchos::ParameterList&, std::shared_ptr<FourC::Core::LinAlg::SparseOperator>, std::shared_ptr<FourC::Core::LinAlg::SparseOperator>, std::shared_ptr<FourC::Core::LinAlg::Vector<double> >, std::shared_ptr<FourC::Core::LinAlg::Vector<double> >, std::shared_ptr<FourC::Core::LinAlg::Vector<double> >) in /home/alexander/4C/build/lib4C.so
10# FourC::ScaTra::ScaTraTimIntImpl::calc_flux_at_boundary(bool) in /home/alexander/4C/build/lib4C.so
11# FourC::ScaTra::ScaTraTimIntImpl::calc_flux(bool) in /home/alexander/4C/build/lib4C.so
12# FourC::ScaTra::ScaTraTimIntImpl::collect_runtime_output_data() in /home/alexander/4C/build/lib4C.so
13# FourC::ScaTra::ScaTraTimIntImpl::write_runtime_output() in /home/alexander/4C/build/lib4C.so
14# FourC::ScaTra::ScaTraTimIntImpl::check_and_write_output_and_restart() in /home/alexander/4C/build/lib4C.so
15# FourC::ScaTra::ScaTraTimIntImpl::time_loop() in /home/alexander/4C/build/lib4C.so
16# FourC::scatra_dyn(int) in /home/alexander/4C/build/lib4C.so
17# entrypoint_switch() in /home/alexander/4C/build/4C
18# run(FourC::CommandlineArguments&, FourC::Core::Communication::Communicators&) in /home/alexander/4C/build/4C
19# main in /home/alexander/4C/build/4C
20# __libc_start_main at ../csu/libc-start.c:342
21# _start in /home/alexander/4C/build/4C

=========================================================================


--------------------------------------------------------------------------
MPI_ABORT was invoked on rank 0 in communicator MPI_COMM_WORLD
with errorcode 1.

NOTE: invoking MPI_ABORT causes Open MPI to kill all MPI processes.
You may or may not see output from other processes, depending on
exactly when Open MPI kills them.
--------------------------------------------------------------------------
