
******************************************************
*                                                    *
*                         4C                         *
*                                                    *
*                version 2026.2.0-dev                *
*                                                    *
*                      git SHA1                      *
*      89519cfe76251fc668617c4ab1a70b94fd86ec52      *
*                                                    *
******************************************************

Trilinos Version: f4d64271518 (git SHA1)
Total number of MPI ranks: 1

Number of procs used for redistribution: 1

+--------------------------------------------------------------------+
| fill_complete() on discretization fluid                            |
+--------------------------------------------------------------------+

Number of procs used for redistribution: 1
Redistributing using hypergraph .........

+--------------------------------------------------------------------+
| fill_complete() on discretization scatra                           |
+--------------------------------------------------------------------+
Read/generate conditions                          in....0.00243332 secs

Total wall time for INPUT:        5.100e-02 sec 

###################################################
# YOUR PROBLEM TYPE: Scalar_Transport
###################################################

+--------------------------------------------------------------------+
| fill_complete() on discretization fluid                            |
| assign_degrees_of_freedom() ...                                    |
| initialize_elements() ...                                          |
| boundary_conditions_geometry() ...                                 |
+--------------------------------------------------------------------+

+--------------------------------------------------------------------+
| fill_complete() on discretization scatra                           |
| assign_degrees_of_freedom() ...                                    |
| initialize_elements() ...                                          |
| boundary_conditions_geometry() ...                                 |
+--------------------------------------------------------------------+

+--------------------------------------------------------------------+
| fill_complete() on discretization scatra                           |
| assign_degrees_of_freedom() ...                                    |
| boundary_conditions_geometry() ...                                 |
+--------------------------------------------------------------------+

+--------------------------------------------------------------------+
| fill_complete() on discretization scatra                           |
| assign_degrees_of_freedom() ...                                    |
| boundary_conditions_geometry() ...                                 |
+--------------------------------------------------------------------+

Vtk Files 'scatra-00000' written. Time: 0.00000000000000e+00

TIME:           1/1  DT = 1    Stationary    STEP = 1/1
Solvertype linear_full (ts= 1.467E-03,te= 8.959E-04)

Vtk Files 'scatra-00001' written. Time: 1.00000000000000e+00

Checking results of 0 tests:

OK (0)
======================================================================================

                         TimeMonitor results over 1 processor

Timer Name                                                 Global time (num calls)    
--------------------------------------------------------------------------------------
Core::FE::Discretization::Evaluate                         0.0007804 (1)              
Core::FE::Discretization::set_state                        2.444e-05 (8)              
Core::LinAlg::Solver:  0)   translate_solver_parameters    1.589e-05 (1)              
Core::LinAlg::Solver:  1)   Setup                          0.0005325 (1)              
Core::LinAlg::Solver:  2)   Solve                          0.000926 (1)               
Core::LinAlg::SparseMatrix::Complete                       3.026e-05 (1)              
Rebalance::rebalance_graph                                 0.001108 (1)               
Rebalance::rebalance_node_maps                             0.001147 (1)               
SCATRA:       + apply DBC to system                        9.679e-06 (1)              
SCATRA:       + element calls                              0.0009005 (1)              
--------------------------------------------------------------------------------------
SCATRA:       + solver calls                               0.001475 (1)               
SCATRA:      + apply dirich cond.                          7.865e-05 (2)              
SCATRA:    + output of solution                            0.001826 (2)               
SCATRA:    + prepare time step                             0.0001916 (1)              
SCATRA:  + time loop                                       0.004442 (1)               
======================================================================================

Total wall time for CALCULATION:  8.000e-03 sec 


Memory High Water Mark Summary:		Total
(in GB)					1.7731e-01

processor 0 finished normally
Invalid MIT-MAGIC-COOKIE-1 key
NDOF = 54
