Invalid MIT-MAGIC-COOKIE-1 key
******************************************************
*                                                    *
*                         4C                         *
*                                                    *
*                version 2026.2.0-dev                *
*                                                    *
*                      git SHA1                      *
*      89519cfe76251fc668617c4ab1a70b94fd86ec52      *
*                                                    *
******************************************************

Trilinos Version: f4d64271518 (git SHA1)
Total number of MPI ranks: 1

Number of procs used for redistribution: 1
Redistributing using hypergraph .........
Read/generate conditions                          in....0.00256993 secs

Total wall time for INPUT:        5.100e-02 sec 

Welcome to Thermal Time Integration 
      _______________________________
  ===(__|_|_37 degrees celsius__|_|__)

with statics
Predictor thermo absolute res-norm 0.00159914
numiter      abs-res-norm     abs-temp-norm           wct
      1       1.16081e-18       2.15002e-03      5.77e-03
      2       3.60799e-19       7.24494e-19      7.36e-03
Finalised: step 1 | nstep 1 | time 1 | dt 1 | numiter 2
------------------------------------------------------------------------------
====== Restart written in step 1
--------------------------------------------------------------------------------

Checking results of 0 tests:

OK (0)
======================================================================================

                         TimeMonitor results over 1 processor

Timer Name                                                 Global time (num calls)    
--------------------------------------------------------------------------------------
Core::FE::Discretization::Evaluate                         0.002314 (5)               
Core::FE::Discretization::set_state                        3.782e-05 (20)             
Core::LinAlg::Solver:  0)   translate_solver_parameters    2.973e-05 (1)              
Core::LinAlg::Solver:  1)   Setup                          0.0005937 (2)              
Core::LinAlg::Solver:  2)   Solve                          0.002271 (2)               
Core::LinAlg::SparseMatrix::Complete                       5.979e-05 (3)              
Core::LinAlg::SparseMatrix::Complete(domain,range)         7.211e-05 (4)              
Rebalance::rebalance_graph                                 0.001488 (1)               
Rebalance::rebalance_node_maps                             0.001527 (1)               
======================================================================================

Total wall time for CALCULATION:  1.200e-02 sec 


Memory High Water Mark Summary:		Total
(in GB)					1.7193e-01

processor 0 finished normally

NDOF = 187
