
============================================================
Solving level 1 with h = 0.125
============================================================
Mesh: 138 elements, 86 vertices
NDOF = 86
Wrote solution_level1.csv with 1936 probe points
Wrote run_level1.log

============================================================
Solving level 2 with h = 0.0625
============================================================
Mesh: 608 elements, 337 vertices
NDOF = 337
Wrote solution_level2.csv with 1936 probe points
Wrote run_level2.log

============================================================
Solving level 3 with h = 0.03125
============================================================
Mesh: 2382 elements, 1256 vertices
NDOF = 1256
Wrote solution_level3.csv with 1936 probe points
Wrote run_level3.log

============================================================
Solving level 4 with h = 0.015625
============================================================
Mesh: 9512 elements, 4885 vertices
NDOF = 4885
Wrote solution_level4.csv with 1936 probe points
Wrote run_level4.log

============================================================
CONVERGENCE ANALYSIS
============================================================
Max relative change (level 3 -> 4): 3.727633e+26
Mean relative change (level 3 -> 4): 2.653241e+23
L2-norm relative change: 1.977582e-03

Convergence threshold: 0.01
MESH_INDEPENDENCE = NOT_CONVERGED

Wrote RESULT.txt
Done!
