>>> C2 BARE seeds 1301 1302 1303  start 2026-09-03 05:46:55
[source build] 64ea4d4c09e2 sha256=5e74d2f6990bc1f8... (immutable)
[preflight] custody controls verified for 1 problem(s); keys sealed and unreadable by execution
[phase: development] results are for post-mortems and convergence checking, NOT for the paper's evaluation table.
[DUNE cache] sha256=dc2d5b8ff2ebf98e... (neutral, private copy per cell)
[C2 27b BARE s1302] done  calls=72 tok=2534473/65494 1278.8s
<<< C2 seed 1302 done 2026-09-03 06:08:40
[source build] 64ea4d4c09e2 sha256=5e74d2f6990bc1f8... (immutable)
[preflight] custody controls verified for 1 problem(s); keys sealed and unreadable by execution
[phase: development] results are for post-mortems and convergence checking, NOT for the paper's evaluation table.
[DUNE cache] sha256=dc2d5b8ff2ebf98e... (neutral, private copy per cell)
[C2 27b BARE s1301] done  calls=85 tok=5505887/69351 1804.9s
<<< C2 seed 1301 done 2026-09-03 06:17:27
[source build] 64ea4d4c09e2 sha256=5e74d2f6990bc1f8... (immutable)
[preflight] custody controls verified for 1 problem(s); keys sealed and unreadable by execution
[phase: development] results are for post-mortems and convergence checking, NOT for the paper's evaluation table.
[DUNE cache] sha256=dc2d5b8ff2ebf98e... (neutral, private copy per cell)
[C2 27b BARE s1303] done  calls=122 tok=5386618/58922 2153.7s
<<< C2 seed 1303 done 2026-09-03 06:23:15
>>> C2 BARE complete 2026-09-03 06:23:15
>>> C2 BARE seeds 1401 1402 1403  start 2026-09-03 07:19:05
[source build] ceea76f289da sha256=1f704ae78783bfba... (immutable)
[preflight] custody controls verified for 1 problem(s); keys sealed and unreadable by execution
[phase: development] results are for post-mortems and convergence checking, NOT for the paper's evaluation table.
[DUNE cache] sha256=dc2d5b8ff2ebf98e... (neutral, private copy per cell)
[C2 27b BARE s1401] done  calls=91 tok=5794858/66597 1916.3s
<<< C2 seed 1401 done 2026-09-03 07:51:29
[source build] ceea76f289da sha256=1f704ae78783bfba... (immutable)
[preflight] custody controls verified for 1 problem(s); keys sealed and unreadable by execution
[phase: development] results are for post-mortems and convergence checking, NOT for the paper's evaluation table.
[DUNE cache] sha256=dc2d5b8ff2ebf98e... (neutral, private copy per cell)
[C2 27b BARE s1403] done  calls=107 tok=5918619/63641 2071.8s
<<< C2 seed 1403 done 2026-09-03 07:54:04
[source build] ceea76f289da sha256=1f704ae78783bfba... (immutable)
[preflight] custody controls verified for 1 problem(s); keys sealed and unreadable by execution
[phase: development] results are for post-mortems and convergence checking, NOT for the paper's evaluation table.
[DUNE cache] sha256=dc2d5b8ff2ebf98e... (neutral, private copy per cell)
[C2 27b BARE s1402] done  calls=270 tok=34856110/84457 2700.0s  ERR TimeoutError: exceeded 2700s
<<< C2 seed 1402 done 2026-09-03 08:04:32
>>> C2 BARE complete 2026-09-03 08:04:32
>>> C2 BARE seeds 1501 1502 1503  start 2026-09-03 09:00:40
[source build] 0a65cb0a12a0 sha256=ceeb30c059909954... (immutable)
[preflight] custody controls verified for 1 problem(s); keys sealed and unreadable by execution
[phase: development] results are for post-mortems and convergence checking, NOT for the paper's evaluation table.
[DUNE cache] sha256=dc2d5b8ff2ebf98e... (neutral, private copy per cell)
[C2 27b BARE s1502] done  calls=89 tok=4883176/50623 1199.0s
<<< C2 seed 1502 done 2026-09-03 09:21:05
[source build] 0a65cb0a12a0 sha256=ceeb30c059909954... (immutable)
[preflight] custody controls verified for 1 problem(s); keys sealed and unreadable by execution
[phase: development] results are for post-mortems and convergence checking, NOT for the paper's evaluation table.
[DUNE cache] sha256=dc2d5b8ff2ebf98e... (neutral, private copy per cell)
[C2 27b BARE s1501] done  calls=86 tok=3925091/51667 1895.5s
<<< C2 seed 1501 done 2026-09-03 09:32:42
[source build] 0a65cb0a12a0 sha256=ceeb30c059909954... (immutable)
[preflight] custody controls verified for 1 problem(s); keys sealed and unreadable by execution
[phase: development] results are for post-mortems and convergence checking, NOT for the paper's evaluation table.
[DUNE cache] sha256=dc2d5b8ff2ebf98e... (neutral, private copy per cell)
[C2 27b BARE s1503] done  calls=97 tok=5871355/71713 2505.2s
<<< C2 seed 1503 done 2026-09-03 09:42:51
>>> C2 BARE complete 2026-09-03 09:42:51
>>> C2 BARE seeds 1601 1602 1603  start 2026-09-03 09:53:08
[source build] 997f53e13020 sha256=6e81c82b9bacb3fc... (immutable)
[preflight] custody controls verified for 1 problem(s); keys sealed and unreadable by execution
[phase: development] results are for post-mortems and convergence checking, NOT for the paper's evaluation table.
[DUNE cache] sha256=dc2d5b8ff2ebf98e... (neutral, private copy per cell)
[C2 27b BARE s1602] done  calls=100 tok=4582484/54427 1766.9s
<<< C2 seed 1602 done 2026-09-03 10:23:01
[source build] 997f53e13020 sha256=6e81c82b9bacb3fc... (immutable)
[preflight] custody controls verified for 1 problem(s); keys sealed and unreadable by execution
[phase: development] results are for post-mortems and convergence checking, NOT for the paper's evaluation table.
[DUNE cache] sha256=dc2d5b8ff2ebf98e... (neutral, private copy per cell)
[C2 27b BARE s1601] done  calls=91 tok=3717116/58940 1880.4s
<<< C2 seed 1601 done 2026-09-03 10:24:55
[source build] 997f53e13020 sha256=6e81c82b9bacb3fc... (immutable)
[preflight] custody controls verified for 1 problem(s); keys sealed and unreadable by execution
[phase: development] results are for post-mortems and convergence checking, NOT for the paper's evaluation table.
[DUNE cache] sha256=dc2d5b8ff2ebf98e... (neutral, private copy per cell)
[C2 27b BARE s1603] done  calls=43 tok=2092042/64756 2431.4s
<<< C2 seed 1603 done 2026-09-03 10:34:06
>>> C2 BARE complete 2026-09-03 10:34:06
>>> C2 BARE seeds 1701 1702 1703  start 2026-09-03 10:38:15
[source build] 4bd716d7576e sha256=0b0e137a02ae243e... (immutable)
[preflight] custody controls verified for 1 problem(s); keys sealed and unreadable by execution
[phase: development] results are for post-mortems and convergence checking, NOT for the paper's evaluation table.
[DUNE cache] sha256=dc2d5b8ff2ebf98e... (neutral, private copy per cell)
[C2 27b BARE s1703] done  calls=85 tok=3845562/42877 874.8s
<<< C2 seed 1703 done 2026-09-03 10:53:16
[source build] 4bd716d7576e sha256=0b0e137a02ae243e... (immutable)
[preflight] custody controls verified for 1 problem(s); keys sealed and unreadable by execution
[phase: development] results are for post-mortems and convergence checking, NOT for the paper's evaluation table.
[DUNE cache] sha256=dc2d5b8ff2ebf98e... (neutral, private copy per cell)
[C2 27b BARE s1702] done  calls=71 tok=3182609/64578 1461.0s
<<< C2 seed 1702 done 2026-09-03 11:03:02
[source build] 4bd716d7576e sha256=0b0e137a02ae243e... (immutable)
[preflight] custody controls verified for 1 problem(s); keys sealed and unreadable by execution
[phase: development] results are for post-mortems and convergence checking, NOT for the paper's evaluation table.
[DUNE cache] sha256=dc2d5b8ff2ebf98e... (neutral, private copy per cell)
[C2 27b BARE s1701] done  calls=121 tok=9884380/79412 1598.0s
<<< C2 seed 1701 done 2026-09-03 11:05:19
>>> C2 BARE complete 2026-09-03 11:05:19
>>> C2 BARE seeds 1801 1802 1803  start 2026-09-03 11:15:03
[source build] 202bcac429b5 sha256=6438d05ea651d0fe... (immutable)
[source build] 202bcac429b5 sha256=6438d05ea651d0fe... (immutable)
[source build] 202bcac429b5 sha256=6438d05ea651d0fe... (immutable)
[preflight] custody controls verified for 1 problem(s); keys sealed and unreadable by execution
[phase: development] results are for post-mortems and convergence checking, NOT for the paper's evaluation table.
[DUNE cache] sha256=dc2d5b8ff2ebf98e... (neutral, private copy per cell)
[C2 27b BARE s1801] done  calls=86 tok=3750885/56717 1164.4s
<<< C2 seed 1801 done 2026-09-03 11:34:54
[preflight] custody controls verified for 1 problem(s); keys sealed and unreadable by execution
[phase: development] results are for post-mortems and convergence checking, NOT for the paper's evaluation table.
[DUNE cache] sha256=dc2d5b8ff2ebf98e... (neutral, private copy per cell)
[C2 27b BARE s1802] done  calls=103 tok=5562913/69951 1225.0s
<<< C2 seed 1802 done 2026-09-03 11:35:54
[preflight] custody controls verified for 1 problem(s); keys sealed and unreadable by execution
[phase: development] results are for post-mortems and convergence checking, NOT for the paper's evaluation table.
[DUNE cache] sha256=dc2d5b8ff2ebf98e... (neutral, private copy per cell)
[C2 27b BARE s1803] done  calls=105 tok=5585467/62310 2750.1s  ERR TimeoutError: exceeded 2700s
<<< C2 seed 1803 done 2026-09-03 12:01:20
>>> C2 BARE complete 2026-09-03 12:01:20
>>> C2 BARE seeds 1901 1902 1903  start 2026-09-03 12:06:17
[source build] dba6a149ce5d sha256=7c2fd16d4914008d... (immutable)
[source build] dba6a149ce5d sha256=7c2fd16d4914008d... (immutable)
[source build] dba6a149ce5d sha256=7c2fd16d4914008d... (immutable)
[preflight] custody controls verified for 1 problem(s); keys sealed and unreadable by execution
[phase: development] results are for post-mortems and convergence checking, NOT for the paper's evaluation table.
[DUNE cache] sha256=dc2d5b8ff2ebf98e... (neutral, private copy per cell)
[C2 27b BARE s1901] done  calls=77 tok=3301129/62348 1072.6s
<<< C2 seed 1901 done 2026-09-03 12:25:16
[preflight] custody controls verified for 1 problem(s); keys sealed and unreadable by execution
[phase: development] results are for post-mortems and convergence checking, NOT for the paper's evaluation table.
[DUNE cache] sha256=dc2d5b8ff2ebf98e... (neutral, private copy per cell)
[C2 27b BARE s1903] done  calls=98 tok=5106578/71054 1159.8s
<<< C2 seed 1903 done 2026-09-03 12:26:44
[preflight] custody controls verified for 1 problem(s); keys sealed and unreadable by execution
[phase: development] results are for post-mortems and convergence checking, NOT for the paper's evaluation table.
[DUNE cache] sha256=dc2d5b8ff2ebf98e... (neutral, private copy per cell)
[C2 27b BARE s1902] done  calls=95 tok=4736947/71721 1933.3s
<<< C2 seed 1902 done 2026-09-03 12:39:37
>>> C2 BARE complete 2026-09-03 12:39:37
>>> C2 BARE seeds 2001 2002 2003  start 2026-09-03 12:44:39
[source build] a7f96bfda5d9 sha256=98a3bd08d71a96d4... (immutable)
[source build] a7f96bfda5d9 sha256=98a3bd08d71a96d4... (immutable)
[source build] a7f96bfda5d9 sha256=98a3bd08d71a96d4... (immutable)
[preflight] custody controls verified for 1 problem(s); keys sealed and unreadable by execution
[phase: development] results are for post-mortems and convergence checking, NOT for the paper's evaluation table.
[DUNE cache] sha256=dc2d5b8ff2ebf98e... (neutral, private copy per cell)
[C2 27b BARE s2001] done  calls=68 tok=3733879/53410 902.2s
<<< C2 seed 2001 done 2026-09-03 13:00:08
[preflight] custody controls verified for 1 problem(s); keys sealed and unreadable by execution
[phase: development] results are for post-mortems and convergence checking, NOT for the paper's evaluation table.
[DUNE cache] sha256=dc2d5b8ff2ebf98e... (neutral, private copy per cell)
[C2 27b BARE s2003] done  calls=93 tok=3617970/45931 1970.3s
<<< C2 seed 2003 done 2026-09-03 13:17:56
[preflight] custody controls verified for 1 problem(s); keys sealed and unreadable by execution
[phase: development] results are for post-mortems and convergence checking, NOT for the paper's evaluation table.
[DUNE cache] sha256=dc2d5b8ff2ebf98e... (neutral, private copy per cell)
[C2 27b BARE s2002] done  calls=57 tok=2280545/51718 2061.3s
<<< C2 seed 2002 done 2026-09-03 13:19:27
>>> C2 BARE complete 2026-09-03 13:19:27
>>> C2 BARE seeds 2101 2102 2103  start 2026-09-03 13:22:56
[source build] 106ce079031c sha256=ac230f8c6af95619... (immutable)
[source build] 106ce079031c sha256=ac230f8c6af95619... (immutable)
[source build] 106ce079031c sha256=ac230f8c6af95619... (immutable)
[preflight] custody controls verified for 1 problem(s); keys sealed and unreadable by execution
[phase: development] results are for post-mortems and convergence checking, NOT for the paper's evaluation table.
[DUNE cache] sha256=dc2d5b8ff2ebf98e... (neutral, private copy per cell)
[C2 27b BARE s2102] done  calls=92 tok=5144380/77428 1401.2s
<<< C2 seed 2102 done 2026-09-03 13:46:44
[preflight] custody controls verified for 1 problem(s); keys sealed and unreadable by execution
[phase: development] results are for post-mortems and convergence checking, NOT for the paper's evaluation table.
[DUNE cache] sha256=dc2d5b8ff2ebf98e... (neutral, private copy per cell)
[C2 27b BARE s2103] done  calls=133 tok=6006520/62669 2164.4s
<<< C2 seed 2103 done 2026-09-03 13:59:28
[preflight] custody controls verified for 1 problem(s); keys sealed and unreadable by execution
[phase: development] results are for post-mortems and convergence checking, NOT for the paper's evaluation table.
[DUNE cache] sha256=dc2d5b8ff2ebf98e... (neutral, private copy per cell)
[C2 27b BARE s2101] done  calls=88 tok=4594063/83296 2609.6s
<<< C2 seed 2101 done 2026-09-03 14:06:53
>>> C2 BARE complete 2026-09-03 14:06:53
>>> C2 BARE seeds 2601 2602 2603  start 2026-09-03 16:46:26
[source build] 0e9ca61011b0 sha256=a082c62dd15642d6... (immutable)
[source build] 0e9ca61011b0 sha256=a082c62dd15642d6... (immutable)
[source build] 0e9ca61011b0 sha256=a082c62dd15642d6... (immutable)
[preflight] custody controls verified for 1 problem(s); keys sealed and unreadable by execution
[phase: development] results are for post-mortems and convergence checking, NOT for the paper's evaluation table.
[DUNE cache] sha256=dc2d5b8ff2ebf98e... (neutral, private copy per cell)
[C2 27b BARE s2602] done  calls=98 tok=4942013/58543 1598.8s
<<< C2 seed 2602 done 2026-09-03 17:13:32
[preflight] custody controls verified for 1 problem(s); keys sealed and unreadable by execution
[phase: development] results are for post-mortems and convergence checking, NOT for the paper's evaluation table.
[DUNE cache] sha256=dc2d5b8ff2ebf98e... (neutral, private copy per cell)
[C2 27b BARE s2603] done  calls=107 tok=5970973/91130 2009.2s
<<< C2 seed 2603 done 2026-09-03 17:20:23
[preflight] custody controls verified for 1 problem(s); keys sealed and unreadable by execution
[phase: development] results are for post-mortems and convergence checking, NOT for the paper's evaluation table.
[DUNE cache] sha256=dc2d5b8ff2ebf98e... (neutral, private copy per cell)
[C2 27b BARE s2601] done  calls=60 tok=2143508/55953 2806.6s  ERR TimeoutError: exceeded 2700s
<<< C2 seed 2601 done 2026-09-03 17:33:40
>>> C2 BARE complete 2026-09-03 17:33:40
>>> C2 BARE seeds 5901 5902 5903  start 2026-09-04 15:07:24
[source build] 1501a19a60b4 sha256=57736e9d9461d42b... (immutable)
[source build] 1501a19a60b4 sha256=57736e9d9461d42b... (immutable)
[source build] 1501a19a60b4 sha256=57736e9d9461d42b... (immutable)
[preflight] custody controls verified for 1 problem(s); keys sealed and unreadable by execution
[phase: development] results are for post-mortems and convergence checking, NOT for the paper's evaluation table.
[DUNE cache] sha256=dc2d5b8ff2ebf98e... (neutral, private copy per cell)
[C2 27b BARE s5901] done  calls=109 tok=4880306/53957 1196.7s
<<< C2 seed 5901 done 2026-09-04 15:27:52
[preflight] custody controls verified for 1 problem(s); keys sealed and unreadable by execution
[phase: development] results are for post-mortems and convergence checking, NOT for the paper's evaluation table.
[DUNE cache] sha256=dc2d5b8ff2ebf98e... (neutral, private copy per cell)
[C2 27b BARE s5903] done  calls=88 tok=4332053/60470 1383.0s
<<< C2 seed 5903 done 2026-09-04 15:30:58
[preflight] custody controls verified for 1 problem(s); keys sealed and unreadable by execution
[phase: development] results are for post-mortems and convergence checking, NOT for the paper's evaluation table.
[DUNE cache] sha256=dc2d5b8ff2ebf98e... (neutral, private copy per cell)
[C2 27b BARE s5902] done  calls=122 tok=6851074/60599 2427.3s
<<< C2 seed 5902 done 2026-09-04 15:48:22
>>> C2 BARE complete 2026-09-04 15:48:22
