>>> FE2 BARE seeds 3101 3102 3103  start 2026-09-03 20:47:02
[source build] 6bfd4d491254 sha256=960afb2fb42bd9e3... (immutable)
[source build] 6bfd4d491254 sha256=960afb2fb42bd9e3... (immutable)
[source build] 6bfd4d491254 sha256=960afb2fb42bd9e3... (immutable)
[preflight] custody controls verified for 1 problem(s); keys sealed and unreadable by execution
[phase: development] results are for post-mortems and convergence checking, NOT for the paper's evaluation table.
[DUNE cache] sha256=dc2d5b8ff2ebf98e... (neutral, private copy per cell)
[FE2 27b BARE s3103] done  calls=73 tok=4956857/87155 1563.1s
<<< FE2 seed 3103 done 2026-09-03 21:13:33
[preflight] custody controls verified for 1 problem(s); keys sealed and unreadable by execution
[phase: development] results are for post-mortems and convergence checking, NOT for the paper's evaluation table.
[DUNE cache] sha256=dc2d5b8ff2ebf98e... (neutral, private copy per cell)
[FE2 27b BARE s3102] done  calls=128 tok=11133375/143211 2511.1s
<<< FE2 seed 3102 done 2026-09-03 21:29:21
[preflight] custody controls verified for 1 problem(s); keys sealed and unreadable by execution
[phase: development] results are for post-mortems and convergence checking, NOT for the paper's evaluation table.
[DUNE cache] sha256=dc2d5b8ff2ebf98e... (neutral, private copy per cell)
[FE2 27b BARE s3101] done  calls=107 tok=11033381/169781 2700.0s  ERR TimeoutError: exceeded 2700s
<<< FE2 seed 3101 done 2026-09-03 21:32:29
>>> FE2 BARE complete 2026-09-03 21:32:29
>>> FE2 BARE seeds 3201 3202 3203  start 2026-09-03 21:33:38
[source build] 6bfd4d491254 sha256=960afb2fb42bd9e3... (immutable)
[source build] 6bfd4d491254 sha256=960afb2fb42bd9e3... (immutable)
[source build] 6bfd4d491254 sha256=960afb2fb42bd9e3... (immutable)
[preflight] custody controls verified for 1 problem(s); keys sealed and unreadable by execution
[phase: development] results are for post-mortems and convergence checking, NOT for the paper's evaluation table.
[DUNE cache] sha256=dc2d5b8ff2ebf98e... (neutral, private copy per cell)
[FE2 27b BARE s3203] done  calls=96 tok=8000755/126671 1900.6s
<<< FE2 seed 3203 done 2026-09-03 22:05:46
[preflight] custody controls verified for 1 problem(s); keys sealed and unreadable by execution
[phase: development] results are for post-mortems and convergence checking, NOT for the paper's evaluation table.
[DUNE cache] sha256=dc2d5b8ff2ebf98e... (neutral, private copy per cell)
[FE2 27b BARE s3201] done  calls=98 tok=7119103/112030 2019.0s
<<< FE2 seed 3201 done 2026-09-03 22:07:44
[preflight] custody controls verified for 1 problem(s); keys sealed and unreadable by execution
[phase: development] results are for post-mortems and convergence checking, NOT for the paper's evaluation table.
[DUNE cache] sha256=dc2d5b8ff2ebf98e... (neutral, private copy per cell)
[FE2 27b BARE s3202] done  calls=85 tok=7845035/153138 2682.3s
<<< FE2 seed 3202 done 2026-09-03 22:18:48
>>> FE2 BARE complete 2026-09-03 22:18:48
>>> FE2 BARE seeds 6001 6002 6003  start 2026-09-04 15:49:11
[source build] 1501a19a60b4 sha256=57736e9d9461d42b... (immutable)
[source build] 1501a19a60b4 sha256=57736e9d9461d42b... (immutable)
[source build] 1501a19a60b4 sha256=57736e9d9461d42b... (immutable)
[preflight] custody controls verified for 1 problem(s); keys sealed and unreadable by execution
[phase: development] results are for post-mortems and convergence checking, NOT for the paper's evaluation table.
[DUNE cache] sha256=dc2d5b8ff2ebf98e... (neutral, private copy per cell)
[FE2 27b BARE s6001] done  calls=99 tok=7963879/101687 2480.7s
<<< FE2 seed 6001 done 2026-09-04 16:31:03
[preflight] custody controls verified for 1 problem(s); keys sealed and unreadable by execution
[phase: development] results are for post-mortems and convergence checking, NOT for the paper's evaluation table.
[DUNE cache] sha256=dc2d5b8ff2ebf98e... (neutral, private copy per cell)
[FE2 27b BARE s6003] done  calls=91 tok=8311478/107947 2700.0s  ERR TimeoutError: exceeded 2700s
[preflight] custody controls verified for 1 problem(s); keys sealed and unreadable by execution
[phase: development] results are for post-mortems and convergence checking, NOT for the paper's evaluation table.
[DUNE cache] sha256=dc2d5b8ff2ebf98e... (neutral, private copy per cell)
[FE2 27b BARE s6002] done  calls=108 tok=9683386/109569 2700.1s  ERR TimeoutError: exceeded 2700s
<<< FE2 seed 6003 done 2026-09-04 16:34:42
<<< FE2 seed 6002 done 2026-09-04 16:34:42
>>> FE2 BARE complete 2026-09-04 16:34:42
