>>> KR1 BARE seeds 4001 4002 4003  start 2026-09-04 02:53:45
[source build] 6a6a9d2f6e88 sha256=e924d1fbcdf17101... (immutable)
[source build] 6a6a9d2f6e88 sha256=e924d1fbcdf17101... (immutable)
[source build] 6a6a9d2f6e88 sha256=e924d1fbcdf17101... (immutable)
[preflight] custody controls verified for 1 problem(s); keys sealed and unreadable by execution
[phase: development] results are for post-mortems and convergence checking, NOT for the paper's evaluation table.
[DUNE cache] sha256=dc2d5b8ff2ebf98e... (neutral, private copy per cell)
[KR1 27b BARE s4002] done  calls=65 tok=4480551/81735 1694.2s
<<< KR1 seed 4002 done 2026-09-04 03:22:29
[preflight] custody controls verified for 1 problem(s); keys sealed and unreadable by execution
[phase: development] results are for post-mortems and convergence checking, NOT for the paper's evaluation table.
[DUNE cache] sha256=dc2d5b8ff2ebf98e... (neutral, private copy per cell)
[KR1 27b BARE s4003] done  calls=102 tok=5980003/80092 1706.1s
<<< KR1 seed 4003 done 2026-09-04 03:22:41
[preflight] custody controls verified for 1 problem(s); keys sealed and unreadable by execution
[phase: development] results are for post-mortems and convergence checking, NOT for the paper's evaluation table.
[DUNE cache] sha256=dc2d5b8ff2ebf98e... (neutral, private copy per cell)
[KR1 27b BARE s4001] done  calls=117 tok=9968869/137572 2632.6s
<<< KR1 seed 4001 done 2026-09-04 03:38:07
>>> KR1 BARE complete 2026-09-04 03:38:07
>>> KR1 BARE seeds 4101 4102 4103  start 2026-09-04 03:39:09
[source build] 6a6a9d2f6e88 sha256=e924d1fbcdf17101... (immutable)
[source build] 6a6a9d2f6e88 sha256=e924d1fbcdf17101... (immutable)
[source build] 6a6a9d2f6e88 sha256=e924d1fbcdf17101... (immutable)
[preflight] custody controls verified for 1 problem(s); keys sealed and unreadable by execution
[phase: development] results are for post-mortems and convergence checking, NOT for the paper's evaluation table.
[DUNE cache] sha256=dc2d5b8ff2ebf98e... (neutral, private copy per cell)
[KR1 27b BARE s4101] done  calls=111 tok=4591597/54658 1293.3s
<<< KR1 seed 4101 done 2026-09-04 04:01:12
[preflight] custody controls verified for 1 problem(s); keys sealed and unreadable by execution
[phase: development] results are for post-mortems and convergence checking, NOT for the paper's evaluation table.
[DUNE cache] sha256=dc2d5b8ff2ebf98e... (neutral, private copy per cell)
[KR1 27b BARE s4103] done  calls=81 tok=4837027/72704 1621.2s
<<< KR1 seed 4103 done 2026-09-04 04:06:40
[preflight] custody controls verified for 1 problem(s); keys sealed and unreadable by execution
[phase: development] results are for post-mortems and convergence checking, NOT for the paper's evaluation table.
[DUNE cache] sha256=dc2d5b8ff2ebf98e... (neutral, private copy per cell)
[KR1 27b BARE s4102] done  calls=86 tok=6627379/119095 2382.3s
<<< KR1 seed 4102 done 2026-09-04 04:19:21
>>> KR1 BARE complete 2026-09-04 04:19:21
