>>> FB1 BARE seeds 4901 4902 4903  start 2026-09-04 08:42:29
[source build] e27ba0886fce sha256=8617afc561787638... (immutable)
[source build] e27ba0886fce sha256=8617afc561787638... (immutable)
[source build] e27ba0886fce sha256=8617afc561787638... (immutable)
[preflight] custody controls verified for 1 problem(s); keys sealed and unreadable by execution
[phase: development] results are for post-mortems and convergence checking, NOT for the paper's evaluation table.
[DUNE cache] sha256=dc2d5b8ff2ebf98e... (neutral, private copy per cell)
[FB1 27b BARE s4902] done  calls=60 tok=2112273/21236 502.3s
<<< FB1 seed 4902 done 2026-09-04 08:51:22
[preflight] custody controls verified for 1 problem(s); keys sealed and unreadable by execution
[phase: development] results are for post-mortems and convergence checking, NOT for the paper's evaluation table.
[DUNE cache] sha256=dc2d5b8ff2ebf98e... (neutral, private copy per cell)
[FB1 27b BARE s4901] done  calls=68 tok=1957237/22736 537.6s
<<< FB1 seed 4901 done 2026-09-04 08:51:56
[preflight] custody controls verified for 1 problem(s); keys sealed and unreadable by execution
[phase: development] results are for post-mortems and convergence checking, NOT for the paper's evaluation table.
[DUNE cache] sha256=dc2d5b8ff2ebf98e... (neutral, private copy per cell)
[FB1 27b BARE s4903] done  calls=66 tok=3027812/37451 751.0s
<<< FB1 seed 4903 done 2026-09-04 08:55:30
>>> FB1 BARE complete 2026-09-04 08:55:30
>>> FB1 BARE seeds 5001 5002 5003  start 2026-09-04 09:12:53
[source build] e27ba0886fce sha256=8617afc561787638... (immutable)
[source build] e27ba0886fce sha256=8617afc561787638... (immutable)
[source build] e27ba0886fce sha256=8617afc561787638... (immutable)
/home/alexander/Schreibtisch/ofa-v2/langgraph_eval/agent.py:820: RuntimeWarning: This package (`duckduckgo_search`) has been renamed to `ddgs`! Use `pip install ddgs` instead.
  with DDGS() as ddgs:
/home/alexander/Schreibtisch/ofa-v2/langgraph_eval/agent.py:820: RuntimeWarning: This package (`duckduckgo_search`) has been renamed to `ddgs`! Use `pip install ddgs` instead.
  with DDGS() as ddgs:
/home/alexander/Schreibtisch/ofa-v2/langgraph_eval/agent.py:820: RuntimeWarning: This package (`duckduckgo_search`) has been renamed to `ddgs`! Use `pip install ddgs` instead.
  with DDGS() as ddgs:
[preflight] custody controls verified for 1 problem(s); keys sealed and unreadable by execution
[phase: development] results are for post-mortems and convergence checking, NOT for the paper's evaluation table.
[DUNE cache] sha256=dc2d5b8ff2ebf98e... (neutral, private copy per cell)
[FB1 27b BARE s5001] done  calls=55 tok=2112508/33485 795.4s
<<< FB1 seed 5001 done 2026-09-04 09:26:38
[preflight] custody controls verified for 1 problem(s); keys sealed and unreadable by execution
[phase: development] results are for post-mortems and convergence checking, NOT for the paper's evaluation table.
[DUNE cache] sha256=dc2d5b8ff2ebf98e... (neutral, private copy per cell)
[FB1 27b BARE s5002] done  calls=140 tok=7429335/45259 1167.5s
/home/alexander/.local/share/python/cpython-3.12.13-linux-x86_64-gnu/lib/python3.12/asyncio/selector_events.py:879: ResourceWarning: unclosed transport <_SelectorSocketTransport fd=9>
<<< FB1 seed 5002 done 2026-09-04 09:32:51
[preflight] custody controls verified for 1 problem(s); keys sealed and unreadable by execution
[phase: development] results are for post-mortems and convergence checking, NOT for the paper's evaluation table.
[DUNE cache] sha256=dc2d5b8ff2ebf98e... (neutral, private copy per cell)
[FB1 27b BARE s5003] done  calls=98 tok=5886826/56405 1310.7s
<<< FB1 seed 5003 done 2026-09-04 09:35:14
>>> FB1 BARE complete 2026-09-04 09:35:14
>>> FB1 BARE seeds 5601 5602 5603  start 2026-09-04 12:57:04
[source build] 1501a19a60b4 sha256=57736e9d9461d42b... (immutable)
[source build] 1501a19a60b4 sha256=57736e9d9461d42b... (immutable)
[source build] 1501a19a60b4 sha256=57736e9d9461d42b... (immutable)
/home/alexander/Schreibtisch/ofa-v2/langgraph_eval/agent.py:820: RuntimeWarning: This package (`duckduckgo_search`) has been renamed to `ddgs`! Use `pip install ddgs` instead.
  with DDGS() as ddgs:
/home/alexander/Schreibtisch/ofa-v2/langgraph_eval/agent.py:820: RuntimeWarning: This package (`duckduckgo_search`) has been renamed to `ddgs`! Use `pip install ddgs` instead.
  with DDGS() as ddgs:
/home/alexander/Schreibtisch/ofa-v2/langgraph_eval/agent.py:820: RuntimeWarning: This package (`duckduckgo_search`) has been renamed to `ddgs`! Use `pip install ddgs` instead.
  with DDGS() as ddgs:
[preflight] custody controls verified for 1 problem(s); keys sealed and unreadable by execution
[phase: development] results are for post-mortems and convergence checking, NOT for the paper's evaluation table.
[DUNE cache] sha256=dc2d5b8ff2ebf98e... (neutral, private copy per cell)
[FB1 27b BARE s5602] done  calls=65 tok=1984187/28467 635.6s
<<< FB1 seed 5602 done 2026-09-04 13:08:10
[preflight] custody controls verified for 1 problem(s); keys sealed and unreadable by execution
[phase: development] results are for post-mortems and convergence checking, NOT for the paper's evaluation table.
[DUNE cache] sha256=dc2d5b8ff2ebf98e... (neutral, private copy per cell)
[FB1 27b BARE s5601] done  calls=167 tok=14010862/70973 1744.8s
/home/alexander/.local/share/python/cpython-3.12.13-linux-x86_64-gnu/lib/python3.12/asyncio/selector_events.py:879: ResourceWarning: unclosed transport <_SelectorSocketTransport fd=9>
<<< FB1 seed 5601 done 2026-09-04 13:26:39
[preflight] custody controls verified for 1 problem(s); keys sealed and unreadable by execution
[phase: development] results are for post-mortems and convergence checking, NOT for the paper's evaluation table.
[DUNE cache] sha256=dc2d5b8ff2ebf98e... (neutral, private copy per cell)
[FB1 27b BARE s5603] done  calls=57 tok=3057741/125440 2234.4s
<<< FB1 seed 5603 done 2026-09-04 13:34:49
>>> FB1 BARE complete 2026-09-04 13:34:49
