>>> SK1 BARE seeds 5301 5302 5303  start 2026-09-04 10:58:53
[source build] e27ba0886fce sha256=8617afc561787638... (immutable)
[source build] e27ba0886fce sha256=8617afc561787638... (immutable)
[source build] e27ba0886fce sha256=8617afc561787638... (immutable)
[preflight] custody controls verified for 1 problem(s); keys sealed and unreadable by execution
[phase: development] results are for post-mortems and convergence checking, NOT for the paper's evaluation table.
[DUNE cache] sha256=dc2d5b8ff2ebf98e... (neutral, private copy per cell)
[SK1 27b BARE s5303] done  calls=89 tok=5079755/72904 1490.8s
<<< SK1 seed 5303 done 2026-09-04 11:24:15
[preflight] custody controls verified for 1 problem(s); keys sealed and unreadable by execution
[phase: development] results are for post-mortems and convergence checking, NOT for the paper's evaluation table.
[DUNE cache] sha256=dc2d5b8ff2ebf98e... (neutral, private copy per cell)
[SK1 27b BARE s5302] done  calls=100 tok=6320961/85323 1680.1s
<<< SK1 seed 5302 done 2026-09-04 11:27:24
[preflight] custody controls verified for 1 problem(s); keys sealed and unreadable by execution
[phase: development] results are for post-mortems and convergence checking, NOT for the paper's evaluation table.
[DUNE cache] sha256=dc2d5b8ff2ebf98e... (neutral, private copy per cell)
[SK1 27b BARE s5301] done  calls=82 tok=3783667/62588 2582.6s
<<< SK1 seed 5301 done 2026-09-04 11:42:27
>>> SK1 BARE complete 2026-09-04 11:42:27
>>> SK1 BARE seeds 5401 5402 5403  start 2026-09-04 11:43:39
[source build] e27ba0886fce sha256=8617afc561787638... (immutable)
[source build] e27ba0886fce sha256=8617afc561787638... (immutable)
[source build] e27ba0886fce sha256=8617afc561787638... (immutable)
[preflight] custody controls verified for 1 problem(s); keys sealed and unreadable by execution
[phase: development] results are for post-mortems and convergence checking, NOT for the paper's evaluation table.
[DUNE cache] sha256=dc2d5b8ff2ebf98e... (neutral, private copy per cell)
[SK1 27b BARE s5402] done  calls=81 tok=3940172/67209 1476.1s
<<< SK1 seed 5402 done 2026-09-04 12:08:45
[preflight] custody controls verified for 1 problem(s); keys sealed and unreadable by execution
[phase: development] results are for post-mortems and convergence checking, NOT for the paper's evaluation table.
[DUNE cache] sha256=dc2d5b8ff2ebf98e... (neutral, private copy per cell)
[SK1 27b BARE s5401] done  calls=122 tok=10050834/122865 2400.6s
<<< SK1 seed 5401 done 2026-09-04 12:24:11
[preflight] custody controls verified for 1 problem(s); keys sealed and unreadable by execution
[phase: development] results are for post-mortems and convergence checking, NOT for the paper's evaluation table.
[DUNE cache] sha256=dc2d5b8ff2ebf98e... (neutral, private copy per cell)
[SK1 27b BARE s5403] done  calls=73 tok=2833917/64422 2756.0s  ERR TimeoutError: exceeded 2700s
<<< SK1 seed 5403 done 2026-09-04 12:30:05
>>> SK1 BARE complete 2026-09-04 12:30:05
