>>> C3 BARE seeds 2701 2702 2703  start 2026-09-03 17:35:48
[source build] 0e9ca61011b0 sha256=a082c62dd15642d6... (immutable)
[source build] 0e9ca61011b0 sha256=a082c62dd15642d6... (immutable)
[source build] 0e9ca61011b0 sha256=a082c62dd15642d6... (immutable)
[preflight] custody controls verified for 1 problem(s); keys sealed and unreadable by execution
[phase: development] results are for post-mortems and convergence checking, NOT for the paper's evaluation table.
[DUNE cache] sha256=dc2d5b8ff2ebf98e... (neutral, private copy per cell)
[C3 27b BARE s2703] done  calls=128 tok=7470771/73692 1889.8s
<<< C3 seed 2703 done 2026-09-03 18:07:45
[preflight] custody controls verified for 1 problem(s); keys sealed and unreadable by execution
[phase: development] results are for post-mortems and convergence checking, NOT for the paper's evaluation table.
[DUNE cache] sha256=dc2d5b8ff2ebf98e... (neutral, private copy per cell)
[C3 27b BARE s2702] done  calls=130 tok=5970492/75659 2285.7s
<<< C3 seed 2702 done 2026-09-03 18:14:21
[preflight] custody controls verified for 1 problem(s); keys sealed and unreadable by execution
[phase: development] results are for post-mortems and convergence checking, NOT for the paper's evaluation table.
[DUNE cache] sha256=dc2d5b8ff2ebf98e... (neutral, private copy per cell)
[C3 27b BARE s2701] done  calls=133 tok=6805585/66817 2349.7s
<<< C3 seed 2701 done 2026-09-03 18:15:25
>>> C3 BARE complete 2026-09-03 18:15:25
>>> C3 BARE seeds 2801 2802 2803  start 2026-09-03 18:21:41
[source build] 58d4e2f4098b sha256=c184365cd72cf789... (immutable)
[source build] 58d4e2f4098b sha256=c184365cd72cf789... (immutable)
[source build] 58d4e2f4098b sha256=c184365cd72cf789... (immutable)
[preflight] custody controls verified for 1 problem(s); keys sealed and unreadable by execution
[phase: development] results are for post-mortems and convergence checking, NOT for the paper's evaluation table.
[DUNE cache] sha256=dc2d5b8ff2ebf98e... (neutral, private copy per cell)
[C3 27b BARE s2803] done  calls=122 tok=5324152/68895 1628.1s
<<< C3 seed 2803 done 2026-09-03 18:49:17
[preflight] custody controls verified for 1 problem(s); keys sealed and unreadable by execution
[phase: development] results are for post-mortems and convergence checking, NOT for the paper's evaluation table.
[DUNE cache] sha256=dc2d5b8ff2ebf98e... (neutral, private copy per cell)
[C3 27b BARE s2802] done  calls=80 tok=3351920/56845 2447.7s
<<< C3 seed 2802 done 2026-09-03 19:02:57
[preflight] custody controls verified for 1 problem(s); keys sealed and unreadable by execution
[phase: development] results are for post-mortems and convergence checking, NOT for the paper's evaluation table.
[DUNE cache] sha256=dc2d5b8ff2ebf98e... (neutral, private copy per cell)
[C3 27b BARE s2801] done  calls=80 tok=3777830/56585 2594.4s
<<< C3 seed 2801 done 2026-09-03 19:05:23
>>> C3 BARE complete 2026-09-03 19:05:23
>>> C3 BARE seeds 2901 2902 2903  start 2026-09-03 19:13:57
[source build] 6bfd4d491254 sha256=960afb2fb42bd9e3... (immutable)
[source build] 6bfd4d491254 sha256=960afb2fb42bd9e3... (immutable)
[source build] 6bfd4d491254 sha256=960afb2fb42bd9e3... (immutable)
[preflight] custody controls verified for 1 problem(s); keys sealed and unreadable by execution
[phase: development] results are for post-mortems and convergence checking, NOT for the paper's evaluation table.
[DUNE cache] sha256=dc2d5b8ff2ebf98e... (neutral, private copy per cell)
[C3 27b BARE s2903] done  calls=118 tok=6211272/72244 1327.0s
<<< C3 seed 2903 done 2026-09-03 19:36:32
[preflight] custody controls verified for 1 problem(s); keys sealed and unreadable by execution
[phase: development] results are for post-mortems and convergence checking, NOT for the paper's evaluation table.
[DUNE cache] sha256=dc2d5b8ff2ebf98e... (neutral, private copy per cell)
[C3 27b BARE s2902] done  calls=127 tok=6695047/64342 1633.7s
<<< C3 seed 2902 done 2026-09-03 19:41:38
[preflight] custody controls verified for 1 problem(s); keys sealed and unreadable by execution
[phase: development] results are for post-mortems and convergence checking, NOT for the paper's evaluation table.
[DUNE cache] sha256=dc2d5b8ff2ebf98e... (neutral, private copy per cell)
[C3 27b BARE s2901] done  calls=125 tok=6768398/81765 2504.3s
<<< C3 seed 2901 done 2026-09-03 19:56:09
>>> C3 BARE complete 2026-09-03 19:56:09
>>> C3 BARE seeds 3001 3002 3003  start 2026-09-03 19:57:17
[source build] 6bfd4d491254 sha256=960afb2fb42bd9e3... (immutable)
[source build] 6bfd4d491254 sha256=960afb2fb42bd9e3... (immutable)
[source build] 6bfd4d491254 sha256=960afb2fb42bd9e3... (immutable)
/home/alexander/Schreibtisch/ofa-v2/langgraph_eval/agent.py:820: RuntimeWarning: This package (`duckduckgo_search`) has been renamed to `ddgs`! Use `pip install ddgs` instead.
  with DDGS() as ddgs:
/home/alexander/Schreibtisch/ofa-v2/langgraph_eval/agent.py:820: RuntimeWarning: This package (`duckduckgo_search`) has been renamed to `ddgs`! Use `pip install ddgs` instead.
  with DDGS() as ddgs:
/home/alexander/Schreibtisch/ofa-v2/langgraph_eval/agent.py:820: RuntimeWarning: This package (`duckduckgo_search`) has been renamed to `ddgs`! Use `pip install ddgs` instead.
  with DDGS() as ddgs:
[preflight] custody controls verified for 1 problem(s); keys sealed and unreadable by execution
[phase: development] results are for post-mortems and convergence checking, NOT for the paper's evaluation table.
[DUNE cache] sha256=dc2d5b8ff2ebf98e... (neutral, private copy per cell)
[C3 27b BARE s3002] done  calls=118 tok=4809591/63576 1437.6s
<<< C3 seed 3002 done 2026-09-03 20:21:47
[preflight] custody controls verified for 1 problem(s); keys sealed and unreadable by execution
[phase: development] results are for post-mortems and convergence checking, NOT for the paper's evaluation table.
[DUNE cache] sha256=dc2d5b8ff2ebf98e... (neutral, private copy per cell)
[C3 27b BARE s3001] done  calls=109 tok=4503734/74613 1560.7s
/home/alexander/.local/share/python/cpython-3.12.13-linux-x86_64-gnu/lib/python3.12/asyncio/selector_events.py:879: ResourceWarning: unclosed transport <_SelectorSocketTransport fd=9>
<<< C3 seed 3001 done 2026-09-03 20:23:50
[preflight] custody controls verified for 1 problem(s); keys sealed and unreadable by execution
[phase: development] results are for post-mortems and convergence checking, NOT for the paper's evaluation table.
[DUNE cache] sha256=dc2d5b8ff2ebf98e... (neutral, private copy per cell)
[C3 27b BARE s3003] done  calls=119 tok=6283924/86360 2848.2s  ERR TimeoutError: exceeded 2700s
<<< C3 seed 3003 done 2026-09-03 20:45:18
>>> C3 BARE complete 2026-09-03 20:45:18
