>>> NG2 BARE seeds 4201 4202 4203  start 2026-09-04 04:20:43
[source build] 6a6a9d2f6e88 sha256=e924d1fbcdf17101... (immutable)
[source build] 6a6a9d2f6e88 sha256=e924d1fbcdf17101... (immutable)
[source build] 6a6a9d2f6e88 sha256=e924d1fbcdf17101... (immutable)
[preflight] custody controls verified for 1 problem(s); keys sealed and unreadable by execution
[phase: development] results are for post-mortems and convergence checking, NOT for the paper's evaluation table.
[DUNE cache] sha256=dc2d5b8ff2ebf98e... (neutral, private copy per cell)
[NG2 27b BARE s4201] done  calls=78 tok=3942485/81319 1595.2s
<<< NG2 seed 4201 done 2026-09-04 04:47:48
[preflight] custody controls verified for 1 problem(s); keys sealed and unreadable by execution
[phase: development] results are for post-mortems and convergence checking, NOT for the paper's evaluation table.
[DUNE cache] sha256=dc2d5b8ff2ebf98e... (neutral, private copy per cell)
[NG2 27b BARE s4203] done  calls=98 tok=7240303/118398 2520.9s
<<< NG2 seed 4203 done 2026-09-04 05:03:13
[preflight] custody controls verified for 1 problem(s); keys sealed and unreadable by execution
[phase: development] results are for post-mortems and convergence checking, NOT for the paper's evaluation table.
[DUNE cache] sha256=dc2d5b8ff2ebf98e... (neutral, private copy per cell)
[NG2 27b BARE s4202] done  calls=71 tok=6059163/132600 2658.3s
<<< NG2 seed 4202 done 2026-09-04 05:05:31
>>> NG2 BARE complete 2026-09-04 05:05:31
>>> NG2 BARE seeds 4301 4302 4303  start 2026-09-04 05:08:44
[source build] e27ba0886fce sha256=8617afc561787638... (immutable)
[source build] e27ba0886fce sha256=8617afc561787638... (immutable)
[source build] e27ba0886fce sha256=8617afc561787638... (immutable)
[preflight] custody controls verified for 1 problem(s); keys sealed and unreadable by execution
[phase: development] results are for post-mortems and convergence checking, NOT for the paper's evaluation table.
[DUNE cache] sha256=dc2d5b8ff2ebf98e... (neutral, private copy per cell)
[NG2 27b BARE s4302] done  calls=105 tok=6692382/95637 2133.8s
[preflight] custody controls verified for 1 problem(s); keys sealed and unreadable by execution
[phase: development] results are for post-mortems and convergence checking, NOT for the paper's evaluation table.
[DUNE cache] sha256=dc2d5b8ff2ebf98e... (neutral, private copy per cell)
[NG2 27b BARE s4303] done  calls=69 tok=4672660/101134 2133.9s
<<< NG2 seed 4302 done 2026-09-04 05:44:47
<<< NG2 seed 4303 done 2026-09-04 05:44:47
[preflight] custody controls verified for 1 problem(s); keys sealed and unreadable by execution
[phase: development] results are for post-mortems and convergence checking, NOT for the paper's evaluation table.
[DUNE cache] sha256=dc2d5b8ff2ebf98e... (neutral, private copy per cell)
[NG2 27b BARE s4301] done  calls=86 tok=5664479/105628 2199.1s
<<< NG2 seed 4301 done 2026-09-04 05:45:53
>>> NG2 BARE complete 2026-09-04 05:45:53
>>> NG2 BARE seeds 4401 4402 4403  start 2026-09-04 05:47:03
[source build] e27ba0886fce sha256=8617afc561787638... (immutable)
[source build] e27ba0886fce sha256=8617afc561787638... (immutable)
[source build] e27ba0886fce sha256=8617afc561787638... (immutable)
[preflight] custody controls verified for 1 problem(s); keys sealed and unreadable by execution
[phase: development] results are for post-mortems and convergence checking, NOT for the paper's evaluation table.
[DUNE cache] sha256=dc2d5b8ff2ebf98e... (neutral, private copy per cell)
[NG2 27b BARE s4401] done  calls=77 tok=5112698/99344 1984.6s
<<< NG2 seed 4401 done 2026-09-04 06:20:37
[preflight] custody controls verified for 1 problem(s); keys sealed and unreadable by execution
[phase: development] results are for post-mortems and convergence checking, NOT for the paper's evaluation table.
[DUNE cache] sha256=dc2d5b8ff2ebf98e... (neutral, private copy per cell)
[NG2 27b BARE s4402] done  calls=63 tok=3855557/87752 1994.9s
<<< NG2 seed 4402 done 2026-09-04 06:20:47
[preflight] custody controls verified for 1 problem(s); keys sealed and unreadable by execution
[phase: development] results are for post-mortems and convergence checking, NOT for the paper's evaluation table.
[DUNE cache] sha256=dc2d5b8ff2ebf98e... (neutral, private copy per cell)
[NG2 27b BARE s4403] done  calls=100 tok=7956416/106278 2182.3s
<<< NG2 seed 4403 done 2026-09-04 06:23:54
>>> NG2 BARE complete 2026-09-04 06:23:54
