>>> FC2 BARE seeds 4701 4702 4703  start 2026-09-04 07:31:22
[source build] e27ba0886fce sha256=8617afc561787638... (immutable)
[source build] e27ba0886fce sha256=8617afc561787638... (immutable)
[source build] e27ba0886fce sha256=8617afc561787638... (immutable)
[preflight] custody controls verified for 1 problem(s); keys sealed and unreadable by execution
[phase: development] results are for post-mortems and convergence checking, NOT for the paper's evaluation table.
[DUNE cache] sha256=dc2d5b8ff2ebf98e... (neutral, private copy per cell)
[FC2 27b BARE s4703] done  calls=242 tok=14236605/31234 1201.2s
<<< FC2 seed 4703 done 2026-09-04 07:51:53
[preflight] custody controls verified for 1 problem(s); keys sealed and unreadable by execution
[phase: development] results are for post-mortems and convergence checking, NOT for the paper's evaluation table.
[DUNE cache] sha256=dc2d5b8ff2ebf98e... (neutral, private copy per cell)
[FC2 27b BARE s4701] done  calls=204 tok=12548222/36445 1282.9s
<<< FC2 seed 4701 done 2026-09-04 07:53:15
[preflight] custody controls verified for 1 problem(s); keys sealed and unreadable by execution
[phase: development] results are for post-mortems and convergence checking, NOT for the paper's evaluation table.
[DUNE cache] sha256=dc2d5b8ff2ebf98e... (neutral, private copy per cell)
[FC2 27b BARE s4702] done  calls=129 tok=9967947/96832 1921.4s
<<< FC2 seed 4702 done 2026-09-04 08:03:53
>>> FC2 BARE complete 2026-09-04 08:03:53
>>> FC2 BARE seeds 4801 4802 4803  start 2026-09-04 08:04:39
[source build] e27ba0886fce sha256=8617afc561787638... (immutable)
[source build] e27ba0886fce sha256=8617afc561787638... (immutable)
[source build] e27ba0886fce sha256=8617afc561787638... (immutable)
[preflight] custody controls verified for 1 problem(s); keys sealed and unreadable by execution
[phase: development] results are for post-mortems and convergence checking, NOT for the paper's evaluation table.
[DUNE cache] sha256=dc2d5b8ff2ebf98e... (neutral, private copy per cell)
[FC2 27b BARE s4803] done  calls=119 tok=7466163/54368 1308.8s
<<< FC2 seed 4803 done 2026-09-04 08:26:58
[preflight] custody controls verified for 1 problem(s); keys sealed and unreadable by execution
[phase: development] results are for post-mortems and convergence checking, NOT for the paper's evaluation table.
[DUNE cache] sha256=dc2d5b8ff2ebf98e... (neutral, private copy per cell)
[FC2 27b BARE s4802] done  calls=130 tok=8168878/58471 1445.2s
<<< FC2 seed 4802 done 2026-09-04 08:29:14
[preflight] custody controls verified for 1 problem(s); keys sealed and unreadable by execution
[phase: development] results are for post-mortems and convergence checking, NOT for the paper's evaluation table.
[DUNE cache] sha256=dc2d5b8ff2ebf98e... (neutral, private copy per cell)
[FC2 27b BARE s4801] done  calls=83 tok=5309039/132297 2183.5s
<<< FC2 seed 4801 done 2026-09-04 08:41:32
>>> FC2 BARE complete 2026-09-04 08:41:32
