>>> SP2 BARE seeds 5801 5802 5803  start 2026-09-04 14:12:16
[source build] 1501a19a60b4 sha256=57736e9d9461d42b... (immutable)
[source build] 1501a19a60b4 sha256=57736e9d9461d42b... (immutable)
[source build] 1501a19a60b4 sha256=57736e9d9461d42b... (immutable)
[preflight] custody controls verified for 1 problem(s); keys sealed and unreadable by execution
[phase: development] results are for post-mortems and convergence checking, NOT for the paper's evaluation table.
[DUNE cache] sha256=dc2d5b8ff2ebf98e... (neutral, private copy per cell)
[SP2 27b BARE s5803] done  calls=158 tok=7305561/34958 800.5s
<<< SP2 seed 5803 done 2026-09-04 14:26:07
[preflight] custody controls verified for 1 problem(s); keys sealed and unreadable by execution
[phase: development] results are for post-mortems and convergence checking, NOT for the paper's evaluation table.
[DUNE cache] sha256=dc2d5b8ff2ebf98e... (neutral, private copy per cell)
[SP2 27b BARE s5801] done  calls=157 tok=5498397/39111 2555.2s
<<< SP2 seed 5801 done 2026-09-04 14:55:22
[preflight] custody controls verified for 1 problem(s); keys sealed and unreadable by execution
[phase: development] results are for post-mortems and convergence checking, NOT for the paper's evaluation table.
[DUNE cache] sha256=dc2d5b8ff2ebf98e... (neutral, private copy per cell)
[SP2 27b BARE s5802] done  calls=208 tok=9052184/42078 2700.0s  ERR TimeoutError: exceeded 2700s
<<< SP2 seed 5802 done 2026-09-04 14:57:47
>>> SP2 BARE complete 2026-09-04 14:57:47
