>>> FE1 BARE seeds 4501 4502 4503  start 2026-09-04 06:24:53
[source build] e27ba0886fce sha256=8617afc561787638... (immutable)
[source build] e27ba0886fce sha256=8617afc561787638... (immutable)
[source build] e27ba0886fce sha256=8617afc561787638... (immutable)
[preflight] custody controls verified for 1 problem(s); keys sealed and unreadable by execution
[phase: development] results are for post-mortems and convergence checking, NOT for the paper's evaluation table.
[DUNE cache] sha256=dc2d5b8ff2ebf98e... (neutral, private copy per cell)
[FE1 27b BARE s4502] done  calls=60 tok=2712960/69307 1330.8s
<<< FE1 seed 4502 done 2026-09-04 06:47:33
[preflight] custody controls verified for 1 problem(s); keys sealed and unreadable by execution
[phase: development] results are for post-mortems and convergence checking, NOT for the paper's evaluation table.
[DUNE cache] sha256=dc2d5b8ff2ebf98e... (neutral, private copy per cell)
[FE1 27b BARE s4501] done  calls=87 tok=4061695/68042 1344.7s
<<< FE1 seed 4501 done 2026-09-04 06:47:47
[preflight] custody controls verified for 1 problem(s); keys sealed and unreadable by execution
[phase: development] results are for post-mortems and convergence checking, NOT for the paper's evaluation table.
[DUNE cache] sha256=dc2d5b8ff2ebf98e... (neutral, private copy per cell)
[FE1 27b BARE s4503] done  calls=105 tok=7812371/111093 2078.4s
<<< FE1 seed 4503 done 2026-09-04 07:00:01
>>> FE1 BARE complete 2026-09-04 07:00:01
>>> FE1 BARE seeds 4601 4602 4603  start 2026-09-04 07:01:08
[source build] e27ba0886fce sha256=8617afc561787638... (immutable)
[source build] e27ba0886fce sha256=8617afc561787638... (immutable)
[source build] e27ba0886fce sha256=8617afc561787638... (immutable)
[preflight] custody controls verified for 1 problem(s); keys sealed and unreadable by execution
[phase: development] results are for post-mortems and convergence checking, NOT for the paper's evaluation table.
[DUNE cache] sha256=dc2d5b8ff2ebf98e... (neutral, private copy per cell)
[FE1 27b BARE s4602] done  calls=79 tok=3173540/61872 1255.5s
<<< FE1 seed 4602 done 2026-09-04 07:22:34
[preflight] custody controls verified for 1 problem(s); keys sealed and unreadable by execution
[phase: development] results are for post-mortems and convergence checking, NOT for the paper's evaluation table.
[DUNE cache] sha256=dc2d5b8ff2ebf98e... (neutral, private copy per cell)
[FE1 27b BARE s4603] done  calls=84 tok=3880062/66851 1339.9s
<<< FE1 seed 4603 done 2026-09-04 07:23:58
[preflight] custody controls verified for 1 problem(s); keys sealed and unreadable by execution
[phase: development] results are for post-mortems and convergence checking, NOT for the paper's evaluation table.
[DUNE cache] sha256=dc2d5b8ff2ebf98e... (neutral, private copy per cell)
[FE1 27b BARE s4601] done  calls=86 tok=4893061/80206 1530.5s
<<< FE1 seed 4601 done 2026-09-04 07:27:09
>>> FE1 BARE complete 2026-09-04 07:27:09
