>>> FC1 BARE seeds 3301 3302 3303  start 2026-09-03 22:19:48
[source build] 6bfd4d491254 sha256=960afb2fb42bd9e3... (immutable)
[source build] 6bfd4d491254 sha256=960afb2fb42bd9e3... (immutable)
[source build] 6bfd4d491254 sha256=960afb2fb42bd9e3... (immutable)
[preflight] custody controls verified for 1 problem(s); keys sealed and unreadable by execution
[phase: development] results are for post-mortems and convergence checking, NOT for the paper's evaluation table.
[DUNE cache] sha256=dc2d5b8ff2ebf98e... (neutral, private copy per cell)
[FC1 27b BARE s3302] done  calls=194 tok=13137217/53289 1713.2s
<<< FC1 seed 3302 done 2026-09-03 22:48:48
[preflight] custody controls verified for 1 problem(s); keys sealed and unreadable by execution
[phase: development] results are for post-mortems and convergence checking, NOT for the paper's evaluation table.
[DUNE cache] sha256=dc2d5b8ff2ebf98e... (neutral, private copy per cell)
[FC1 27b BARE s3303] done  calls=166 tok=11952709/68711 2062.1s
<<< FC1 seed 3303 done 2026-09-03 22:54:37
[preflight] custody controls verified for 1 problem(s); keys sealed and unreadable by execution
[phase: development] results are for post-mortems and convergence checking, NOT for the paper's evaluation table.
[DUNE cache] sha256=dc2d5b8ff2ebf98e... (neutral, private copy per cell)
[FC1 27b BARE s3301] done  calls=175 tok=14039385/83810 2236.6s
<<< FC1 seed 3301 done 2026-09-03 22:57:32
>>> FC1 BARE complete 2026-09-03 22:57:32
>>> FC1 BARE seeds 3401 3402 3403  start 2026-09-03 22:58:46
[source build] 6bfd4d491254 sha256=960afb2fb42bd9e3... (immutable)
[source build] 6bfd4d491254 sha256=960afb2fb42bd9e3... (immutable)
[source build] 6bfd4d491254 sha256=960afb2fb42bd9e3... (immutable)
[preflight] custody controls verified for 1 problem(s); keys sealed and unreadable by execution
[phase: development] results are for post-mortems and convergence checking, NOT for the paper's evaluation table.
[DUNE cache] sha256=dc2d5b8ff2ebf98e... (neutral, private copy per cell)
[FC1 27b BARE s3403] done  calls=146 tok=10257565/60293 1102.3s
<<< FC1 seed 3403 done 2026-09-03 23:17:36
[preflight] custody controls verified for 1 problem(s); keys sealed and unreadable by execution
[phase: development] results are for post-mortems and convergence checking, NOT for the paper's evaluation table.
[DUNE cache] sha256=dc2d5b8ff2ebf98e... (neutral, private copy per cell)
[FC1 27b BARE s3402] done  calls=196 tok=15382602/69208 1440.4s
<<< FC1 seed 3402 done 2026-09-03 23:23:14
[preflight] custody controls verified for 1 problem(s); keys sealed and unreadable by execution
[phase: development] results are for post-mortems and convergence checking, NOT for the paper's evaluation table.
[DUNE cache] sha256=dc2d5b8ff2ebf98e... (neutral, private copy per cell)
[FC1 27b BARE s3401] done  calls=195 tok=15856526/110603 2056.9s
<<< FC1 seed 3401 done 2026-09-03 23:33:30
>>> FC1 BARE complete 2026-09-03 23:33:30
