Kratos slab B: T_if(mean)=0.000383, q_in(mean)=-0.001236
 |  /           |                  
 ' /   __| _` | __|  _ \   __|    
 . \  |   (   | |   (   |\__ \  
_|\_\_|  \__,_|\__|\___/ ____/
           Multi-Physics 10.4."0"--0-Release-x86_64
           Compiled for GNU/Linux and Python3.8 with GCC-14.2
Compiled with threading and MPI support. Threading support with OpenMP.
Maximum number of threads: 32.
Running without MPI.
Importing    KratosConvectionDiffusionApplication 
 KRATOS ___ ___  _  ___   __   ___ ___ ___ ___ 
       / __/ _ || || | | / /__|   |_ _| __| __|
      | (_| (_) | .` || V /___| |) | || _|| _| 
       |___|___/|_||_| |_/    |___/___|_| |_|  APPLICATION
ResidualBasedLinearStrategy: Setup Dofs Time: 0.00392341 [s]
ResidualBasedLinearStrategy: Setup System Time: 0.00217988 [s]
ResidualBasedLinearStrategy: System Matrix Resize Time: 0.0121522 [s]
ResidualBasedLinearStrategy: System Construction Time: 0.0183521 [s]
ResidualBasedBlockBuilderAndSolver: Build time: 0.00157297 [s]
ResidualBasedBlockBuilderAndSolver: System solve time: 0.00161806 [s]
BuilderAndSolver: Clear Function called
BuilderAndSolver: Clear Function called
Deregistering KratosMultiphysics
Deregistering ConvectionDiffusionApplication

NDOF = 72
