[pbrief] A_old sample 0: first call = spawn_subagent; brief 898 chars; source terms False; coefficients False; boundary False; DATA PASTED = False | 14s DeepInfra
[pbrief] A_old sample 1: first call = spawn_subagent; brief 802 chars; source terms False; coefficients False; boundary False; DATA PASTED = False | 19s SiliconFlow
[pbrief] A_old sample 2: first call = spawn_subagent; brief 898 chars; source terms False; coefficients False; boundary False; DATA PASTED = False | 11s DeepInfra
[pbrief] A_old sample 3: first call = spawn_subagent; brief 1098 chars; source terms True; coefficients True; boundary False; DATA PASTED = True | 18s DeepInfra
[pbrief] A_old: data pasted into the worker brief in 1/4
[pbrief] B_new sample 0: first call = spawn_subagent; brief 1255 chars; source terms False; coefficients False; boundary False; DATA PASTED = False | 12s DeepInfra
[pbrief] B_new sample 1: first call = spawn_subagent; brief 2144 chars; source terms True; coefficients True; boundary True; DATA PASTED = True | 24s Alibaba
[pbrief] B_new sample 2: first call = spawn_subagent; brief 1922 chars; source terms True; coefficients True; boundary True; DATA PASTED = True | 41s SiliconFlow
[pbrief] B_new sample 3: first call = spawn_subagent; brief 1797 chars; source terms True; coefficients True; boundary True; DATA PASTED = True | 29s SiliconFlow
[pbrief] B_new: data pasted into the worker brief in 3/4
[pbrief2] B_sentence sample 0: first call = spawn_subagent; brief 1255 chars; source terms False; coefficients False; boundary False; DATA PASTED = False | 19s AtlasCloud
[pbrief2] B_sentence sample 1: first call = spawn_subagent; brief 1255 chars; source terms False; coefficients False; boundary False; DATA PASTED = False | 6s Novita
[pbrief2] B_sentence sample 2: first call = spawn_subagent; brief 1748 chars; source terms True; coefficients True; boundary True; DATA PASTED = True | 18s Alibaba
[pbrief2] B_sentence sample 3: first call = spawn_subagent; brief 1748 chars; source terms True; coefficients True; boundary True; DATA PASTED = True | 16s DeepInfra
[pbrief2] B_sentence: data pasted into the worker brief in 2/4
[pbrief2] C_template sample 0: first call = spawn_subagent; brief 1804 chars; source terms True; coefficients True; boundary True; DATA PASTED = True | 19s AtlasCloud
[pbrief2] C_template sample 1: first call = spawn_subagent; brief 2093 chars; source terms True; coefficients True; boundary True; DATA PASTED = True | 21s Novita
[pbrief2] C_template sample 2: first call = spawn_subagent; brief 1763 chars; source terms True; coefficients True; boundary True; DATA PASTED = True | 24s AtlasCloud
[pbrief2] C_template sample 3: first call = spawn_subagent; brief 1644 chars; source terms True; coefficients True; boundary True; DATA PASTED = True | 18s Alibaba
[pbrief2] C_template: data pasted into the worker brief in 4/4
