  keys before: d---------  SEALED
  UNSEALED  drwx------  /home/alexander/Schreibtisch/qwen_uplift_test/campaign3_blind/keys
UNSEALED  drwx------  /home/alexander/Schreibtisch/qwen_uplift_test/campaign3_blind/keys_backup_20260816
UNSEALED  drwx------  /home/alexander/Schreibtisch/qwen_uplift_test/campaign3_blind/keys_dev3
  seed 12: graded 6 cells -> dev_grades_27b_seed12.json   MISSING 58: ['FE1_27b_BARE_seed12', 'FE1_27b_MCP_seed12', 'FE2_27b_BARE_seed12', 'FE2_27b_MCP_seed12']
  seed 13: graded 6 cells -> dev_grades_27b_seed13.json   MISSING 58: ['FE1_27b_BARE_seed13', 'FE1_27b_MCP_seed13', 'FE2_27b_BARE_seed13', 'FE2_27b_MCP_seed13']
  seed 16: graded 1 cells -> dev_grades_27b_seed16.json   MISSING 63: ['FE1_27b_BARE_seed16', 'FE1_27b_MCP_seed16', 'FE2_27b_BARE_seed16', 'FE2_27b_MCP_seed16']
  seed 17: graded 1 cells -> dev_grades_27b_seed17.json   MISSING 63: ['FE1_27b_BARE_seed17', 'FE1_27b_MCP_seed17', 'FE2_27b_BARE_seed17', 'FE2_27b_MCP_seed17']
  seed 18: graded 1 cells -> dev_grades_27b_seed18.json   MISSING 63: ['FE1_27b_BARE_seed18', 'FE1_27b_MCP_seed18', 'FE2_27b_BARE_seed18', 'FE2_27b_MCP_seed18']
  seed 19: graded 1 cells -> dev_grades_27b_seed19.json   MISSING 63: ['FE1_27b_BARE_seed19', 'FE1_27b_MCP_seed19', 'FE2_27b_BARE_seed19', 'FE2_27b_MCP_seed19']
  seed 20: graded 1 cells -> dev_grades_27b_seed20.json   MISSING 63: ['FE1_27b_BARE_seed20', 'FE1_27b_MCP_seed20', 'FE2_27b_BARE_seed20', 'FE2_27b_MCP_seed20']
  seed 21: graded 2 cells -> dev_grades_27b_seed21.json   MISSING 62: ['FE1_27b_BARE_seed21', 'FE1_27b_MCP_seed21', 'FE2_27b_BARE_seed21', 'FE2_27b_MCP_seed21']
  seed 22: graded 1 cells -> dev_grades_27b_seed22.json   MISSING 63: ['FE1_27b_BARE_seed22', 'FE1_27b_MCP_seed22', 'FE2_27b_BARE_seed22', 'FE2_27b_MCP_seed22']
  seed 23: graded 1 cells -> dev_grades_27b_seed23.json   MISSING 63: ['FE1_27b_BARE_seed23', 'FE1_27b_MCP_seed23', 'FE2_27b_BARE_seed23', 'FE2_27b_MCP_seed23']
  seed 30: graded 1 cells -> dev_grades_27b_seed30.json   MISSING 63: ['FE1_27b_BARE_seed30', 'FE1_27b_MCP_seed30', 'FE2_27b_BARE_seed30', 'FE2_27b_MCP_seed30']
  seed 31: graded 1 cells -> dev_grades_27b_seed31.json   MISSING 63: ['FE1_27b_BARE_seed31', 'FE1_27b_MCP_seed31', 'FE2_27b_BARE_seed31', 'FE2_27b_MCP_seed31']
  seed 32: graded 1 cells -> dev_grades_27b_seed32.json   MISSING 63: ['FE1_27b_BARE_seed32', 'FE1_27b_MCP_seed32', 'FE2_27b_BARE_seed32', 'FE2_27b_MCP_seed32']
  seed 33: graded 3 cells -> dev_grades_27b_seed33.json   MISSING 61: ['FE1_27b_BARE_seed33', 'FE1_27b_MCP_seed33', 'FE2_27b_BARE_seed33', 'FE2_27b_MCP_seed33']
  seed 36: graded 6 cells -> dev_grades_27b_seed36.json   MISSING 58: ['FE1_27b_BARE_seed36', 'FE1_27b_MCP_seed36', 'FE2_27b_BARE_seed36', 'FE2_27b_MCP_seed36']
  seed 37: graded 4 cells -> dev_grades_27b_seed37.json   MISSING 60: ['FE1_27b_BARE_seed37', 'FE1_27b_MCP_seed37', 'FE2_27b_BARE_seed37', 'FE2_27b_MCP_seed37']
  seed 38: graded 2 cells -> dev_grades_27b_seed38.json   MISSING 62: ['FE1_27b_BARE_seed38', 'FE1_27b_MCP_seed38', 'FE2_27b_BARE_seed38', 'FE2_27b_MCP_seed38']
  seed 39: graded 1 cells -> dev_grades_27b_seed39.json   MISSING 63: ['FE1_27b_BARE_seed39', 'FE1_27b_MCP_seed39', 'FE2_27b_BARE_seed39', 'FE2_27b_MCP_seed39']
  seed 41: graded 6 cells -> dev_grades_27b_seed41.json   MISSING 58: ['FE1_27b_BARE_seed41', 'FE1_27b_MCP_seed41', 'FE2_27b_BARE_seed41', 'DL1_27b_BARE_seed41']
  seed 42: graded 6 cells -> dev_grades_27b_seed42.json   MISSING 58: ['FE1_27b_BARE_seed42', 'FE1_27b_MCP_seed42', 'FE2_27b_BARE_seed42', 'FE2_27b_MCP_seed42']
  seed 44: graded 6 cells -> dev_grades_27b_seed44.json   MISSING 58: ['FE1_27b_BARE_seed44', 'FE2_27b_BARE_seed44', 'FE2_27b_MCP_seed44', 'DL1_27b_BARE_seed44']
  seed 51: graded 6 cells -> dev_grades_27b_seed51.json   MISSING 58: ['FE1_27b_BARE_seed51', 'FE1_27b_MCP_seed51', 'FE2_27b_BARE_seed51', 'DL1_27b_BARE_seed51']
  seed 70: graded 1 cells -> dev_grades_27b_seed70.json   MISSING 63: ['FE1_27b_BARE_seed70', 'FE1_27b_MCP_seed70', 'FE2_27b_BARE_seed70', 'FE2_27b_MCP_seed70']
  seed 71: graded 1 cells -> dev_grades_27b_seed71.json   MISSING 63: ['FE1_27b_BARE_seed71', 'FE1_27b_MCP_seed71', 'FE2_27b_BARE_seed71', 'FE2_27b_MCP_seed71']
  seed 73: graded 1 cells -> dev_grades_27b_seed73.json   MISSING 63: ['FE1_27b_BARE_seed73', 'FE1_27b_MCP_seed73', 'FE2_27b_BARE_seed73', 'FE2_27b_MCP_seed73']
  seed 74: graded 1 cells -> dev_grades_27b_seed74.json   MISSING 63: ['FE1_27b_BARE_seed74', 'FE1_27b_MCP_seed74', 'FE2_27b_BARE_seed74', 'FE2_27b_MCP_seed74']
  seed 75: graded 1 cells -> dev_grades_27b_seed75.json   MISSING 63: ['FE1_27b_BARE_seed75', 'FE1_27b_MCP_seed75', 'FE2_27b_BARE_seed75', 'FE2_27b_MCP_seed75']
  seed 76: graded 1 cells -> dev_grades_27b_seed76.json   MISSING 63: ['FE1_27b_BARE_seed76', 'FE1_27b_MCP_seed76', 'FE2_27b_BARE_seed76', 'FE2_27b_MCP_seed76']
  seed 77: graded 1 cells -> dev_grades_27b_seed77.json   MISSING 63: ['FE1_27b_BARE_seed77', 'FE1_27b_MCP_seed77', 'FE2_27b_BARE_seed77', 'FE2_27b_MCP_seed77']
  seed 78: graded 1 cells -> dev_grades_27b_seed78.json   MISSING 63: ['FE1_27b_BARE_seed78', 'FE1_27b_MCP_seed78', 'FE2_27b_BARE_seed78', 'FE2_27b_MCP_seed78']
  seed 79: graded 1 cells -> dev_grades_27b_seed79.json   MISSING 63: ['FE1_27b_BARE_seed79', 'FE1_27b_MCP_seed79', 'FE2_27b_BARE_seed79', 'FE2_27b_MCP_seed79']
  seed 80: graded 1 cells -> dev_grades_27b_seed80.json   MISSING 63: ['FE1_27b_BARE_seed80', 'FE1_27b_MCP_seed80', 'FE2_27b_BARE_seed80', 'FE2_27b_MCP_seed80']
  seed 81: graded 3 cells -> dev_grades_27b_seed81.json   MISSING 61: ['FE1_27b_BARE_seed81', 'FE1_27b_MCP_seed81', 'FE2_27b_BARE_seed81', 'FE2_27b_MCP_seed81']
  seed 82: graded 1 cells -> dev_grades_27b_seed82.json   MISSING 63: ['FE1_27b_BARE_seed82', 'FE1_27b_MCP_seed82', 'FE2_27b_BARE_seed82', 'FE2_27b_MCP_seed82']
  seed 83: graded 2 cells -> dev_grades_27b_seed83.json   MISSING 62: ['FE1_27b_BARE_seed83', 'FE1_27b_MCP_seed83', 'FE2_27b_BARE_seed83', 'FE2_27b_MCP_seed83']
  seed 84: graded 2 cells -> dev_grades_27b_seed84.json   MISSING 62: ['FE1_27b_BARE_seed84', 'FE1_27b_MCP_seed84', 'FE2_27b_BARE_seed84', 'FE2_27b_MCP_seed84']
  seed 85: graded 1 cells -> dev_grades_27b_seed85.json   MISSING 63: ['FE1_27b_BARE_seed85', 'FE1_27b_MCP_seed85', 'FE2_27b_BARE_seed85', 'FE2_27b_MCP_seed85']
  seed 86: graded 1 cells -> dev_grades_27b_seed86.json   MISSING 63: ['FE1_27b_BARE_seed86', 'FE1_27b_MCP_seed86', 'FE2_27b_BARE_seed86', 'FE2_27b_MCP_seed86']
  seed 87: graded 1 cells -> dev_grades_27b_seed87.json   MISSING 63: ['FE1_27b_BARE_seed87', 'FE1_27b_MCP_seed87', 'FE2_27b_BARE_seed87', 'FE2_27b_MCP_seed87']
  seed 88: graded 2 cells -> dev_grades_27b_seed88.json   MISSING 62: ['FE1_27b_BARE_seed88', 'FE1_27b_MCP_seed88', 'FE2_27b_BARE_seed88', 'FE2_27b_MCP_seed88']
  seed 89: graded 1 cells -> dev_grades_27b_seed89.json   MISSING 63: ['FE1_27b_BARE_seed89', 'FE1_27b_MCP_seed89', 'FE2_27b_BARE_seed89', 'FE2_27b_MCP_seed89']
  seed 90: graded 1 cells -> dev_grades_27b_seed90.json   MISSING 63: ['FE1_27b_BARE_seed90', 'FE1_27b_MCP_seed90', 'FE2_27b_BARE_seed90', 'FE2_27b_MCP_seed90']
  seed 91: graded 1 cells -> dev_grades_27b_seed91.json   MISSING 63: ['FE1_27b_BARE_seed91', 'FE1_27b_MCP_seed91', 'FE2_27b_BARE_seed91', 'FE2_27b_MCP_seed91']
  seed 92: graded 3 cells -> dev_grades_27b_seed92.json   MISSING 61: ['FE1_27b_BARE_seed92', 'FE1_27b_MCP_seed92', 'FE2_27b_BARE_seed92', 'FE2_27b_MCP_seed92']
  seed 93: graded 3 cells -> dev_grades_27b_seed93.json   MISSING 61: ['FE1_27b_BARE_seed93', 'FE1_27b_MCP_seed93', 'FE2_27b_BARE_seed93', 'FE2_27b_MCP_seed93']
  seed 96: graded 51 cells -> dev_grades_27b_seed96.json   MISSING 13: ['C5_27b_MCP_seed96', 'C8_27b_MCP_seed96', 'C9_27b_MCP_seed96', 'C10_27b_BARE_seed96']
  seed 101: graded 2 cells -> dev_grades_27b_seed101.json   MISSING 62: ['FE1_27b_BARE_seed101', 'FE1_27b_MCP_seed101', 'FE2_27b_BARE_seed101', 'FE2_27b_MCP_seed101']
  seed 102: graded 2 cells -> dev_grades_27b_seed102.json   MISSING 62: ['FE1_27b_BARE_seed102', 'FE1_27b_MCP_seed102', 'FE2_27b_BARE_seed102', 'FE2_27b_MCP_seed102']
  seed 103: graded 1 cells -> dev_grades_27b_seed103.json   MISSING 63: ['FE1_27b_BARE_seed103', 'FE1_27b_MCP_seed103', 'FE2_27b_BARE_seed103', 'FE2_27b_MCP_seed103']
  seed 104: graded 2 cells -> dev_grades_27b_seed104.json   MISSING 62: ['FE1_27b_BARE_seed104', 'FE1_27b_MCP_seed104', 'FE2_27b_BARE_seed104', 'FE2_27b_MCP_seed104']
  seed 105: graded 2 cells -> dev_grades_27b_seed105.json   MISSING 62: ['FE1_27b_BARE_seed105', 'FE1_27b_MCP_seed105', 'FE2_27b_BARE_seed105', 'FE2_27b_MCP_seed105']
  seed 106: graded 2 cells -> dev_grades_27b_seed106.json   MISSING 62: ['FE1_27b_BARE_seed106', 'FE1_27b_MCP_seed106', 'FE2_27b_BARE_seed106', 'FE2_27b_MCP_seed106']
  seed 107: graded 2 cells -> dev_grades_27b_seed107.json   MISSING 62: ['FE1_27b_BARE_seed107', 'FE1_27b_MCP_seed107', 'FE2_27b_BARE_seed107', 'FE2_27b_MCP_seed107']
  seed 201: graded 2 cells -> dev_grades_27b_seed201.json   MISSING 62: ['FE1_27b_BARE_seed201', 'FE1_27b_MCP_seed201', 'FE2_27b_BARE_seed201', 'FE2_27b_MCP_seed201']
  seed 202: graded 2 cells -> dev_grades_27b_seed202.json   MISSING 62: ['FE1_27b_BARE_seed202', 'FE1_27b_MCP_seed202', 'FE2_27b_BARE_seed202', 'FE2_27b_MCP_seed202']
  seed 203: graded 2 cells -> dev_grades_27b_seed203.json   MISSING 62: ['FE1_27b_BARE_seed203', 'FE1_27b_MCP_seed203', 'FE2_27b_BARE_seed203', 'FE2_27b_MCP_seed203']
  seed 204: graded 2 cells -> dev_grades_27b_seed204.json   MISSING 62: ['FE1_27b_BARE_seed204', 'FE1_27b_MCP_seed204', 'FE2_27b_BARE_seed204', 'FE2_27b_MCP_seed204']
  seed 205: graded 2 cells -> dev_grades_27b_seed205.json   MISSING 62: ['FE1_27b_BARE_seed205', 'FE1_27b_MCP_seed205', 'FE2_27b_BARE_seed205', 'FE2_27b_MCP_seed205']
  seed 206: graded 2 cells -> dev_grades_27b_seed206.json   MISSING 62: ['FE1_27b_BARE_seed206', 'FE1_27b_MCP_seed206', 'FE2_27b_BARE_seed206', 'FE2_27b_MCP_seed206']
  seed 207: graded 2 cells -> dev_grades_27b_seed207.json   MISSING 62: ['FE1_27b_BARE_seed207', 'FE1_27b_MCP_seed207', 'FE2_27b_BARE_seed207', 'FE2_27b_MCP_seed207']
  seed 208: graded 2 cells -> dev_grades_27b_seed208.json   MISSING 62: ['FE1_27b_BARE_seed208', 'FE1_27b_MCP_seed208', 'FE2_27b_BARE_seed208', 'FE2_27b_MCP_seed208']
  seed 209: graded 2 cells -> dev_grades_27b_seed209.json   MISSING 62: ['FE1_27b_BARE_seed209', 'FE1_27b_MCP_seed209', 'FE2_27b_BARE_seed209', 'FE2_27b_MCP_seed209']
  seed 301: graded 2 cells -> dev_grades_27b_seed301.json   MISSING 62: ['FE1_27b_BARE_seed301', 'FE1_27b_MCP_seed301', 'FE2_27b_BARE_seed301', 'FE2_27b_MCP_seed301']
  seed 302: graded 2 cells -> dev_grades_27b_seed302.json   MISSING 62: ['FE1_27b_BARE_seed302', 'FE1_27b_MCP_seed302', 'FE2_27b_BARE_seed302', 'FE2_27b_MCP_seed302']
  seed 303: graded 2 cells -> dev_grades_27b_seed303.json   MISSING 62: ['FE1_27b_BARE_seed303', 'FE1_27b_MCP_seed303', 'FE2_27b_BARE_seed303', 'FE2_27b_MCP_seed303']
  seed 401: graded 2 cells -> dev_grades_27b_seed401.json   MISSING 62: ['FE1_27b_BARE_seed401', 'FE1_27b_MCP_seed401', 'FE2_27b_BARE_seed401', 'FE2_27b_MCP_seed401']
  seed 402: graded 2 cells -> dev_grades_27b_seed402.json   MISSING 62: ['FE1_27b_BARE_seed402', 'FE1_27b_MCP_seed402', 'FE2_27b_BARE_seed402', 'FE2_27b_MCP_seed402']
  seed 403: graded 2 cells -> dev_grades_27b_seed403.json   MISSING 62: ['FE1_27b_BARE_seed403', 'FE1_27b_MCP_seed403', 'FE2_27b_BARE_seed403', 'FE2_27b_MCP_seed403']
  seed 501: graded 2 cells -> dev_grades_27b_seed501.json   MISSING 62: ['FE1_27b_BARE_seed501', 'FE1_27b_MCP_seed501', 'FE2_27b_BARE_seed501', 'FE2_27b_MCP_seed501']
  seed 502: graded 2 cells -> dev_grades_27b_seed502.json   MISSING 62: ['FE1_27b_BARE_seed502', 'FE1_27b_MCP_seed502', 'FE2_27b_BARE_seed502', 'FE2_27b_MCP_seed502']
  seed 503: graded 2 cells -> dev_grades_27b_seed503.json   MISSING 62: ['FE1_27b_BARE_seed503', 'FE1_27b_MCP_seed503', 'FE2_27b_BARE_seed503', 'FE2_27b_MCP_seed503']
  seed 601: graded 2 cells -> dev_grades_27b_seed601.json   MISSING 62: ['FE1_27b_BARE_seed601', 'FE1_27b_MCP_seed601', 'FE2_27b_BARE_seed601', 'FE2_27b_MCP_seed601']
  seed 602: graded 2 cells -> dev_grades_27b_seed602.json   MISSING 62: ['FE1_27b_BARE_seed602', 'FE1_27b_MCP_seed602', 'FE2_27b_BARE_seed602', 'FE2_27b_MCP_seed602']
  seed 603: graded 2 cells -> dev_grades_27b_seed603.json   MISSING 62: ['FE1_27b_BARE_seed603', 'FE1_27b_MCP_seed603', 'FE2_27b_BARE_seed603', 'FE2_27b_MCP_seed603']
  seed 701: graded 2 cells -> dev_grades_27b_seed701.json   MISSING 62: ['FE1_27b_BARE_seed701', 'FE1_27b_MCP_seed701', 'FE2_27b_BARE_seed701', 'FE2_27b_MCP_seed701']
  seed 702: graded 2 cells -> dev_grades_27b_seed702.json   MISSING 62: ['FE1_27b_BARE_seed702', 'FE1_27b_MCP_seed702', 'FE2_27b_BARE_seed702', 'FE2_27b_MCP_seed702']
  seed 703: graded 2 cells -> dev_grades_27b_seed703.json   MISSING 62: ['FE1_27b_BARE_seed703', 'FE1_27b_MCP_seed703', 'FE2_27b_BARE_seed703', 'FE2_27b_MCP_seed703']
  seed 901: graded 2 cells -> dev_grades_27b_seed901.json   MISSING 62: ['FE1_27b_BARE_seed901', 'FE1_27b_MCP_seed901', 'FE2_27b_BARE_seed901', 'FE2_27b_MCP_seed901']
  seed 902: graded 2 cells -> dev_grades_27b_seed902.json   MISSING 62: ['FE1_27b_BARE_seed902', 'FE1_27b_MCP_seed902', 'FE2_27b_BARE_seed902', 'FE2_27b_MCP_seed902']
  seed 903: graded 2 cells -> dev_grades_27b_seed903.json   MISSING 62: ['FE1_27b_BARE_seed903', 'FE1_27b_MCP_seed903', 'FE2_27b_BARE_seed903', 'FE2_27b_MCP_seed903']
  seed 1001: graded 1 cells -> dev_grades_27b_seed1001.json   MISSING 63: ['FE1_27b_BARE_seed1001', 'FE1_27b_MCP_seed1001', 'FE2_27b_BARE_seed1001', 'FE2_27b_MCP_seed1001']
  seed 1101: graded 2 cells -> dev_grades_27b_seed1101.json   MISSING 62: ['FE1_27b_BARE_seed1101', 'FE1_27b_MCP_seed1101', 'FE2_27b_BARE_seed1101', 'FE2_27b_MCP_seed1101']
  seed 1102: graded 2 cells -> dev_grades_27b_seed1102.json   MISSING 62: ['FE1_27b_BARE_seed1102', 'FE1_27b_MCP_seed1102', 'FE2_27b_BARE_seed1102', 'FE2_27b_MCP_seed1102']
  seed 1103: graded 2 cells -> dev_grades_27b_seed1103.json   MISSING 62: ['FE1_27b_BARE_seed1103', 'FE1_27b_MCP_seed1103', 'FE2_27b_BARE_seed1103', 'FE2_27b_MCP_seed1103']
  seed 1201: graded 2 cells -> dev_grades_27b_seed1201.json   MISSING 62: ['FE1_27b_BARE_seed1201', 'FE1_27b_MCP_seed1201', 'FE2_27b_BARE_seed1201', 'FE2_27b_MCP_seed1201']
  seed 1202: graded 2 cells -> dev_grades_27b_seed1202.json   MISSING 62: ['FE1_27b_BARE_seed1202', 'FE1_27b_MCP_seed1202', 'FE2_27b_BARE_seed1202', 'FE2_27b_MCP_seed1202']
  seed 1203: graded 2 cells -> dev_grades_27b_seed1203.json   MISSING 62: ['FE1_27b_BARE_seed1203', 'FE1_27b_MCP_seed1203', 'FE2_27b_BARE_seed1203', 'FE2_27b_MCP_seed1203']
  seed 1301: graded 2 cells -> dev_grades_27b_seed1301.json   MISSING 62: ['FE1_27b_BARE_seed1301', 'FE1_27b_MCP_seed1301', 'FE2_27b_BARE_seed1301', 'FE2_27b_MCP_seed1301']
  seed 1302: graded 2 cells -> dev_grades_27b_seed1302.json   MISSING 62: ['FE1_27b_BARE_seed1302', 'FE1_27b_MCP_seed1302', 'FE2_27b_BARE_seed1302', 'FE2_27b_MCP_seed1302']
  seed 1303: graded 2 cells -> dev_grades_27b_seed1303.json   MISSING 62: ['FE1_27b_BARE_seed1303', 'FE1_27b_MCP_seed1303', 'FE2_27b_BARE_seed1303', 'FE2_27b_MCP_seed1303']
  seed 1401: graded 2 cells -> dev_grades_27b_seed1401.json   MISSING 62: ['FE1_27b_BARE_seed1401', 'FE1_27b_MCP_seed1401', 'FE2_27b_BARE_seed1401', 'FE2_27b_MCP_seed1401']
  seed 1402: graded 2 cells -> dev_grades_27b_seed1402.json   MISSING 62: ['FE1_27b_BARE_seed1402', 'FE1_27b_MCP_seed1402', 'FE2_27b_BARE_seed1402', 'FE2_27b_MCP_seed1402']
  seed 1403: graded 2 cells -> dev_grades_27b_seed1403.json   MISSING 62: ['FE1_27b_BARE_seed1403', 'FE1_27b_MCP_seed1403', 'FE2_27b_BARE_seed1403', 'FE2_27b_MCP_seed1403']
  seed 1501: graded 2 cells -> dev_grades_27b_seed1501.json   MISSING 62: ['FE1_27b_BARE_seed1501', 'FE1_27b_MCP_seed1501', 'FE2_27b_BARE_seed1501', 'FE2_27b_MCP_seed1501']
  seed 1502: graded 2 cells -> dev_grades_27b_seed1502.json   MISSING 62: ['FE1_27b_BARE_seed1502', 'FE1_27b_MCP_seed1502', 'FE2_27b_BARE_seed1502', 'FE2_27b_MCP_seed1502']
  seed 1503: graded 2 cells -> dev_grades_27b_seed1503.json   MISSING 62: ['FE1_27b_BARE_seed1503', 'FE1_27b_MCP_seed1503', 'FE2_27b_BARE_seed1503', 'FE2_27b_MCP_seed1503']
  seed 1601: graded 2 cells -> dev_grades_27b_seed1601.json   MISSING 62: ['FE1_27b_BARE_seed1601', 'FE1_27b_MCP_seed1601', 'FE2_27b_BARE_seed1601', 'FE2_27b_MCP_seed1601']
  seed 1602: graded 2 cells -> dev_grades_27b_seed1602.json   MISSING 62: ['FE1_27b_BARE_seed1602', 'FE1_27b_MCP_seed1602', 'FE2_27b_BARE_seed1602', 'FE2_27b_MCP_seed1602']
  seed 1603: graded 2 cells -> dev_grades_27b_seed1603.json   MISSING 62: ['FE1_27b_BARE_seed1603', 'FE1_27b_MCP_seed1603', 'FE2_27b_BARE_seed1603', 'FE2_27b_MCP_seed1603']
  seed 1701: graded 2 cells -> dev_grades_27b_seed1701.json   MISSING 62: ['FE1_27b_BARE_seed1701', 'FE1_27b_MCP_seed1701', 'FE2_27b_BARE_seed1701', 'FE2_27b_MCP_seed1701']
  seed 1702: graded 2 cells -> dev_grades_27b_seed1702.json   MISSING 62: ['FE1_27b_BARE_seed1702', 'FE1_27b_MCP_seed1702', 'FE2_27b_BARE_seed1702', 'FE2_27b_MCP_seed1702']
  seed 1703: graded 2 cells -> dev_grades_27b_seed1703.json   MISSING 62: ['FE1_27b_BARE_seed1703', 'FE1_27b_MCP_seed1703', 'FE2_27b_BARE_seed1703', 'FE2_27b_MCP_seed1703']
  seed 1801: graded 2 cells -> dev_grades_27b_seed1801.json   MISSING 62: ['FE1_27b_BARE_seed1801', 'FE1_27b_MCP_seed1801', 'FE2_27b_BARE_seed1801', 'FE2_27b_MCP_seed1801']
  seed 1802: graded 2 cells -> dev_grades_27b_seed1802.json   MISSING 62: ['FE1_27b_BARE_seed1802', 'FE1_27b_MCP_seed1802', 'FE2_27b_BARE_seed1802', 'FE2_27b_MCP_seed1802']
  seed 1803: graded 2 cells -> dev_grades_27b_seed1803.json   MISSING 62: ['FE1_27b_BARE_seed1803', 'FE1_27b_MCP_seed1803', 'FE2_27b_BARE_seed1803', 'FE2_27b_MCP_seed1803']
  seed 1901: graded 2 cells -> dev_grades_27b_seed1901.json   MISSING 62: ['FE1_27b_BARE_seed1901', 'FE1_27b_MCP_seed1901', 'FE2_27b_BARE_seed1901', 'FE2_27b_MCP_seed1901']
  seed 1902: graded 2 cells -> dev_grades_27b_seed1902.json   MISSING 62: ['FE1_27b_BARE_seed1902', 'FE1_27b_MCP_seed1902', 'FE2_27b_BARE_seed1902', 'FE2_27b_MCP_seed1902']
  seed 1903: graded 2 cells -> dev_grades_27b_seed1903.json   MISSING 62: ['FE1_27b_BARE_seed1903', 'FE1_27b_MCP_seed1903', 'FE2_27b_BARE_seed1903', 'FE2_27b_MCP_seed1903']
  seed 2001: graded 2 cells -> dev_grades_27b_seed2001.json   MISSING 62: ['FE1_27b_BARE_seed2001', 'FE1_27b_MCP_seed2001', 'FE2_27b_BARE_seed2001', 'FE2_27b_MCP_seed2001']
  seed 2002: graded 2 cells -> dev_grades_27b_seed2002.json   MISSING 62: ['FE1_27b_BARE_seed2002', 'FE1_27b_MCP_seed2002', 'FE2_27b_BARE_seed2002', 'FE2_27b_MCP_seed2002']
  seed 2003: graded 2 cells -> dev_grades_27b_seed2003.json   MISSING 62: ['FE1_27b_BARE_seed2003', 'FE1_27b_MCP_seed2003', 'FE2_27b_BARE_seed2003', 'FE2_27b_MCP_seed2003']
  seed 2101: graded 2 cells -> dev_grades_27b_seed2101.json   MISSING 62: ['FE1_27b_BARE_seed2101', 'FE1_27b_MCP_seed2101', 'FE2_27b_BARE_seed2101', 'FE2_27b_MCP_seed2101']
  seed 2102: graded 2 cells -> dev_grades_27b_seed2102.json   MISSING 62: ['FE1_27b_BARE_seed2102', 'FE1_27b_MCP_seed2102', 'FE2_27b_BARE_seed2102', 'FE2_27b_MCP_seed2102']
  seed 2103: graded 2 cells -> dev_grades_27b_seed2103.json   MISSING 62: ['FE1_27b_BARE_seed2103', 'FE1_27b_MCP_seed2103', 'FE2_27b_BARE_seed2103', 'FE2_27b_MCP_seed2103']
  seed 2201: graded 2 cells -> dev_grades_27b_seed2201.json   MISSING 62: ['FE1_27b_BARE_seed2201', 'FE1_27b_MCP_seed2201', 'FE2_27b_BARE_seed2201', 'FE2_27b_MCP_seed2201']
  seed 2202: graded 2 cells -> dev_grades_27b_seed2202.json   MISSING 62: ['FE1_27b_BARE_seed2202', 'FE1_27b_MCP_seed2202', 'FE2_27b_BARE_seed2202', 'FE2_27b_MCP_seed2202']
  seed 2203: graded 2 cells -> dev_grades_27b_seed2203.json   MISSING 62: ['FE1_27b_BARE_seed2203', 'FE1_27b_MCP_seed2203', 'FE2_27b_BARE_seed2203', 'FE2_27b_MCP_seed2203']
  seed 2301: graded 2 cells -> dev_grades_27b_seed2301.json   MISSING 62: ['FE1_27b_BARE_seed2301', 'FE1_27b_MCP_seed2301', 'FE2_27b_BARE_seed2301', 'FE2_27b_MCP_seed2301']
  seed 2302: graded 2 cells -> dev_grades_27b_seed2302.json   MISSING 62: ['FE1_27b_BARE_seed2302', 'FE1_27b_MCP_seed2302', 'FE2_27b_BARE_seed2302', 'FE2_27b_MCP_seed2302']
  seed 2303: graded 2 cells -> dev_grades_27b_seed2303.json   MISSING 62: ['FE1_27b_BARE_seed2303', 'FE1_27b_MCP_seed2303', 'FE2_27b_BARE_seed2303', 'FE2_27b_MCP_seed2303']
  seed 2401: graded 2 cells -> dev_grades_27b_seed2401.json   MISSING 62: ['FE1_27b_BARE_seed2401', 'FE1_27b_MCP_seed2401', 'FE2_27b_BARE_seed2401', 'FE2_27b_MCP_seed2401']
  seed 2402: graded 2 cells -> dev_grades_27b_seed2402.json   MISSING 62: ['FE1_27b_BARE_seed2402', 'FE1_27b_MCP_seed2402', 'FE2_27b_BARE_seed2402', 'FE2_27b_MCP_seed2402']
  seed 2403: graded 2 cells -> dev_grades_27b_seed2403.json   MISSING 62: ['FE1_27b_BARE_seed2403', 'FE1_27b_MCP_seed2403', 'FE2_27b_BARE_seed2403', 'FE2_27b_MCP_seed2403']
  seed 2501: graded 2 cells -> dev_grades_27b_seed2501.json   MISSING 62: ['FE1_27b_BARE_seed2501', 'FE1_27b_MCP_seed2501', 'FE2_27b_BARE_seed2501', 'FE2_27b_MCP_seed2501']
  seed 2502: graded 2 cells -> dev_grades_27b_seed2502.json   MISSING 62: ['FE1_27b_BARE_seed2502', 'FE1_27b_MCP_seed2502', 'FE2_27b_BARE_seed2502', 'FE2_27b_MCP_seed2502']
  seed 2503: graded 2 cells -> dev_grades_27b_seed2503.json   MISSING 62: ['FE1_27b_BARE_seed2503', 'FE1_27b_MCP_seed2503', 'FE2_27b_BARE_seed2503', 'FE2_27b_MCP_seed2503']
  seed 2601: graded 2 cells -> dev_grades_27b_seed2601.json   MISSING 62: ['FE1_27b_BARE_seed2601', 'FE1_27b_MCP_seed2601', 'FE2_27b_BARE_seed2601', 'FE2_27b_MCP_seed2601']
  seed 2602: graded 2 cells -> dev_grades_27b_seed2602.json   MISSING 62: ['FE1_27b_BARE_seed2602', 'FE1_27b_MCP_seed2602', 'FE2_27b_BARE_seed2602', 'FE2_27b_MCP_seed2602']
  seed 2603: graded 2 cells -> dev_grades_27b_seed2603.json   MISSING 62: ['FE1_27b_BARE_seed2603', 'FE1_27b_MCP_seed2603', 'FE2_27b_BARE_seed2603', 'FE2_27b_MCP_seed2603']
  seed 2701: graded 2 cells -> dev_grades_27b_seed2701.json   MISSING 62: ['FE1_27b_BARE_seed2701', 'FE1_27b_MCP_seed2701', 'FE2_27b_BARE_seed2701', 'FE2_27b_MCP_seed2701']
  seed 2702: graded 2 cells -> dev_grades_27b_seed2702.json   MISSING 62: ['FE1_27b_BARE_seed2702', 'FE1_27b_MCP_seed2702', 'FE2_27b_BARE_seed2702', 'FE2_27b_MCP_seed2702']
  seed 2703: graded 2 cells -> dev_grades_27b_seed2703.json   MISSING 62: ['FE1_27b_BARE_seed2703', 'FE1_27b_MCP_seed2703', 'FE2_27b_BARE_seed2703', 'FE2_27b_MCP_seed2703']
  seed 2801: graded 2 cells -> dev_grades_27b_seed2801.json   MISSING 62: ['FE1_27b_BARE_seed2801', 'FE1_27b_MCP_seed2801', 'FE2_27b_BARE_seed2801', 'FE2_27b_MCP_seed2801']
  seed 2802: graded 2 cells -> dev_grades_27b_seed2802.json   MISSING 62: ['FE1_27b_BARE_seed2802', 'FE1_27b_MCP_seed2802', 'FE2_27b_BARE_seed2802', 'FE2_27b_MCP_seed2802']
  seed 2803: graded 2 cells -> dev_grades_27b_seed2803.json   MISSING 62: ['FE1_27b_BARE_seed2803', 'FE1_27b_MCP_seed2803', 'FE2_27b_BARE_seed2803', 'FE2_27b_MCP_seed2803']
  seed 2901: graded 2 cells -> dev_grades_27b_seed2901.json   MISSING 62: ['FE1_27b_BARE_seed2901', 'FE1_27b_MCP_seed2901', 'FE2_27b_BARE_seed2901', 'FE2_27b_MCP_seed2901']
  seed 2902: graded 2 cells -> dev_grades_27b_seed2902.json   MISSING 62: ['FE1_27b_BARE_seed2902', 'FE1_27b_MCP_seed2902', 'FE2_27b_BARE_seed2902', 'FE2_27b_MCP_seed2902']
  seed 2903: graded 2 cells -> dev_grades_27b_seed2903.json   MISSING 62: ['FE1_27b_BARE_seed2903', 'FE1_27b_MCP_seed2903', 'FE2_27b_BARE_seed2903', 'FE2_27b_MCP_seed2903']
  seed 3001: graded 2 cells -> dev_grades_27b_seed3001.json   MISSING 62: ['FE1_27b_BARE_seed3001', 'FE1_27b_MCP_seed3001', 'FE2_27b_BARE_seed3001', 'FE2_27b_MCP_seed3001']
  seed 3002: graded 2 cells -> dev_grades_27b_seed3002.json   MISSING 62: ['FE1_27b_BARE_seed3002', 'FE1_27b_MCP_seed3002', 'FE2_27b_BARE_seed3002', 'FE2_27b_MCP_seed3002']
  seed 3003: graded 2 cells -> dev_grades_27b_seed3003.json   MISSING 62: ['FE1_27b_BARE_seed3003', 'FE1_27b_MCP_seed3003', 'FE2_27b_BARE_seed3003', 'FE2_27b_MCP_seed3003']
  seed 3101: graded 2 cells -> dev_grades_27b_seed3101.json   MISSING 62: ['FE1_27b_BARE_seed3101', 'FE1_27b_MCP_seed3101', 'DL1_27b_BARE_seed3101', 'DL1_27b_MCP_seed3101']
  seed 3102: graded 2 cells -> dev_grades_27b_seed3102.json   MISSING 62: ['FE1_27b_BARE_seed3102', 'FE1_27b_MCP_seed3102', 'DL1_27b_BARE_seed3102', 'DL1_27b_MCP_seed3102']
  seed 3103: graded 2 cells -> dev_grades_27b_seed3103.json   MISSING 62: ['FE1_27b_BARE_seed3103', 'FE1_27b_MCP_seed3103', 'DL1_27b_BARE_seed3103', 'DL1_27b_MCP_seed3103']
  seed 3201: graded 2 cells -> dev_grades_27b_seed3201.json   MISSING 62: ['FE1_27b_BARE_seed3201', 'FE1_27b_MCP_seed3201', 'DL1_27b_BARE_seed3201', 'DL1_27b_MCP_seed3201']
  seed 3202: graded 2 cells -> dev_grades_27b_seed3202.json   MISSING 62: ['FE1_27b_BARE_seed3202', 'FE1_27b_MCP_seed3202', 'DL1_27b_BARE_seed3202', 'DL1_27b_MCP_seed3202']
  seed 3203: graded 2 cells -> dev_grades_27b_seed3203.json   MISSING 62: ['FE1_27b_BARE_seed3203', 'FE1_27b_MCP_seed3203', 'DL1_27b_BARE_seed3203', 'DL1_27b_MCP_seed3203']
  seed 3301: graded 2 cells -> dev_grades_27b_seed3301.json   MISSING 62: ['FE1_27b_BARE_seed3301', 'FE1_27b_MCP_seed3301', 'FE2_27b_BARE_seed3301', 'FE2_27b_MCP_seed3301']
  seed 3302: graded 2 cells -> dev_grades_27b_seed3302.json   MISSING 62: ['FE1_27b_BARE_seed3302', 'FE1_27b_MCP_seed3302', 'FE2_27b_BARE_seed3302', 'FE2_27b_MCP_seed3302']
  seed 3303: graded 2 cells -> dev_grades_27b_seed3303.json   MISSING 62: ['FE1_27b_BARE_seed3303', 'FE1_27b_MCP_seed3303', 'FE2_27b_BARE_seed3303', 'FE2_27b_MCP_seed3303']
  seed 3401: graded 2 cells -> dev_grades_27b_seed3401.json   MISSING 62: ['FE1_27b_BARE_seed3401', 'FE1_27b_MCP_seed3401', 'FE2_27b_BARE_seed3401', 'FE2_27b_MCP_seed3401']
  seed 3402: graded 2 cells -> dev_grades_27b_seed3402.json   MISSING 62: ['FE1_27b_BARE_seed3402', 'FE1_27b_MCP_seed3402', 'FE2_27b_BARE_seed3402', 'FE2_27b_MCP_seed3402']
  seed 3403: graded 2 cells -> dev_grades_27b_seed3403.json   MISSING 62: ['FE1_27b_BARE_seed3403', 'FE1_27b_MCP_seed3403', 'FE2_27b_BARE_seed3403', 'FE2_27b_MCP_seed3403']
  seed 3501: graded 2 cells -> dev_grades_27b_seed3501.json   MISSING 62: ['FE1_27b_BARE_seed3501', 'FE1_27b_MCP_seed3501', 'FE2_27b_BARE_seed3501', 'FE2_27b_MCP_seed3501']
  seed 3502: graded 2 cells -> dev_grades_27b_seed3502.json   MISSING 62: ['FE1_27b_BARE_seed3502', 'FE1_27b_MCP_seed3502', 'FE2_27b_BARE_seed3502', 'FE2_27b_MCP_seed3502']
  seed 3503: graded 2 cells -> dev_grades_27b_seed3503.json   MISSING 62: ['FE1_27b_BARE_seed3503', 'FE1_27b_MCP_seed3503', 'FE2_27b_BARE_seed3503', 'FE2_27b_MCP_seed3503']
  seed 3601: graded 2 cells -> dev_grades_27b_seed3601.json   MISSING 62: ['FE1_27b_BARE_seed3601', 'FE1_27b_MCP_seed3601', 'FE2_27b_BARE_seed3601', 'FE2_27b_MCP_seed3601']
  seed 3602: graded 2 cells -> dev_grades_27b_seed3602.json   MISSING 62: ['FE1_27b_BARE_seed3602', 'FE1_27b_MCP_seed3602', 'FE2_27b_BARE_seed3602', 'FE2_27b_MCP_seed3602']
  seed 3603: graded 2 cells -> dev_grades_27b_seed3603.json   MISSING 62: ['FE1_27b_BARE_seed3603', 'FE1_27b_MCP_seed3603', 'FE2_27b_BARE_seed3603', 'FE2_27b_MCP_seed3603']
  seed 3701: graded 2 cells -> dev_grades_27b_seed3701.json   MISSING 62: ['FE1_27b_BARE_seed3701', 'FE1_27b_MCP_seed3701', 'FE2_27b_BARE_seed3701', 'FE2_27b_MCP_seed3701']
  seed 3702: graded 2 cells -> dev_grades_27b_seed3702.json   MISSING 62: ['FE1_27b_BARE_seed3702', 'FE1_27b_MCP_seed3702', 'FE2_27b_BARE_seed3702', 'FE2_27b_MCP_seed3702']
  seed 3703: graded 2 cells -> dev_grades_27b_seed3703.json   MISSING 62: ['FE1_27b_BARE_seed3703', 'FE1_27b_MCP_seed3703', 'FE2_27b_BARE_seed3703', 'FE2_27b_MCP_seed3703']
  seed 3801: graded 2 cells -> dev_grades_27b_seed3801.json   MISSING 62: ['FE1_27b_BARE_seed3801', 'FE1_27b_MCP_seed3801', 'FE2_27b_BARE_seed3801', 'FE2_27b_MCP_seed3801']
  seed 3802: graded 2 cells -> dev_grades_27b_seed3802.json   MISSING 62: ['FE1_27b_BARE_seed3802', 'FE1_27b_MCP_seed3802', 'FE2_27b_BARE_seed3802', 'FE2_27b_MCP_seed3802']
  seed 3803: graded 2 cells -> dev_grades_27b_seed3803.json   MISSING 62: ['FE1_27b_BARE_seed3803', 'FE1_27b_MCP_seed3803', 'FE2_27b_BARE_seed3803', 'FE2_27b_MCP_seed3803']
  seed 3901: graded 2 cells -> dev_grades_27b_seed3901.json   MISSING 62: ['FE1_27b_BARE_seed3901', 'FE1_27b_MCP_seed3901', 'FE2_27b_BARE_seed3901', 'FE2_27b_MCP_seed3901']
  seed 3902: graded 2 cells -> dev_grades_27b_seed3902.json   MISSING 62: ['FE1_27b_BARE_seed3902', 'FE1_27b_MCP_seed3902', 'FE2_27b_BARE_seed3902', 'FE2_27b_MCP_seed3902']
  seed 3903: graded 2 cells -> dev_grades_27b_seed3903.json   MISSING 62: ['FE1_27b_BARE_seed3903', 'FE1_27b_MCP_seed3903', 'FE2_27b_BARE_seed3903', 'FE2_27b_MCP_seed3903']
  seed 4001: graded 2 cells -> dev_grades_27b_seed4001.json   MISSING 62: ['FE1_27b_BARE_seed4001', 'FE1_27b_MCP_seed4001', 'FE2_27b_BARE_seed4001', 'FE2_27b_MCP_seed4001']
  seed 4002: graded 2 cells -> dev_grades_27b_seed4002.json   MISSING 62: ['FE1_27b_BARE_seed4002', 'FE1_27b_MCP_seed4002', 'FE2_27b_BARE_seed4002', 'FE2_27b_MCP_seed4002']
  seed 4003: graded 2 cells -> dev_grades_27b_seed4003.json   MISSING 62: ['FE1_27b_BARE_seed4003', 'FE1_27b_MCP_seed4003', 'FE2_27b_BARE_seed4003', 'FE2_27b_MCP_seed4003']
  seed 4101: graded 2 cells -> dev_grades_27b_seed4101.json   MISSING 62: ['FE1_27b_BARE_seed4101', 'FE1_27b_MCP_seed4101', 'FE2_27b_BARE_seed4101', 'FE2_27b_MCP_seed4101']
  seed 4102: graded 2 cells -> dev_grades_27b_seed4102.json   MISSING 62: ['FE1_27b_BARE_seed4102', 'FE1_27b_MCP_seed4102', 'FE2_27b_BARE_seed4102', 'FE2_27b_MCP_seed4102']
  seed 4103: graded 2 cells -> dev_grades_27b_seed4103.json   MISSING 62: ['FE1_27b_BARE_seed4103', 'FE1_27b_MCP_seed4103', 'FE2_27b_BARE_seed4103', 'FE2_27b_MCP_seed4103']
  seed 4201: graded 2 cells -> dev_grades_27b_seed4201.json   MISSING 62: ['FE1_27b_BARE_seed4201', 'FE1_27b_MCP_seed4201', 'FE2_27b_BARE_seed4201', 'FE2_27b_MCP_seed4201']
  seed 4202: graded 2 cells -> dev_grades_27b_seed4202.json   MISSING 62: ['FE1_27b_BARE_seed4202', 'FE1_27b_MCP_seed4202', 'FE2_27b_BARE_seed4202', 'FE2_27b_MCP_seed4202']
  seed 4203: graded 2 cells -> dev_grades_27b_seed4203.json   MISSING 62: ['FE1_27b_BARE_seed4203', 'FE1_27b_MCP_seed4203', 'FE2_27b_BARE_seed4203', 'FE2_27b_MCP_seed4203']
  seed 4301: graded 2 cells -> dev_grades_27b_seed4301.json   MISSING 62: ['FE1_27b_BARE_seed4301', 'FE1_27b_MCP_seed4301', 'FE2_27b_BARE_seed4301', 'FE2_27b_MCP_seed4301']
  seed 4302: graded 2 cells -> dev_grades_27b_seed4302.json   MISSING 62: ['FE1_27b_BARE_seed4302', 'FE1_27b_MCP_seed4302', 'FE2_27b_BARE_seed4302', 'FE2_27b_MCP_seed4302']
  seed 4303: graded 2 cells -> dev_grades_27b_seed4303.json   MISSING 62: ['FE1_27b_BARE_seed4303', 'FE1_27b_MCP_seed4303', 'FE2_27b_BARE_seed4303', 'FE2_27b_MCP_seed4303']
  seed 4401: graded 2 cells -> dev_grades_27b_seed4401.json   MISSING 62: ['FE1_27b_BARE_seed4401', 'FE1_27b_MCP_seed4401', 'FE2_27b_BARE_seed4401', 'FE2_27b_MCP_seed4401']
  seed 4402: graded 2 cells -> dev_grades_27b_seed4402.json   MISSING 62: ['FE1_27b_BARE_seed4402', 'FE1_27b_MCP_seed4402', 'FE2_27b_BARE_seed4402', 'FE2_27b_MCP_seed4402']
  seed 4403: graded 2 cells -> dev_grades_27b_seed4403.json   MISSING 62: ['FE1_27b_BARE_seed4403', 'FE1_27b_MCP_seed4403', 'FE2_27b_BARE_seed4403', 'FE2_27b_MCP_seed4403']
  seed 4501: graded 2 cells -> dev_grades_27b_seed4501.json   MISSING 62: ['FE2_27b_BARE_seed4501', 'FE2_27b_MCP_seed4501', 'DL1_27b_BARE_seed4501', 'DL1_27b_MCP_seed4501']
  seed 4502: graded 2 cells -> dev_grades_27b_seed4502.json   MISSING 62: ['FE2_27b_BARE_seed4502', 'FE2_27b_MCP_seed4502', 'DL1_27b_BARE_seed4502', 'DL1_27b_MCP_seed4502']
  seed 4503: graded 2 cells -> dev_grades_27b_seed4503.json   MISSING 62: ['FE2_27b_BARE_seed4503', 'FE2_27b_MCP_seed4503', 'DL1_27b_BARE_seed4503', 'DL1_27b_MCP_seed4503']
  seed 4601: graded 2 cells -> dev_grades_27b_seed4601.json   MISSING 62: ['FE2_27b_BARE_seed4601', 'FE2_27b_MCP_seed4601', 'DL1_27b_BARE_seed4601', 'DL1_27b_MCP_seed4601']
  seed 4602: graded 2 cells -> dev_grades_27b_seed4602.json   MISSING 62: ['FE2_27b_BARE_seed4602', 'FE2_27b_MCP_seed4602', 'DL1_27b_BARE_seed4602', 'DL1_27b_MCP_seed4602']
  seed 4603: graded 2 cells -> dev_grades_27b_seed4603.json   MISSING 62: ['FE2_27b_BARE_seed4603', 'FE2_27b_MCP_seed4603', 'DL1_27b_BARE_seed4603', 'DL1_27b_MCP_seed4603']
  seed 4701: graded 2 cells -> dev_grades_27b_seed4701.json   MISSING 62: ['FE1_27b_BARE_seed4701', 'FE1_27b_MCP_seed4701', 'FE2_27b_BARE_seed4701', 'FE2_27b_MCP_seed4701']
  seed 4702: graded 2 cells -> dev_grades_27b_seed4702.json   MISSING 62: ['FE1_27b_BARE_seed4702', 'FE1_27b_MCP_seed4702', 'FE2_27b_BARE_seed4702', 'FE2_27b_MCP_seed4702']
  seed 4703: graded 2 cells -> dev_grades_27b_seed4703.json   MISSING 62: ['FE1_27b_BARE_seed4703', 'FE1_27b_MCP_seed4703', 'FE2_27b_BARE_seed4703', 'FE2_27b_MCP_seed4703']
  seed 4801: graded 2 cells -> dev_grades_27b_seed4801.json   MISSING 62: ['FE1_27b_BARE_seed4801', 'FE1_27b_MCP_seed4801', 'FE2_27b_BARE_seed4801', 'FE2_27b_MCP_seed4801']
  seed 4802: graded 2 cells -> dev_grades_27b_seed4802.json   MISSING 62: ['FE1_27b_BARE_seed4802', 'FE1_27b_MCP_seed4802', 'FE2_27b_BARE_seed4802', 'FE2_27b_MCP_seed4802']
  seed 4803: graded 2 cells -> dev_grades_27b_seed4803.json   MISSING 62: ['FE1_27b_BARE_seed4803', 'FE1_27b_MCP_seed4803', 'FE2_27b_BARE_seed4803', 'FE2_27b_MCP_seed4803']
  seed 4901: graded 2 cells -> dev_grades_27b_seed4901.json   MISSING 62: ['FE1_27b_BARE_seed4901', 'FE1_27b_MCP_seed4901', 'FE2_27b_BARE_seed4901', 'FE2_27b_MCP_seed4901']
  seed 4902: graded 2 cells -> dev_grades_27b_seed4902.json   MISSING 62: ['FE1_27b_BARE_seed4902', 'FE1_27b_MCP_seed4902', 'FE2_27b_BARE_seed4902', 'FE2_27b_MCP_seed4902']
  seed 4903: graded 2 cells -> dev_grades_27b_seed4903.json   MISSING 62: ['FE1_27b_BARE_seed4903', 'FE1_27b_MCP_seed4903', 'FE2_27b_BARE_seed4903', 'FE2_27b_MCP_seed4903']
  seed 5001: graded 2 cells -> dev_grades_27b_seed5001.json   MISSING 62: ['FE1_27b_BARE_seed5001', 'FE1_27b_MCP_seed5001', 'FE2_27b_BARE_seed5001', 'FE2_27b_MCP_seed5001']
  seed 5002: graded 2 cells -> dev_grades_27b_seed5002.json   MISSING 62: ['FE1_27b_BARE_seed5002', 'FE1_27b_MCP_seed5002', 'FE2_27b_BARE_seed5002', 'FE2_27b_MCP_seed5002']
  seed 5003: graded 2 cells -> dev_grades_27b_seed5003.json   MISSING 62: ['FE1_27b_BARE_seed5003', 'FE1_27b_MCP_seed5003', 'FE2_27b_BARE_seed5003', 'FE2_27b_MCP_seed5003']
  seed 5101: graded 2 cells -> dev_grades_27b_seed5101.json   MISSING 62: ['FE1_27b_BARE_seed5101', 'FE1_27b_MCP_seed5101', 'FE2_27b_BARE_seed5101', 'FE2_27b_MCP_seed5101']
  seed 5102: graded 2 cells -> dev_grades_27b_seed5102.json   MISSING 62: ['FE1_27b_BARE_seed5102', 'FE1_27b_MCP_seed5102', 'FE2_27b_BARE_seed5102', 'FE2_27b_MCP_seed5102']
  seed 5103: graded 2 cells -> dev_grades_27b_seed5103.json   MISSING 62: ['FE1_27b_BARE_seed5103', 'FE1_27b_MCP_seed5103', 'FE2_27b_BARE_seed5103', 'FE2_27b_MCP_seed5103']
  seed 5201: graded 2 cells -> dev_grades_27b_seed5201.json   MISSING 62: ['FE1_27b_BARE_seed5201', 'FE1_27b_MCP_seed5201', 'FE2_27b_BARE_seed5201', 'FE2_27b_MCP_seed5201']
  seed 5202: graded 2 cells -> dev_grades_27b_seed5202.json   MISSING 62: ['FE1_27b_BARE_seed5202', 'FE1_27b_MCP_seed5202', 'FE2_27b_BARE_seed5202', 'FE2_27b_MCP_seed5202']
  seed 5203: graded 2 cells -> dev_grades_27b_seed5203.json   MISSING 62: ['FE1_27b_BARE_seed5203', 'FE1_27b_MCP_seed5203', 'FE2_27b_BARE_seed5203', 'FE2_27b_MCP_seed5203']
  seed 5301: graded 2 cells -> dev_grades_27b_seed5301.json   MISSING 62: ['FE1_27b_BARE_seed5301', 'FE1_27b_MCP_seed5301', 'FE2_27b_BARE_seed5301', 'FE2_27b_MCP_seed5301']
  seed 5302: graded 2 cells -> dev_grades_27b_seed5302.json   MISSING 62: ['FE1_27b_BARE_seed5302', 'FE1_27b_MCP_seed5302', 'FE2_27b_BARE_seed5302', 'FE2_27b_MCP_seed5302']
  seed 5303: graded 2 cells -> dev_grades_27b_seed5303.json   MISSING 62: ['FE1_27b_BARE_seed5303', 'FE1_27b_MCP_seed5303', 'FE2_27b_BARE_seed5303', 'FE2_27b_MCP_seed5303']
  seed 5401: graded 2 cells -> dev_grades_27b_seed5401.json   MISSING 62: ['FE1_27b_BARE_seed5401', 'FE1_27b_MCP_seed5401', 'FE2_27b_BARE_seed5401', 'FE2_27b_MCP_seed5401']
  seed 5402: graded 2 cells -> dev_grades_27b_seed5402.json   MISSING 62: ['FE1_27b_BARE_seed5402', 'FE1_27b_MCP_seed5402', 'FE2_27b_BARE_seed5402', 'FE2_27b_MCP_seed5402']
  seed 5403: graded 2 cells -> dev_grades_27b_seed5403.json   MISSING 62: ['FE1_27b_BARE_seed5403', 'FE1_27b_MCP_seed5403', 'FE2_27b_BARE_seed5403', 'FE2_27b_MCP_seed5403']
  seed 5501: graded 2 cells -> dev_grades_27b_seed5501.json   MISSING 62: ['FE1_27b_BARE_seed5501', 'FE1_27b_MCP_seed5501', 'FE2_27b_BARE_seed5501', 'FE2_27b_MCP_seed5501']
  seed 5502: graded 2 cells -> dev_grades_27b_seed5502.json   MISSING 62: ['FE1_27b_BARE_seed5502', 'FE1_27b_MCP_seed5502', 'FE2_27b_BARE_seed5502', 'FE2_27b_MCP_seed5502']
  seed 5503: graded 2 cells -> dev_grades_27b_seed5503.json   MISSING 62: ['FE1_27b_BARE_seed5503', 'FE1_27b_MCP_seed5503', 'FE2_27b_BARE_seed5503', 'FE2_27b_MCP_seed5503']
  seed 5601: graded 2 cells -> dev_grades_27b_seed5601.json   MISSING 62: ['FE1_27b_BARE_seed5601', 'FE1_27b_MCP_seed5601', 'FE2_27b_BARE_seed5601', 'FE2_27b_MCP_seed5601']
  seed 5602: graded 2 cells -> dev_grades_27b_seed5602.json   MISSING 62: ['FE1_27b_BARE_seed5602', 'FE1_27b_MCP_seed5602', 'FE2_27b_BARE_seed5602', 'FE2_27b_MCP_seed5602']
  seed 5603: graded 2 cells -> dev_grades_27b_seed5603.json   MISSING 62: ['FE1_27b_BARE_seed5603', 'FE1_27b_MCP_seed5603', 'FE2_27b_BARE_seed5603', 'FE2_27b_MCP_seed5603']
  seed 5701: graded 2 cells -> dev_grades_27b_seed5701.json   MISSING 62: ['FE1_27b_BARE_seed5701', 'FE1_27b_MCP_seed5701', 'FE2_27b_BARE_seed5701', 'FE2_27b_MCP_seed5701']
  seed 5702: graded 2 cells -> dev_grades_27b_seed5702.json   MISSING 62: ['FE1_27b_BARE_seed5702', 'FE1_27b_MCP_seed5702', 'FE2_27b_BARE_seed5702', 'FE2_27b_MCP_seed5702']
  seed 5703: graded 2 cells -> dev_grades_27b_seed5703.json   MISSING 62: ['FE1_27b_BARE_seed5703', 'FE1_27b_MCP_seed5703', 'FE2_27b_BARE_seed5703', 'FE2_27b_MCP_seed5703']
  seed 5801: graded 2 cells -> dev_grades_27b_seed5801.json   MISSING 62: ['FE1_27b_BARE_seed5801', 'FE1_27b_MCP_seed5801', 'FE2_27b_BARE_seed5801', 'FE2_27b_MCP_seed5801']
  seed 5802: graded 2 cells -> dev_grades_27b_seed5802.json   MISSING 62: ['FE1_27b_BARE_seed5802', 'FE1_27b_MCP_seed5802', 'FE2_27b_BARE_seed5802', 'FE2_27b_MCP_seed5802']
  seed 5803: graded 2 cells -> dev_grades_27b_seed5803.json   MISSING 62: ['FE1_27b_BARE_seed5803', 'FE1_27b_MCP_seed5803', 'FE2_27b_BARE_seed5803', 'FE2_27b_MCP_seed5803']
  seed 5901: graded 2 cells -> dev_grades_27b_seed5901.json   MISSING 62: ['FE1_27b_BARE_seed5901', 'FE1_27b_MCP_seed5901', 'FE2_27b_BARE_seed5901', 'FE2_27b_MCP_seed5901']
  seed 5902: graded 2 cells -> dev_grades_27b_seed5902.json   MISSING 62: ['FE1_27b_BARE_seed5902', 'FE1_27b_MCP_seed5902', 'FE2_27b_BARE_seed5902', 'FE2_27b_MCP_seed5902']
  seed 5903: graded 2 cells -> dev_grades_27b_seed5903.json   MISSING 62: ['FE1_27b_BARE_seed5903', 'FE1_27b_MCP_seed5903', 'FE2_27b_BARE_seed5903', 'FE2_27b_MCP_seed5903']
  seed 6001: graded 2 cells -> dev_grades_27b_seed6001.json   MISSING 62: ['FE1_27b_BARE_seed6001', 'FE1_27b_MCP_seed6001', 'DL1_27b_BARE_seed6001', 'DL1_27b_MCP_seed6001']
  seed 6002: graded 2 cells -> dev_grades_27b_seed6002.json   MISSING 62: ['FE1_27b_BARE_seed6002', 'FE1_27b_MCP_seed6002', 'DL1_27b_BARE_seed6002', 'DL1_27b_MCP_seed6002']
  seed 6003: graded 2 cells -> dev_grades_27b_seed6003.json   MISSING 62: ['FE1_27b_BARE_seed6003', 'FE1_27b_MCP_seed6003', 'DL1_27b_BARE_seed6003', 'DL1_27b_MCP_seed6003']
  SEALED    d---------  /home/alexander/Schreibtisch/qwen_uplift_test/campaign3_blind/keys
SEALED    d---------  /home/alexander/Schreibtisch/qwen_uplift_test/campaign3_blind/keys_backup_20260816
SEALED    d---------  /home/alexander/Schreibtisch/qwen_uplift_test/campaign3_blind/keys_dev3
chmod: das Verzeichnis '/home/alexander/Schreibtisch/qwen_uplift_test/campaign3_blind/keys' kann nicht gelesen werden: Keine Berechtigung
chmod: das Verzeichnis '/home/alexander/Schreibtisch/qwen_uplift_test/campaign3_blind/keys_backup_20260816' kann nicht gelesen werden: Keine Berechtigung
chmod: das Verzeichnis '/home/alexander/Schreibtisch/qwen_uplift_test/campaign3_blind/keys_dev3' kann nicht gelesen werden: Keine Berechtigung
  keys after: d---------  SEALED
