  keys before: d---------  SEALED
  UNSEALED  drwx------  /home/alexander/Schreibtisch/qwen_uplift_test/campaign3_blind/keys
UNSEALED  drwx------  /home/alexander/Schreibtisch/qwen_uplift_test/campaign3_blind/keys_backup_20260816
UNSEALED  drwx------  /home/alexander/Schreibtisch/qwen_uplift_test/campaign3_blind/keys_dev3
  seed 5951: graded 1 cells -> honest32_grades.json_seed5951.json   MISSING 63: ['FE1_27b_BARE_seed5951', 'FE1_27b_MCP_seed5951', 'FE2_27b_BARE_seed5951', 'FE2_27b_MCP_seed5951']
  seed 5952: graded 1 cells -> honest32_grades.json_seed5952.json   MISSING 63: ['FE1_27b_BARE_seed5952', 'FE1_27b_MCP_seed5952', 'FE2_27b_BARE_seed5952', 'FE2_27b_MCP_seed5952']
  seed 5953: graded 1 cells -> honest32_grades.json_seed5953.json   MISSING 63: ['FE1_27b_BARE_seed5953', 'FE1_27b_MCP_seed5953', 'FE2_27b_BARE_seed5953', 'FE2_27b_MCP_seed5953']
  seed 6881: graded 1 cells -> honest32_grades.json_seed6881.json   MISSING 63: ['FE1_27b_BARE_seed6881', 'FE1_27b_MCP_seed6881', 'FE2_27b_BARE_seed6881', 'FE2_27b_MCP_seed6881']
  seed 6882: graded 1 cells -> honest32_grades.json_seed6882.json   MISSING 63: ['FE1_27b_BARE_seed6882', 'FE1_27b_MCP_seed6882', 'FE2_27b_BARE_seed6882', 'FE2_27b_MCP_seed6882']
  seed 6883: graded 1 cells -> honest32_grades.json_seed6883.json   MISSING 63: ['FE1_27b_BARE_seed6883', 'FE1_27b_MCP_seed6883', 'FE2_27b_BARE_seed6883', 'FE2_27b_MCP_seed6883']
  seed 6891: graded 1 cells -> honest32_grades.json_seed6891.json   MISSING 63: ['FE1_27b_BARE_seed6891', 'FE1_27b_MCP_seed6891', 'FE2_27b_BARE_seed6891', 'FE2_27b_MCP_seed6891']
  seed 6892: graded 1 cells -> honest32_grades.json_seed6892.json   MISSING 63: ['FE1_27b_BARE_seed6892', 'FE1_27b_MCP_seed6892', 'FE2_27b_BARE_seed6892', 'FE2_27b_MCP_seed6892']
  seed 6893: graded 1 cells -> honest32_grades.json_seed6893.json   MISSING 63: ['FE1_27b_BARE_seed6893', 'FE1_27b_MCP_seed6893', 'FE2_27b_BARE_seed6893', 'FE2_27b_MCP_seed6893']
  SEALED    d---------  /home/alexander/Schreibtisch/qwen_uplift_test/campaign3_blind/keys
SEALED    d---------  /home/alexander/Schreibtisch/qwen_uplift_test/campaign3_blind/keys_backup_20260816
SEALED    d---------  /home/alexander/Schreibtisch/qwen_uplift_test/campaign3_blind/keys_dev3
chmod: das Verzeichnis '/home/alexander/Schreibtisch/qwen_uplift_test/campaign3_blind/keys' kann nicht gelesen werden: Keine Berechtigung
chmod: das Verzeichnis '/home/alexander/Schreibtisch/qwen_uplift_test/campaign3_blind/keys_backup_20260816' kann nicht gelesen werden: Keine Berechtigung
chmod: das Verzeichnis '/home/alexander/Schreibtisch/qwen_uplift_test/campaign3_blind/keys_dev3' kann nicht gelesen werden: Keine Berechtigung
  keys after: d---------  SEALED
grade32 exit 0
d---------
