  keys before: d---------  SEALED
  UNSEALED  drwx------  /home/alexander/Schreibtisch/qwen_uplift_test/campaign3_blind/keys
UNSEALED  drwx------  /home/alexander/Schreibtisch/qwen_uplift_test/campaign3_blind/keys_backup_20260816
UNSEALED  drwx------  /home/alexander/Schreibtisch/qwen_uplift_test/campaign3_blind/keys_dev3
  seed 5761: graded 1 cells -> honest20_grades.json_seed5761.json   MISSING 63: ['FE1_27b_BARE_seed5761', 'FE1_27b_MCP_seed5761', 'FE2_27b_BARE_seed5761', 'FE2_27b_MCP_seed5761']
  seed 5762: graded 1 cells -> honest20_grades.json_seed5762.json   MISSING 63: ['FE1_27b_BARE_seed5762', 'FE1_27b_MCP_seed5762', 'FE2_27b_BARE_seed5762', 'FE2_27b_MCP_seed5762']
  seed 5763: graded 1 cells -> honest20_grades.json_seed5763.json   MISSING 63: ['FE1_27b_BARE_seed5763', 'FE1_27b_MCP_seed5763', 'FE2_27b_BARE_seed5763', 'FE2_27b_MCP_seed5763']
  seed 6601: graded 1 cells -> honest20_grades.json_seed6601.json   MISSING 63: ['FE1_27b_BARE_seed6601', 'FE1_27b_MCP_seed6601', 'FE2_27b_BARE_seed6601', 'FE2_27b_MCP_seed6601']
  seed 6602: graded 1 cells -> honest20_grades.json_seed6602.json   MISSING 63: ['FE1_27b_BARE_seed6602', 'FE1_27b_MCP_seed6602', 'FE2_27b_BARE_seed6602', 'FE2_27b_MCP_seed6602']
  seed 6603: graded 1 cells -> honest20_grades.json_seed6603.json   MISSING 63: ['FE1_27b_BARE_seed6603', 'FE1_27b_MCP_seed6603', 'FE2_27b_BARE_seed6603', 'FE2_27b_MCP_seed6603']
  seed 6611: graded 1 cells -> honest20_grades.json_seed6611.json   MISSING 63: ['FE1_27b_BARE_seed6611', 'FE1_27b_MCP_seed6611', 'FE2_27b_BARE_seed6611', 'FE2_27b_MCP_seed6611']
  seed 6612: graded 1 cells -> honest20_grades.json_seed6612.json   MISSING 63: ['FE1_27b_BARE_seed6612', 'FE1_27b_MCP_seed6612', 'FE2_27b_BARE_seed6612', 'FE2_27b_MCP_seed6612']
  seed 6613: graded 1 cells -> honest20_grades.json_seed6613.json   MISSING 63: ['FE1_27b_BARE_seed6613', 'FE1_27b_MCP_seed6613', 'FE2_27b_BARE_seed6613', 'FE2_27b_MCP_seed6613']
  SEALED    d---------  /home/alexander/Schreibtisch/qwen_uplift_test/campaign3_blind/keys
SEALED    d---------  /home/alexander/Schreibtisch/qwen_uplift_test/campaign3_blind/keys_backup_20260816
SEALED    d---------  /home/alexander/Schreibtisch/qwen_uplift_test/campaign3_blind/keys_dev3
chmod: das Verzeichnis '/home/alexander/Schreibtisch/qwen_uplift_test/campaign3_blind/keys' kann nicht gelesen werden: Keine Berechtigung
chmod: das Verzeichnis '/home/alexander/Schreibtisch/qwen_uplift_test/campaign3_blind/keys_backup_20260816' kann nicht gelesen werden: Keine Berechtigung
chmod: das Verzeichnis '/home/alexander/Schreibtisch/qwen_uplift_test/campaign3_blind/keys_dev3' kann nicht gelesen werden: Keine Berechtigung
  keys after: d---------  SEALED
grade20 exit 0
d---------
