  keys before: d---------  SEALED
  UNSEALED  drwx------  /home/alexander/Schreibtisch/qwen_uplift_test/campaign3_blind/keys
UNSEALED  drwx------  /home/alexander/Schreibtisch/qwen_uplift_test/campaign3_blind/keys_backup_20260816
UNSEALED  drwx------  /home/alexander/Schreibtisch/qwen_uplift_test/campaign3_blind/keys_dev3
  seed 5921: graded 1 cells -> honest29_grades.json_seed5921.json   MISSING 63: ['FE1_27b_BARE_seed5921', 'FE1_27b_MCP_seed5921', 'FE2_27b_BARE_seed5921', 'FE2_27b_MCP_seed5921']
  seed 5922: graded 1 cells -> honest29_grades.json_seed5922.json   MISSING 63: ['FE1_27b_BARE_seed5922', 'FE1_27b_MCP_seed5922', 'FE2_27b_BARE_seed5922', 'FE2_27b_MCP_seed5922']
  seed 5923: graded 1 cells -> honest29_grades.json_seed5923.json   MISSING 63: ['FE1_27b_BARE_seed5923', 'FE1_27b_MCP_seed5923', 'FE2_27b_BARE_seed5923', 'FE2_27b_MCP_seed5923']
  seed 6821: graded 1 cells -> honest29_grades.json_seed6821.json   MISSING 63: ['FE1_27b_BARE_seed6821', 'FE1_27b_MCP_seed6821', 'FE2_27b_BARE_seed6821', 'FE2_27b_MCP_seed6821']
  seed 6822: graded 1 cells -> honest29_grades.json_seed6822.json   MISSING 63: ['FE1_27b_BARE_seed6822', 'FE1_27b_MCP_seed6822', 'FE2_27b_BARE_seed6822', 'FE2_27b_MCP_seed6822']
  seed 6823: graded 1 cells -> honest29_grades.json_seed6823.json   MISSING 63: ['FE1_27b_BARE_seed6823', 'FE1_27b_MCP_seed6823', 'FE2_27b_BARE_seed6823', 'FE2_27b_MCP_seed6823']
  seed 6831: graded 1 cells -> honest29_grades.json_seed6831.json   MISSING 63: ['FE1_27b_BARE_seed6831', 'FE1_27b_MCP_seed6831', 'FE2_27b_BARE_seed6831', 'FE2_27b_MCP_seed6831']
  seed 6832: graded 1 cells -> honest29_grades.json_seed6832.json   MISSING 63: ['FE1_27b_BARE_seed6832', 'FE1_27b_MCP_seed6832', 'FE2_27b_BARE_seed6832', 'FE2_27b_MCP_seed6832']
  seed 6833: graded 1 cells -> honest29_grades.json_seed6833.json   MISSING 63: ['FE1_27b_BARE_seed6833', 'FE1_27b_MCP_seed6833', 'FE2_27b_BARE_seed6833', 'FE2_27b_MCP_seed6833']
  SEALED    d---------  /home/alexander/Schreibtisch/qwen_uplift_test/campaign3_blind/keys
SEALED    d---------  /home/alexander/Schreibtisch/qwen_uplift_test/campaign3_blind/keys_backup_20260816
SEALED    d---------  /home/alexander/Schreibtisch/qwen_uplift_test/campaign3_blind/keys_dev3
chmod: das Verzeichnis '/home/alexander/Schreibtisch/qwen_uplift_test/campaign3_blind/keys' kann nicht gelesen werden: Keine Berechtigung
chmod: das Verzeichnis '/home/alexander/Schreibtisch/qwen_uplift_test/campaign3_blind/keys_backup_20260816' kann nicht gelesen werden: Keine Berechtigung
chmod: das Verzeichnis '/home/alexander/Schreibtisch/qwen_uplift_test/campaign3_blind/keys_dev3' kann nicht gelesen werden: Keine Berechtigung
  keys after: d---------  SEALED
grade29 exit 0
d---------
