  keys before: d---------  SEALED
  UNSEALED  drwx------  /home/alexander/Schreibtisch/qwen_uplift_test/campaign3_blind/keys
UNSEALED  drwx------  /home/alexander/Schreibtisch/qwen_uplift_test/campaign3_blind/keys_backup_20260816
UNSEALED  drwx------  /home/alexander/Schreibtisch/qwen_uplift_test/campaign3_blind/keys_dev3
  seed 5981: graded 1 cells -> honest35_grades.json_seed5981.json   MISSING 63: ['FE1_27b_BARE_seed5981', 'FE1_27b_MCP_seed5981', 'FE2_27b_BARE_seed5981', 'FE2_27b_MCP_seed5981']
  seed 5982: graded 1 cells -> honest35_grades.json_seed5982.json   MISSING 63: ['FE1_27b_BARE_seed5982', 'FE1_27b_MCP_seed5982', 'FE2_27b_BARE_seed5982', 'FE2_27b_MCP_seed5982']
  seed 5983: graded 1 cells -> honest35_grades.json_seed5983.json   MISSING 63: ['FE1_27b_BARE_seed5983', 'FE1_27b_MCP_seed5983', 'FE2_27b_BARE_seed5983', 'FE2_27b_MCP_seed5983']
  seed 6941: graded 1 cells -> honest35_grades.json_seed6941.json   MISSING 63: ['FE1_27b_BARE_seed6941', 'FE1_27b_MCP_seed6941', 'FE2_27b_BARE_seed6941', 'FE2_27b_MCP_seed6941']
  seed 6942: graded 1 cells -> honest35_grades.json_seed6942.json   MISSING 63: ['FE1_27b_BARE_seed6942', 'FE1_27b_MCP_seed6942', 'FE2_27b_BARE_seed6942', 'FE2_27b_MCP_seed6942']
  seed 6943: graded 1 cells -> honest35_grades.json_seed6943.json   MISSING 63: ['FE1_27b_BARE_seed6943', 'FE1_27b_MCP_seed6943', 'FE2_27b_BARE_seed6943', 'FE2_27b_MCP_seed6943']
  seed 6951: graded 1 cells -> honest35_grades.json_seed6951.json   MISSING 63: ['FE1_27b_BARE_seed6951', 'FE1_27b_MCP_seed6951', 'FE2_27b_BARE_seed6951', 'FE2_27b_MCP_seed6951']
  seed 6952: graded 1 cells -> honest35_grades.json_seed6952.json   MISSING 63: ['FE1_27b_BARE_seed6952', 'FE1_27b_MCP_seed6952', 'FE2_27b_BARE_seed6952', 'FE2_27b_MCP_seed6952']
  seed 6953: graded 1 cells -> honest35_grades.json_seed6953.json   MISSING 63: ['FE1_27b_BARE_seed6953', 'FE1_27b_MCP_seed6953', 'FE2_27b_BARE_seed6953', 'FE2_27b_MCP_seed6953']
  SEALED    d---------  /home/alexander/Schreibtisch/qwen_uplift_test/campaign3_blind/keys
SEALED    d---------  /home/alexander/Schreibtisch/qwen_uplift_test/campaign3_blind/keys_backup_20260816
SEALED    d---------  /home/alexander/Schreibtisch/qwen_uplift_test/campaign3_blind/keys_dev3
chmod: das Verzeichnis '/home/alexander/Schreibtisch/qwen_uplift_test/campaign3_blind/keys' kann nicht gelesen werden: Keine Berechtigung
chmod: das Verzeichnis '/home/alexander/Schreibtisch/qwen_uplift_test/campaign3_blind/keys_backup_20260816' kann nicht gelesen werden: Keine Berechtigung
chmod: das Verzeichnis '/home/alexander/Schreibtisch/qwen_uplift_test/campaign3_blind/keys_dev3' kann nicht gelesen werden: Keine Berechtigung
  keys after: d---------  SEALED
grade35 exit 0
d---------
