  keys before: d---------  SEALED
  UNSEALED  drwx------  /home/alexander/Schreibtisch/qwen_uplift_test/campaign3_blind/keys
UNSEALED  drwx------  /home/alexander/Schreibtisch/qwen_uplift_test/campaign3_blind/keys_backup_20260816
UNSEALED  drwx------  /home/alexander/Schreibtisch/qwen_uplift_test/campaign3_blind/keys_dev3
  seed 5891: graded 1 cells -> honest27_grades.json_seed5891.json   MISSING 63: ['FE1_27b_BARE_seed5891', 'FE1_27b_MCP_seed5891', 'FE2_27b_BARE_seed5891', 'FE2_27b_MCP_seed5891']
  seed 5892: graded 1 cells -> honest27_grades.json_seed5892.json   MISSING 63: ['FE1_27b_BARE_seed5892', 'FE1_27b_MCP_seed5892', 'FE2_27b_BARE_seed5892', 'FE2_27b_MCP_seed5892']
  seed 5893: graded 1 cells -> honest27_grades.json_seed5893.json   MISSING 63: ['FE1_27b_BARE_seed5893', 'FE1_27b_MCP_seed5893', 'FE2_27b_BARE_seed5893', 'FE2_27b_MCP_seed5893']
  seed 6781: graded 1 cells -> honest27_grades.json_seed6781.json   MISSING 63: ['FE1_27b_BARE_seed6781', 'FE1_27b_MCP_seed6781', 'FE2_27b_BARE_seed6781', 'FE2_27b_MCP_seed6781']
  seed 6782: graded 1 cells -> honest27_grades.json_seed6782.json   MISSING 63: ['FE1_27b_BARE_seed6782', 'FE1_27b_MCP_seed6782', 'FE2_27b_BARE_seed6782', 'FE2_27b_MCP_seed6782']
  seed 6783: graded 1 cells -> honest27_grades.json_seed6783.json   MISSING 63: ['FE1_27b_BARE_seed6783', 'FE1_27b_MCP_seed6783', 'FE2_27b_BARE_seed6783', 'FE2_27b_MCP_seed6783']
  seed 6791: graded 1 cells -> honest27_grades.json_seed6791.json   MISSING 63: ['FE1_27b_BARE_seed6791', 'FE1_27b_MCP_seed6791', 'FE2_27b_BARE_seed6791', 'FE2_27b_MCP_seed6791']
  seed 6792: graded 1 cells -> honest27_grades.json_seed6792.json   MISSING 63: ['FE1_27b_BARE_seed6792', 'FE1_27b_MCP_seed6792', 'FE2_27b_BARE_seed6792', 'FE2_27b_MCP_seed6792']
  seed 6793: graded 1 cells -> honest27_grades.json_seed6793.json   MISSING 63: ['FE1_27b_BARE_seed6793', 'FE1_27b_MCP_seed6793', 'FE2_27b_BARE_seed6793', 'FE2_27b_MCP_seed6793']
  SEALED    d---------  /home/alexander/Schreibtisch/qwen_uplift_test/campaign3_blind/keys
SEALED    d---------  /home/alexander/Schreibtisch/qwen_uplift_test/campaign3_blind/keys_backup_20260816
SEALED    d---------  /home/alexander/Schreibtisch/qwen_uplift_test/campaign3_blind/keys_dev3
chmod: das Verzeichnis '/home/alexander/Schreibtisch/qwen_uplift_test/campaign3_blind/keys' kann nicht gelesen werden: Keine Berechtigung
chmod: das Verzeichnis '/home/alexander/Schreibtisch/qwen_uplift_test/campaign3_blind/keys_backup_20260816' kann nicht gelesen werden: Keine Berechtigung
chmod: das Verzeichnis '/home/alexander/Schreibtisch/qwen_uplift_test/campaign3_blind/keys_dev3' kann nicht gelesen werden: Keine Berechtigung
  keys after: d---------  SEALED
grade27 exit 0
d---------
