  keys before: d---------  SEALED
  UNSEALED  drwx------  /home/alexander/Schreibtisch/qwen_uplift_test/campaign3_blind/keys
UNSEALED  drwx------  /home/alexander/Schreibtisch/qwen_uplift_test/campaign3_blind/keys_backup_20260816
UNSEALED  drwx------  /home/alexander/Schreibtisch/qwen_uplift_test/campaign3_blind/keys_dev3
  seed 5941: graded 1 cells -> honest31_grades.json_seed5941.json   MISSING 63: ['FE1_27b_BARE_seed5941', 'FE1_27b_MCP_seed5941', 'FE2_27b_BARE_seed5941', 'FE2_27b_MCP_seed5941']
  seed 5942: graded 1 cells -> honest31_grades.json_seed5942.json   MISSING 63: ['FE1_27b_BARE_seed5942', 'FE1_27b_MCP_seed5942', 'FE2_27b_BARE_seed5942', 'FE2_27b_MCP_seed5942']
  seed 5943: graded 1 cells -> honest31_grades.json_seed5943.json   MISSING 63: ['FE1_27b_BARE_seed5943', 'FE1_27b_MCP_seed5943', 'FE2_27b_BARE_seed5943', 'FE2_27b_MCP_seed5943']
  seed 6861: graded 1 cells -> honest31_grades.json_seed6861.json   MISSING 63: ['FE1_27b_BARE_seed6861', 'FE1_27b_MCP_seed6861', 'FE2_27b_BARE_seed6861', 'FE2_27b_MCP_seed6861']
  seed 6862: graded 1 cells -> honest31_grades.json_seed6862.json   MISSING 63: ['FE1_27b_BARE_seed6862', 'FE1_27b_MCP_seed6862', 'FE2_27b_BARE_seed6862', 'FE2_27b_MCP_seed6862']
  seed 6863: graded 1 cells -> honest31_grades.json_seed6863.json   MISSING 63: ['FE1_27b_BARE_seed6863', 'FE1_27b_MCP_seed6863', 'FE2_27b_BARE_seed6863', 'FE2_27b_MCP_seed6863']
  seed 6871: graded 1 cells -> honest31_grades.json_seed6871.json   MISSING 63: ['FE1_27b_BARE_seed6871', 'FE1_27b_MCP_seed6871', 'FE2_27b_BARE_seed6871', 'FE2_27b_MCP_seed6871']
  seed 6872: graded 1 cells -> honest31_grades.json_seed6872.json   MISSING 63: ['FE1_27b_BARE_seed6872', 'FE1_27b_MCP_seed6872', 'FE2_27b_BARE_seed6872', 'FE2_27b_MCP_seed6872']
  seed 6873: graded 1 cells -> honest31_grades.json_seed6873.json   MISSING 63: ['FE1_27b_BARE_seed6873', 'FE1_27b_MCP_seed6873', 'FE2_27b_BARE_seed6873', 'FE2_27b_MCP_seed6873']
  SEALED    d---------  /home/alexander/Schreibtisch/qwen_uplift_test/campaign3_blind/keys
SEALED    d---------  /home/alexander/Schreibtisch/qwen_uplift_test/campaign3_blind/keys_backup_20260816
SEALED    d---------  /home/alexander/Schreibtisch/qwen_uplift_test/campaign3_blind/keys_dev3
chmod: das Verzeichnis '/home/alexander/Schreibtisch/qwen_uplift_test/campaign3_blind/keys' kann nicht gelesen werden: Keine Berechtigung
chmod: das Verzeichnis '/home/alexander/Schreibtisch/qwen_uplift_test/campaign3_blind/keys_backup_20260816' kann nicht gelesen werden: Keine Berechtigung
chmod: das Verzeichnis '/home/alexander/Schreibtisch/qwen_uplift_test/campaign3_blind/keys_dev3' kann nicht gelesen werden: Keine Berechtigung
  keys after: d---------  SEALED
grade31 exit 0
d---------
