  keys before: d---------  SEALED
  UNSEALED  drwx------  /home/alexander/Schreibtisch/qwen_uplift_test/campaign3_blind/keys
UNSEALED  drwx------  /home/alexander/Schreibtisch/qwen_uplift_test/campaign3_blind/keys_backup_20260816
UNSEALED  drwx------  /home/alexander/Schreibtisch/qwen_uplift_test/campaign3_blind/keys_dev3
  seed 5771: graded 1 cells -> honest21_grades.json_seed5771.json   MISSING 63: ['FE1_27b_BARE_seed5771', 'FE1_27b_MCP_seed5771', 'FE2_27b_BARE_seed5771', 'FE2_27b_MCP_seed5771']
  seed 5772: graded 1 cells -> honest21_grades.json_seed5772.json   MISSING 63: ['FE1_27b_BARE_seed5772', 'FE1_27b_MCP_seed5772', 'FE2_27b_BARE_seed5772', 'FE2_27b_MCP_seed5772']
  seed 5773: graded 1 cells -> honest21_grades.json_seed5773.json   MISSING 63: ['FE1_27b_BARE_seed5773', 'FE1_27b_MCP_seed5773', 'FE2_27b_BARE_seed5773', 'FE2_27b_MCP_seed5773']
  seed 6621: graded 1 cells -> honest21_grades.json_seed6621.json   MISSING 63: ['FE1_27b_BARE_seed6621', 'FE1_27b_MCP_seed6621', 'FE2_27b_BARE_seed6621', 'FE2_27b_MCP_seed6621']
  seed 6622: graded 1 cells -> honest21_grades.json_seed6622.json   MISSING 63: ['FE1_27b_BARE_seed6622', 'FE1_27b_MCP_seed6622', 'FE2_27b_BARE_seed6622', 'FE2_27b_MCP_seed6622']
  seed 6623: graded 1 cells -> honest21_grades.json_seed6623.json   MISSING 63: ['FE1_27b_BARE_seed6623', 'FE1_27b_MCP_seed6623', 'FE2_27b_BARE_seed6623', 'FE2_27b_MCP_seed6623']
  seed 6631: graded 1 cells -> honest21_grades.json_seed6631.json   MISSING 63: ['FE1_27b_BARE_seed6631', 'FE1_27b_MCP_seed6631', 'FE2_27b_BARE_seed6631', 'FE2_27b_MCP_seed6631']
  seed 6632: graded 1 cells -> honest21_grades.json_seed6632.json   MISSING 63: ['FE1_27b_BARE_seed6632', 'FE1_27b_MCP_seed6632', 'FE2_27b_BARE_seed6632', 'FE2_27b_MCP_seed6632']
  seed 6633: graded 1 cells -> honest21_grades.json_seed6633.json   MISSING 63: ['FE1_27b_BARE_seed6633', 'FE1_27b_MCP_seed6633', 'FE2_27b_BARE_seed6633', 'FE2_27b_MCP_seed6633']
  SEALED    d---------  /home/alexander/Schreibtisch/qwen_uplift_test/campaign3_blind/keys
SEALED    d---------  /home/alexander/Schreibtisch/qwen_uplift_test/campaign3_blind/keys_backup_20260816
SEALED    d---------  /home/alexander/Schreibtisch/qwen_uplift_test/campaign3_blind/keys_dev3
chmod: das Verzeichnis '/home/alexander/Schreibtisch/qwen_uplift_test/campaign3_blind/keys' kann nicht gelesen werden: Keine Berechtigung
chmod: das Verzeichnis '/home/alexander/Schreibtisch/qwen_uplift_test/campaign3_blind/keys_backup_20260816' kann nicht gelesen werden: Keine Berechtigung
chmod: das Verzeichnis '/home/alexander/Schreibtisch/qwen_uplift_test/campaign3_blind/keys_dev3' kann nicht gelesen werden: Keine Berechtigung
  keys after: d---------  SEALED
grade21 exit 0
d---------
