  keys before: d---------  SEALED
  UNSEALED  drwx------  /home/alexander/Schreibtisch/qwen_uplift_test/campaign3_blind/keys
UNSEALED  drwx------  /home/alexander/Schreibtisch/qwen_uplift_test/campaign3_blind/keys_backup_20260816
UNSEALED  drwx------  /home/alexander/Schreibtisch/qwen_uplift_test/campaign3_blind/keys_dev3
  seed 6021: graded 1 cells -> honest38_grades.json_seed6021.json   MISSING 63: ['FE1_27b_BARE_seed6021', 'FE1_27b_MCP_seed6021', 'FE2_27b_BARE_seed6021', 'FE2_27b_MCP_seed6021']
  seed 6022: graded 1 cells -> honest38_grades.json_seed6022.json   MISSING 63: ['FE1_27b_BARE_seed6022', 'FE1_27b_MCP_seed6022', 'FE2_27b_BARE_seed6022', 'FE2_27b_MCP_seed6022']
  seed 6023: graded 1 cells -> honest38_grades.json_seed6023.json   MISSING 63: ['FE1_27b_BARE_seed6023', 'FE1_27b_MCP_seed6023', 'FE2_27b_BARE_seed6023', 'FE2_27b_MCP_seed6023']
  seed 7021: graded 1 cells -> honest38_grades.json_seed7021.json   MISSING 63: ['FE1_27b_BARE_seed7021', 'FE1_27b_MCP_seed7021', 'FE2_27b_BARE_seed7021', 'FE2_27b_MCP_seed7021']
  seed 7022: graded 1 cells -> honest38_grades.json_seed7022.json   MISSING 63: ['FE1_27b_BARE_seed7022', 'FE1_27b_MCP_seed7022', 'FE2_27b_BARE_seed7022', 'FE2_27b_MCP_seed7022']
  seed 7023: graded 1 cells -> honest38_grades.json_seed7023.json   MISSING 63: ['FE1_27b_BARE_seed7023', 'FE1_27b_MCP_seed7023', 'FE2_27b_BARE_seed7023', 'FE2_27b_MCP_seed7023']
  seed 7031: graded 1 cells -> honest38_grades.json_seed7031.json   MISSING 63: ['FE1_27b_BARE_seed7031', 'FE1_27b_MCP_seed7031', 'FE2_27b_BARE_seed7031', 'FE2_27b_MCP_seed7031']
  seed 7032: graded 1 cells -> honest38_grades.json_seed7032.json   MISSING 63: ['FE1_27b_BARE_seed7032', 'FE1_27b_MCP_seed7032', 'FE2_27b_BARE_seed7032', 'FE2_27b_MCP_seed7032']
  seed 7033: graded 1 cells -> honest38_grades.json_seed7033.json   MISSING 63: ['FE1_27b_BARE_seed7033', 'FE1_27b_MCP_seed7033', 'FE2_27b_BARE_seed7033', 'FE2_27b_MCP_seed7033']
  SEALED    d---------  /home/alexander/Schreibtisch/qwen_uplift_test/campaign3_blind/keys
SEALED    d---------  /home/alexander/Schreibtisch/qwen_uplift_test/campaign3_blind/keys_backup_20260816
SEALED    d---------  /home/alexander/Schreibtisch/qwen_uplift_test/campaign3_blind/keys_dev3
chmod: das Verzeichnis '/home/alexander/Schreibtisch/qwen_uplift_test/campaign3_blind/keys' kann nicht gelesen werden: Keine Berechtigung
chmod: das Verzeichnis '/home/alexander/Schreibtisch/qwen_uplift_test/campaign3_blind/keys_backup_20260816' kann nicht gelesen werden: Keine Berechtigung
chmod: das Verzeichnis '/home/alexander/Schreibtisch/qwen_uplift_test/campaign3_blind/keys_dev3' kann nicht gelesen werden: Keine Berechtigung
  keys after: d---------  SEALED
grade38 exit 0
d---------
