  keys before: d---------  SEALED
  UNSEALED  drwx------  /home/alexander/Schreibtisch/qwen_uplift_test/campaign3_blind/keys
UNSEALED  drwx------  /home/alexander/Schreibtisch/qwen_uplift_test/campaign3_blind/keys_backup_20260816
UNSEALED  drwx------  /home/alexander/Schreibtisch/qwen_uplift_test/campaign3_blind/keys_dev3
  seed 5861: graded 1 cells -> honest24_grades.json_seed5861.json   MISSING 63: ['FE1_27b_BARE_seed5861', 'FE1_27b_MCP_seed5861', 'FE2_27b_BARE_seed5861', 'FE2_27b_MCP_seed5861']
  seed 5862: graded 1 cells -> honest24_grades.json_seed5862.json   MISSING 63: ['FE1_27b_BARE_seed5862', 'FE1_27b_MCP_seed5862', 'FE2_27b_BARE_seed5862', 'FE2_27b_MCP_seed5862']
  seed 5863: graded 1 cells -> honest24_grades.json_seed5863.json   MISSING 63: ['FE1_27b_BARE_seed5863', 'FE1_27b_MCP_seed5863', 'FE2_27b_BARE_seed5863', 'FE2_27b_MCP_seed5863']
  seed 6721: graded 1 cells -> honest24_grades.json_seed6721.json   MISSING 63: ['FE1_27b_BARE_seed6721', 'FE1_27b_MCP_seed6721', 'FE2_27b_BARE_seed6721', 'FE2_27b_MCP_seed6721']
  seed 6722: graded 1 cells -> honest24_grades.json_seed6722.json   MISSING 63: ['FE1_27b_BARE_seed6722', 'FE1_27b_MCP_seed6722', 'FE2_27b_BARE_seed6722', 'FE2_27b_MCP_seed6722']
  seed 6723: graded 1 cells -> honest24_grades.json_seed6723.json   MISSING 63: ['FE1_27b_BARE_seed6723', 'FE1_27b_MCP_seed6723', 'FE2_27b_BARE_seed6723', 'FE2_27b_MCP_seed6723']
  seed 6731: graded 1 cells -> honest24_grades.json_seed6731.json   MISSING 63: ['FE1_27b_BARE_seed6731', 'FE1_27b_MCP_seed6731', 'FE2_27b_BARE_seed6731', 'FE2_27b_MCP_seed6731']
  seed 6732: graded 1 cells -> honest24_grades.json_seed6732.json   MISSING 63: ['FE1_27b_BARE_seed6732', 'FE1_27b_MCP_seed6732', 'FE2_27b_BARE_seed6732', 'FE2_27b_MCP_seed6732']
  seed 6733: graded 1 cells -> honest24_grades.json_seed6733.json   MISSING 63: ['FE1_27b_BARE_seed6733', 'FE1_27b_MCP_seed6733', 'FE2_27b_BARE_seed6733', 'FE2_27b_MCP_seed6733']
  SEALED    d---------  /home/alexander/Schreibtisch/qwen_uplift_test/campaign3_blind/keys
SEALED    d---------  /home/alexander/Schreibtisch/qwen_uplift_test/campaign3_blind/keys_backup_20260816
SEALED    d---------  /home/alexander/Schreibtisch/qwen_uplift_test/campaign3_blind/keys_dev3
chmod: das Verzeichnis '/home/alexander/Schreibtisch/qwen_uplift_test/campaign3_blind/keys' kann nicht gelesen werden: Keine Berechtigung
chmod: das Verzeichnis '/home/alexander/Schreibtisch/qwen_uplift_test/campaign3_blind/keys_backup_20260816' kann nicht gelesen werden: Keine Berechtigung
chmod: das Verzeichnis '/home/alexander/Schreibtisch/qwen_uplift_test/campaign3_blind/keys_dev3' kann nicht gelesen werden: Keine Berechtigung
  keys after: d---------  SEALED
grade24 exit 0
d---------
