  keys before: d---------  SEALED
  UNSEALED  drwx------  /home/alexander/Schreibtisch/qwen_uplift_test/campaign3_blind/keys
UNSEALED  drwx------  /home/alexander/Schreibtisch/qwen_uplift_test/campaign3_blind/keys_backup_20260816
UNSEALED  drwx------  /home/alexander/Schreibtisch/qwen_uplift_test/campaign3_blind/keys_dev3
  seed 5781: graded 1 cells -> honest22_grades.json_seed5781.json   MISSING 63: ['FE1_27b_BARE_seed5781', 'FE1_27b_MCP_seed5781', 'FE2_27b_BARE_seed5781', 'FE2_27b_MCP_seed5781']
  seed 5782: graded 1 cells -> honest22_grades.json_seed5782.json   MISSING 63: ['FE1_27b_BARE_seed5782', 'FE1_27b_MCP_seed5782', 'FE2_27b_BARE_seed5782', 'FE2_27b_MCP_seed5782']
  seed 5783: graded 1 cells -> honest22_grades.json_seed5783.json   MISSING 63: ['FE1_27b_BARE_seed5783', 'FE1_27b_MCP_seed5783', 'FE2_27b_BARE_seed5783', 'FE2_27b_MCP_seed5783']
  seed 6641: graded 1 cells -> honest22_grades.json_seed6641.json   MISSING 63: ['FE1_27b_BARE_seed6641', 'FE1_27b_MCP_seed6641', 'FE2_27b_BARE_seed6641', 'FE2_27b_MCP_seed6641']
  seed 6642: graded 1 cells -> honest22_grades.json_seed6642.json   MISSING 63: ['FE1_27b_BARE_seed6642', 'FE1_27b_MCP_seed6642', 'FE2_27b_BARE_seed6642', 'FE2_27b_MCP_seed6642']
  seed 6643: graded 1 cells -> honest22_grades.json_seed6643.json   MISSING 63: ['FE1_27b_BARE_seed6643', 'FE1_27b_MCP_seed6643', 'FE2_27b_BARE_seed6643', 'FE2_27b_MCP_seed6643']
  seed 6651: graded 1 cells -> honest22_grades.json_seed6651.json   MISSING 63: ['FE1_27b_BARE_seed6651', 'FE1_27b_MCP_seed6651', 'FE2_27b_BARE_seed6651', 'FE2_27b_MCP_seed6651']
  seed 6652: graded 1 cells -> honest22_grades.json_seed6652.json   MISSING 63: ['FE1_27b_BARE_seed6652', 'FE1_27b_MCP_seed6652', 'FE2_27b_BARE_seed6652', 'FE2_27b_MCP_seed6652']
  seed 6653: graded 1 cells -> honest22_grades.json_seed6653.json   MISSING 63: ['FE1_27b_BARE_seed6653', 'FE1_27b_MCP_seed6653', 'FE2_27b_BARE_seed6653', 'FE2_27b_MCP_seed6653']
  SEALED    d---------  /home/alexander/Schreibtisch/qwen_uplift_test/campaign3_blind/keys
SEALED    d---------  /home/alexander/Schreibtisch/qwen_uplift_test/campaign3_blind/keys_backup_20260816
SEALED    d---------  /home/alexander/Schreibtisch/qwen_uplift_test/campaign3_blind/keys_dev3
chmod: das Verzeichnis '/home/alexander/Schreibtisch/qwen_uplift_test/campaign3_blind/keys' kann nicht gelesen werden: Keine Berechtigung
chmod: das Verzeichnis '/home/alexander/Schreibtisch/qwen_uplift_test/campaign3_blind/keys_backup_20260816' kann nicht gelesen werden: Keine Berechtigung
chmod: das Verzeichnis '/home/alexander/Schreibtisch/qwen_uplift_test/campaign3_blind/keys_dev3' kann nicht gelesen werden: Keine Berechtigung
  keys after: d---------  SEALED
grade22 exit 0
d---------
