  keys before: d---------  SEALED
  UNSEALED  drwx------  /home/alexander/Schreibtisch/qwen_uplift_test/campaign3_blind/keys
UNSEALED  drwx------  /home/alexander/Schreibtisch/qwen_uplift_test/campaign3_blind/keys_backup_20260816
UNSEALED  drwx------  /home/alexander/Schreibtisch/qwen_uplift_test/campaign3_blind/keys_dev3
  seed 6011: graded 1 cells -> honest37_grades.json_seed6011.json   MISSING 63: ['FE1_27b_BARE_seed6011', 'FE1_27b_MCP_seed6011', 'FE2_27b_BARE_seed6011', 'FE2_27b_MCP_seed6011']
  seed 6012: graded 1 cells -> honest37_grades.json_seed6012.json   MISSING 63: ['FE1_27b_BARE_seed6012', 'FE1_27b_MCP_seed6012', 'FE2_27b_BARE_seed6012', 'FE2_27b_MCP_seed6012']
  seed 6013: graded 1 cells -> honest37_grades.json_seed6013.json   MISSING 63: ['FE1_27b_BARE_seed6013', 'FE1_27b_MCP_seed6013', 'FE2_27b_BARE_seed6013', 'FE2_27b_MCP_seed6013']
  seed 6981: graded 1 cells -> honest37_grades.json_seed6981.json   MISSING 63: ['FE1_27b_BARE_seed6981', 'FE1_27b_MCP_seed6981', 'FE2_27b_BARE_seed6981', 'FE2_27b_MCP_seed6981']
  seed 6982: graded 1 cells -> honest37_grades.json_seed6982.json   MISSING 63: ['FE1_27b_BARE_seed6982', 'FE1_27b_MCP_seed6982', 'FE2_27b_BARE_seed6982', 'FE2_27b_MCP_seed6982']
  seed 6983: graded 1 cells -> honest37_grades.json_seed6983.json   MISSING 63: ['FE1_27b_BARE_seed6983', 'FE1_27b_MCP_seed6983', 'FE2_27b_BARE_seed6983', 'FE2_27b_MCP_seed6983']
  seed 6991: graded 1 cells -> honest37_grades.json_seed6991.json   MISSING 63: ['FE1_27b_BARE_seed6991', 'FE1_27b_MCP_seed6991', 'FE2_27b_BARE_seed6991', 'FE2_27b_MCP_seed6991']
  seed 6992: graded 1 cells -> honest37_grades.json_seed6992.json   MISSING 63: ['FE1_27b_BARE_seed6992', 'FE1_27b_MCP_seed6992', 'FE2_27b_BARE_seed6992', 'FE2_27b_MCP_seed6992']
  seed 6993: graded 1 cells -> honest37_grades.json_seed6993.json   MISSING 63: ['FE1_27b_BARE_seed6993', 'FE1_27b_MCP_seed6993', 'FE2_27b_BARE_seed6993', 'FE2_27b_MCP_seed6993']
  SEALED    d---------  /home/alexander/Schreibtisch/qwen_uplift_test/campaign3_blind/keys
SEALED    d---------  /home/alexander/Schreibtisch/qwen_uplift_test/campaign3_blind/keys_backup_20260816
SEALED    d---------  /home/alexander/Schreibtisch/qwen_uplift_test/campaign3_blind/keys_dev3
chmod: das Verzeichnis '/home/alexander/Schreibtisch/qwen_uplift_test/campaign3_blind/keys' kann nicht gelesen werden: Keine Berechtigung
chmod: das Verzeichnis '/home/alexander/Schreibtisch/qwen_uplift_test/campaign3_blind/keys_backup_20260816' kann nicht gelesen werden: Keine Berechtigung
chmod: das Verzeichnis '/home/alexander/Schreibtisch/qwen_uplift_test/campaign3_blind/keys_dev3' kann nicht gelesen werden: Keine Berechtigung
  keys after: d---------  SEALED
grade37 exit 0
d---------
