  keys before: d---------  SEALED
  UNSEALED  drwx------  /home/alexander/Schreibtisch/qwen_uplift_test/campaign3_blind/keys
UNSEALED  drwx------  /home/alexander/Schreibtisch/qwen_uplift_test/campaign3_blind/keys_backup_20260816
UNSEALED  drwx------  /home/alexander/Schreibtisch/qwen_uplift_test/campaign3_blind/keys_dev3
  seed 5931: graded 1 cells -> honest30_grades.json_seed5931.json   MISSING 63: ['FE1_27b_BARE_seed5931', 'FE1_27b_MCP_seed5931', 'FE2_27b_BARE_seed5931', 'FE2_27b_MCP_seed5931']
  seed 5932: graded 1 cells -> honest30_grades.json_seed5932.json   MISSING 63: ['FE1_27b_BARE_seed5932', 'FE1_27b_MCP_seed5932', 'FE2_27b_BARE_seed5932', 'FE2_27b_MCP_seed5932']
  seed 5933: graded 1 cells -> honest30_grades.json_seed5933.json   MISSING 63: ['FE1_27b_BARE_seed5933', 'FE1_27b_MCP_seed5933', 'FE2_27b_BARE_seed5933', 'FE2_27b_MCP_seed5933']
  seed 6841: graded 1 cells -> honest30_grades.json_seed6841.json   MISSING 63: ['FE1_27b_BARE_seed6841', 'FE1_27b_MCP_seed6841', 'FE2_27b_BARE_seed6841', 'FE2_27b_MCP_seed6841']
  seed 6842: graded 1 cells -> honest30_grades.json_seed6842.json   MISSING 63: ['FE1_27b_BARE_seed6842', 'FE1_27b_MCP_seed6842', 'FE2_27b_BARE_seed6842', 'FE2_27b_MCP_seed6842']
  seed 6843: graded 1 cells -> honest30_grades.json_seed6843.json   MISSING 63: ['FE1_27b_BARE_seed6843', 'FE1_27b_MCP_seed6843', 'FE2_27b_BARE_seed6843', 'FE2_27b_MCP_seed6843']
  seed 6851: graded 1 cells -> honest30_grades.json_seed6851.json   MISSING 63: ['FE1_27b_BARE_seed6851', 'FE1_27b_MCP_seed6851', 'FE2_27b_BARE_seed6851', 'FE2_27b_MCP_seed6851']
  seed 6852: graded 1 cells -> honest30_grades.json_seed6852.json   MISSING 63: ['FE1_27b_BARE_seed6852', 'FE1_27b_MCP_seed6852', 'FE2_27b_BARE_seed6852', 'FE2_27b_MCP_seed6852']
  seed 6853: graded 1 cells -> honest30_grades.json_seed6853.json   MISSING 63: ['FE1_27b_BARE_seed6853', 'FE1_27b_MCP_seed6853', 'FE2_27b_BARE_seed6853', 'FE2_27b_MCP_seed6853']
  SEALED    d---------  /home/alexander/Schreibtisch/qwen_uplift_test/campaign3_blind/keys
SEALED    d---------  /home/alexander/Schreibtisch/qwen_uplift_test/campaign3_blind/keys_backup_20260816
SEALED    d---------  /home/alexander/Schreibtisch/qwen_uplift_test/campaign3_blind/keys_dev3
chmod: das Verzeichnis '/home/alexander/Schreibtisch/qwen_uplift_test/campaign3_blind/keys' kann nicht gelesen werden: Keine Berechtigung
chmod: das Verzeichnis '/home/alexander/Schreibtisch/qwen_uplift_test/campaign3_blind/keys_backup_20260816' kann nicht gelesen werden: Keine Berechtigung
chmod: das Verzeichnis '/home/alexander/Schreibtisch/qwen_uplift_test/campaign3_blind/keys_dev3' kann nicht gelesen werden: Keine Berechtigung
  keys after: d---------  SEALED
grade30 exit 0
d---------
