  keys before: d---------  SEALED
  UNSEALED  drwx------  /home/alexander/Schreibtisch/qwen_uplift_test/campaign3_blind/keys
UNSEALED  drwx------  /home/alexander/Schreibtisch/qwen_uplift_test/campaign3_blind/keys_backup_20260816
UNSEALED  drwx------  /home/alexander/Schreibtisch/qwen_uplift_test/campaign3_blind/keys_dev3
  seed 5991: graded 1 cells -> honest36_grades.json_seed5991.json   MISSING 63: ['FE1_27b_BARE_seed5991', 'FE1_27b_MCP_seed5991', 'FE2_27b_BARE_seed5991', 'FE2_27b_MCP_seed5991']
  seed 5992: graded 1 cells -> honest36_grades.json_seed5992.json   MISSING 63: ['FE1_27b_BARE_seed5992', 'FE1_27b_MCP_seed5992', 'FE2_27b_BARE_seed5992', 'FE2_27b_MCP_seed5992']
  seed 5993: graded 1 cells -> honest36_grades.json_seed5993.json   MISSING 63: ['FE1_27b_BARE_seed5993', 'FE1_27b_MCP_seed5993', 'FE2_27b_BARE_seed5993', 'FE2_27b_MCP_seed5993']
  seed 6961: graded 1 cells -> honest36_grades.json_seed6961.json   MISSING 63: ['FE1_27b_BARE_seed6961', 'FE1_27b_MCP_seed6961', 'FE2_27b_BARE_seed6961', 'FE2_27b_MCP_seed6961']
  seed 6962: graded 1 cells -> honest36_grades.json_seed6962.json   MISSING 63: ['FE1_27b_BARE_seed6962', 'FE1_27b_MCP_seed6962', 'FE2_27b_BARE_seed6962', 'FE2_27b_MCP_seed6962']
  seed 6963: graded 1 cells -> honest36_grades.json_seed6963.json   MISSING 63: ['FE1_27b_BARE_seed6963', 'FE1_27b_MCP_seed6963', 'FE2_27b_BARE_seed6963', 'FE2_27b_MCP_seed6963']
  seed 6971: graded 1 cells -> honest36_grades.json_seed6971.json   MISSING 63: ['FE1_27b_BARE_seed6971', 'FE1_27b_MCP_seed6971', 'FE2_27b_BARE_seed6971', 'FE2_27b_MCP_seed6971']
  seed 6972: graded 1 cells -> honest36_grades.json_seed6972.json   MISSING 63: ['FE1_27b_BARE_seed6972', 'FE1_27b_MCP_seed6972', 'FE2_27b_BARE_seed6972', 'FE2_27b_MCP_seed6972']
  seed 6973: graded 1 cells -> honest36_grades.json_seed6973.json   MISSING 63: ['FE1_27b_BARE_seed6973', 'FE1_27b_MCP_seed6973', 'FE2_27b_BARE_seed6973', 'FE2_27b_MCP_seed6973']
  SEALED    d---------  /home/alexander/Schreibtisch/qwen_uplift_test/campaign3_blind/keys
SEALED    d---------  /home/alexander/Schreibtisch/qwen_uplift_test/campaign3_blind/keys_backup_20260816
SEALED    d---------  /home/alexander/Schreibtisch/qwen_uplift_test/campaign3_blind/keys_dev3
chmod: das Verzeichnis '/home/alexander/Schreibtisch/qwen_uplift_test/campaign3_blind/keys' kann nicht gelesen werden: Keine Berechtigung
chmod: das Verzeichnis '/home/alexander/Schreibtisch/qwen_uplift_test/campaign3_blind/keys_backup_20260816' kann nicht gelesen werden: Keine Berechtigung
chmod: das Verzeichnis '/home/alexander/Schreibtisch/qwen_uplift_test/campaign3_blind/keys_dev3' kann nicht gelesen werden: Keine Berechtigung
  keys after: d---------  SEALED
grade36 exit 0
d---------
