iteration: 4
command: ["python3", "participant_A.py"]
returncode: 0
--- stdout ---

******************************************************
*                                                    *
*                         4C                         *
*                                                    *
*                version 2026.2.0-dev                *
*                                                    *
*                      git SHA1                      *
*      89519cfe76251fc668617c4ab1a70b94fd86ec52      *
*                                                    *
******************************************************

Trilinos Version: f4d64271518 (git SHA1)
Total number of MPI ranks: 1

Number of procs used for redistribution: 1

+--------------------------------------------------------------------+
| fill_complete() on discretization fluid                            |
+--------------------------------------------------------------------+

Number of procs used for redistribution: 1
Redistributing using hypergraph .........

+--------------------------------------------------------------------+
| fill_complete() on discretization scatra                           |
+--------------------------------------------------------------------+
Read/generate conditions                          in....0.00272806 secs

Total wall time for INPUT:        6.000e-02 sec 

###################################################
# YOUR PROBLEM TYPE: Scalar_Transport
###################################################

+--------------------------------------------------------------------+
| fill_complete() on discretization fluid                            |
| assign_degrees_of_freedom() ...                                    |
| initialize_elements() ...                                          |
| boundary_conditions_geometry() ...                                 |
+--------------------------------------------------------------------+

+--------------------------------------------------------------------+
| fill_complete() on discretization scatra                           |
| assign_degrees_of_freedom() ...                                    |
| initialize_elements() ...                                          |
| boundary_conditions_geometry() ...                                 |
+--------------------------------------------------------------------+

+--------------------------------------------------------------------+
| fill_complete() on discretization scatra                           |
| assign_degrees_of_freedom() ...                                    |
| boundary_conditions_geometry() ...                                 |
+--------------------------------------------------------------------+

+--------------------------------------------------------------------+
| fill_complete() on discretization scatra                           |
| assign_degrees_of_freedom() ...                                    |
| boundary_conditions_geometry() ...                                 |
+--------------------------------------------------------------------+
Flux output is performed for 1 scalars: 1 

Normal fluxes at boundary 'ScaTraFluxCalc' on discretization 'scatra':
+----+-----+-------------------------+------------------+--------------------------+
| ID | DOF | Integral of normal flux | Area of boundary | Mean normal flux density |
|  0 |  0  |       -5.8692E-02       |    1.0000E+00    |        -5.8692E-02       |
+----+-----+-------------------------+------------------+--------------------------+
| Sum of all normal flux boundary integrals for scalar 0: -5.86916E-02             |
+----------------------------------------------------------------------------------+

Vtk Files 'scatra-00000' written. Time: 0.00000000000000e+00

TIME:           1/1  DT = 1    Stationary    STEP = 1/1
Solvertype linear_full (ts= 2.253E-03,te= 1.418E-03)

Normal fluxes at boundary 'ScaTraFluxCalc' on discretization 'scatra':
+----+-----+-------------------------+------------------+--------------------------+
| ID | DOF | Integral of normal flux | Area of boundary | Mean normal flux density |
|  0 |  0  |       -5.6051E-01       |    1.0000E+00    |        -5.6051E-01       |
+----+-----+-------------------------+------------------+--------------------------+
| Sum of all normal flux boundary integrals for scalar 0: -5.60514E-01             |
+----------------------------------------------------------------------------------+

Vtk Files 'scatra-00001' written. Time: 1.00000000000000e+00

Checking results of 0 tests:

OK (0)
======================================================================================

                         TimeMonitor results over 1 processor

Timer Name                                                 Global time (num calls)    
--------------------------------------------------------------------------------------
Core::FE::Discretization::Evaluate                         0.0039 (3)                 
Core::FE::Discretization::set_state                        4.375e-05 (12)             
Core::LinAlg::Solver:  0)   translate_solver_parameters    2.782e-05 (1)              
Core::LinAlg::Solver:  1)   Setup                          0.0005653 (1)              
Core::LinAlg::Solver:  2)   Solve                          0.001676 (1)               
Core::LinAlg::SparseMatrix::Complete                       6.271e-05 (1)              
Core::LinAlg::SparseMatrix::Complete(domain,range)         9.22e-07 (1)               
Rebalance::rebalance_graph                                 0.00149 (1)                
Rebalance::rebalance_node_maps                             0.001535 (1)               
SCATRA:       + apply DBC to system                        1.434e-05 (1)              
--------------------------------------------------------------------------------------
SCATRA:       + element calls                              0.001423 (1)               
SCATRA:       + solver calls                               0.00227 (1)                
SCATRA:      + apply dirich cond.                          0.0001311 (2)              
SCATRA:    + output of solution                            0.0044 (2)                 
SCATRA:    + prepare time step                             0.0002429 (1)              
SCATRA:  + time loop                                       0.009855 (1)               
======================================================================================

Total wall time for CALCULATION:  1.500e-02 sec 


Memory High Water Mark Summary:		Total
(in GB)					1.8030e-01

processor 0 finished normally

No protocol specified

NDOF = 187

--- stderr ---

