Invalid MIT-MAGIC-COOKIE-1 key
******************************************************
*                                                    *
*                         4C                         *
*                                                    *
*                version 2026.2.0-dev                *
*                                                    *
*                      git SHA1                      *
*      89519cfe76251fc668617c4ab1a70b94fd86ec52      *
*                                                    *
******************************************************

Trilinos Version: f4d64271518 (git SHA1)
Total number of MPI ranks: 1


=========================================================================
PROC 0 ERROR in /home/alexander/4C/src/core/io/src/4C_io_input_spec_builders.cpp, line 633:
Could not match this input

SCALAR TRANSPORT DYNAMIC:
  TIMEINTEGR: "Stationary"
  SOLVERTYPE: "linear_full"
  NUMSTEP: 1
  TIMESTEP: 1.0
  MAXTIME: 1.0
  LINEAR_SOLVER: 1
  OUTPUTSCALARS: [1]


against the given input specification. This was the best attempt to match the input:

[!] Candidate group 'SCALAR TRANSPORT DYNAMIC'
  {
    [ ] Matched deprecated_selection 'SOLVERTYPE'
    [ ] Matched deprecated_selection 'TIMEINTEGR'
    [ ] Matched parameter 'MAXTIME'
    [ ] Matched parameter 'NUMSTEP'
    [ ] Matched parameter 'TIMESTEP'
    [ ] Defaulted parameter 'THETA'
    [ ] Defaulted parameter 'ALPHA_M'
    [ ] Defaulted parameter 'ALPHA_F'
    [ ] Defaulted parameter 'GAMMA'
    [ ] Defaulted parameter 'RESULTSEVERY'
    [ ] Defaulted parameter 'RESTARTEVERY'
    [ ] Defaulted parameter 'MATID'
    [ ] Defaulted deprecated_selection 'VELOCITYFIELD'
    [ ] Defaulted parameter 'VELFUNCNO'
    [ ] Defaulted deprecated_selection 'INITIALFIELD'
    [ ] Defaulted parameter 'INITFUNCNO'
    [ ] Defaulted parameter 'SPHERICALCOORDS'
    [ ] Defaulted deprecated_selection 'CALCERROR'
    [ ] Defaulted parameter 'CALCERRORNO'
    [ ] Defaulted deprecated_selection 'CALCFLUX_DOMAIN'
    [ ] Defaulted parameter 'CALCFLUX_DOMAIN_LUMPED'
    [ ] Defaulted deprecated_selection 'CALCFLUX_BOUNDARY'
    [ ] Defaulted parameter 'CALCFLUX_BOUNDARY_LUMPED'
    [ ] Defaulted parameter 'WRITEFLUX_IDS'
    [!] Candidate deprecated_selection 'OUTPUTSCALARS' has wrong value, possible values: by_condition|entire_domain|entire_domain_and_by_condition|none
    [ ] Defaulted parameter 'OUTPUTSCALARSMEANGRAD'
    [ ] Defaulted parameter 'OUTINTEGRREAC'
    [ ] Defaulted parameter 'OUTPUT_GMSH'
    [ ] Defaulted parameter 'MATLAB_STATE_OUTPUT'
    [ ] Defaulted deprecated_selection 'CONVFORM'
    [ ] Defaulted parameter 'NEUMANNINFLOW'
    [ ] Defaulted parameter 'CONV_HEAT_TRANS'
    [ ] Defaulted parameter 'SKIPINITDER'
    [ ] Defaulted parameter 'IS_INTENSIVE_SCALAR'
    [ ] Defaulted deprecated_selection 'FSSUGRDIFF'
    [ ] Defaulted deprecated_selection 'MESHTYING'
    [ ] Defaulted deprecated_selection 'FIELDCOUPLING'
    [ ] Matched parameter 'LINEAR_SOLVER'
    [ ] Defaulted parameter 'L2_PROJ_LINEAR_SOLVER'
    [ ] Defaulted parameter 'EQUILIBRATION'
    [ ] Defaulted parameter 'MATRIXTYPE'
    [ ] Defaulted parameter 'NATURAL_CONVECTION'
    [ ] Defaulted deprecated_selection 'FDCHECK'
    [ ] Defaulted parameter 'FDCHECKEPS'
    [ ] Defaulted parameter 'FDCHECKTOL'
    [ ] Defaulted deprecated_selection 'COMPUTEINTEGRALS'
    [ ] Defaulted parameter 'PADAPTIVITY'
    [ ] Defaulted parameter 'PADAPTERRORTOL'
    [ ] Defaulted parameter 'PADAPTERRORBASE'
    [ ] Defaulted parameter 'PADAPTDEGREEMAX'
    [ ] Defaulted parameter 'SEMIIMPLICIT'
    [ ] Defaulted parameter 'OUTPUTLINSOLVERSTATS'
    [ ] Defaulted parameter 'OUTPUTNONLINSOLVERSTATS'
    [ ] Defaulted parameter 'NULLSPACE_POINTBASED'
    [ ] Defaulted parameter 'ADAPTIVE_TIMESTEPPING'
  }

------------------
 0# FourC::Core::IO::Internal::MatchTree::assert_match() const in /home/alexander/4C/build/lib4C.so
 1# FourC::Core::IO::InputSpec::match(FourC::Core::IO::ConstYamlNodeRef, FourC::Core::IO::InputParameterContainer&) const in /home/alexander/4C/build/lib4C.so
 2# FourC::Core::IO::InputFile::match_section(std::__cxx11::basic_string<char, std::char_traits<char>, std::allocator<char> > const&, FourC::Core::IO::InputParameterContainer&) const in /home/alexander/4C/build/lib4C.so
 3# FourC::Core::IO::read_parameters_in_section(FourC::Core::IO::InputFile&, std::__cxx11::basic_string<char, std::char_traits<char>, std::allocator<char> > const&, Teuchos::ParameterList&) in /home/alexander/4C/build/lib4C.so
 4# FourC::Global::read_parameter(FourC::Global::Problem&, FourC::Core::IO::InputFile&) in /home/alexander/4C/build/lib4C.so
 5# FourC::setup_global_problem(FourC::Core::IO::InputFile&, FourC::CommandlineArguments const&, FourC::Core::Communication::Communicators const&) in /home/alexander/4C/build/4C
 6# run(FourC::CommandlineArguments&, FourC::Core::Communication::Communicators&) in /home/alexander/4C/build/4C
 7# main in /home/alexander/4C/build/4C
 8# __libc_start_main at ../csu/libc-start.c:342
 9# _start in /home/alexander/4C/build/4C

=========================================================================


--------------------------------------------------------------------------
MPI_ABORT was invoked on rank 0 in communicator MPI_COMM_WORLD
with errorcode 1.

NOTE: invoking MPI_ABORT causes Open MPI to kill all MPI processes.
You may or may not see output from other processes, depending on
exactly when Open MPI kills them.
--------------------------------------------------------------------------
