
============================================================
Level 1: N = 8 cells per side
============================================================
Number of triangular elements: 128
Number of DOFs: 81
Solver converged: True
Linear iterations: 24
Number of probe points: 1936
Wrote solution_level1.csv

============================================================
Level 2: N = 16 cells per side
============================================================
Number of triangular elements: 512
Number of DOFs: 289
Solver converged: True
Linear iterations: 51
Number of probe points: 1936
Wrote solution_level2.csv

============================================================
Level 3: N = 32 cells per side
============================================================
Number of triangular elements: 2048
Number of DOFs: 1089
Solver converged: True
Linear iterations: 101
Number of probe points: 1936
Wrote solution_level3.csv

============================================================
Level 4: N = 64 cells per side
============================================================
Number of triangular elements: 8192
Number of DOFs: 4225
Solver converged: True
Linear iterations: 203
Number of probe points: 1936
Wrote solution_level4.csv

============================================================
MESH INDEPENDENCE ANALYSIS
============================================================
Max relative change between levels 3 and 4: 6.416556e+26
Mean relative change between levels 3 and 4: 5.194823e+23
MESH_INDEPENDENCE = NOT_CONVERGED

Wrote RESULT.txt
Done!
