NDOF = 765
iteration: 31
command: ["/home/alexander/miniconda3/envs/fenics/bin/python", "participant_B.py"]
returncode: 0
--- stdout ---
[2026-09-11 13:07:28.086] [info] Extract basic topology: 5376->5376
[2026-09-11 13:07:28.086] [info] Build local dual graphs, re-order cells, and compute process boundary vertices.
[2026-09-11 13:07:28.086] [info] Build local part of mesh dual graph (mixed)
[2026-09-11 13:07:28.086] [info] GPS pseudo-diameter:(118) 1737-54
[2026-09-11 13:07:28.086] [info] Create topology (generalised)
[2026-09-11 13:07:28.087] [info] Computing communication graph edges (using NBX algorithm). Number of input edges: 1
[2026-09-11 13:07:28.087] [info] Finished graph edge discovery using NBX algorithm. Number of discovered edges 1
[2026-09-11 13:07:28.087] [info] Compute ghost indices
[2026-09-11 13:07:28.087] [info] Computing communication graph edges (using PCX algorithm). Number of input edges: 0
[2026-09-11 13:07:28.087] [info] Finished graph edge discovery using PCX algorithm. Number of discovered edges 0
[2026-09-11 13:07:28.087] [info] Computing communication graph edges (using NBX algorithm). Number of input edges: 0
[2026-09-11 13:07:28.087] [info] Finished graph edge discovery using NBX algorithm. Number of discovered edges 0
[2026-09-11 13:07:28.087] [info] Computing communication graph edges (using NBX algorithm). Number of input edges: 0
[2026-09-11 13:07:28.087] [info] Finished graph edge discovery using NBX algorithm. Number of discovered edges 0
[2026-09-11 13:07:28.087] [info] Number of neighbourhood source ranks in distribute_to_postoffice: 0
[2026-09-11 13:07:28.087] [info] Computing communication graph edges (using NBX algorithm). Number of input edges: 0
[2026-09-11 13:07:28.087] [info] Finished graph edge discovery using NBX algorithm. Number of discovered edges 0
[2026-09-11 13:07:28.087] [info] Neighbourhood destination ranks from post office in distribute_data (rank, num dests, num dests/mpi_size): 0, 0, 0
[2026-09-11 13:07:28.087] [info] Create Geometry (multiple)
[2026-09-11 13:07:28.087] [info] Got 1 dof layouts
[2026-09-11 13:07:28.087] [info] Checking required entities per dimension
[2026-09-11 13:07:28.087] [info] Cell type: 0 dofmap: 1792x3
[2026-09-11 13:07:28.087] [info] Global index computation
[2026-09-11 13:07:28.087] [info] Got 1 index_maps
[2026-09-11 13:07:28.088] [info] Get global indices
[2026-09-11 13:07:28.088] [info] Calling compute_local_to_global
[2026-09-11 13:07:28.088] [info] xdofs.size = 5376
[2026-09-11 13:07:28.088] [info] dofmap sizes = 5376 
[2026-09-11 13:07:28.088] [info] all_dofmaps.size = 5376
[2026-09-11 13:07:28.088] [info] nodes.size = 957
[2026-09-11 13:07:28.088] [info] Creating geometry with 1 dofmaps
[2026-09-11 13:07:28.088] [info] Checking required entities per dimension
[2026-09-11 13:07:28.088] [info] Cell type: 0 dofmap: 1792x3
[2026-09-11 13:07:28.088] [info] Global index computation
[2026-09-11 13:07:28.088] [info] Got 1 index_maps
[2026-09-11 13:07:28.088] [info] Get global indices
[2026-09-11 13:07:28.088] [info] Checking required entities per dimension
[2026-09-11 13:07:28.089] [info] Cell type: 0 dofmap: 1792x3
[2026-09-11 13:07:28.089] [info] Global index computation
[2026-09-11 13:07:28.089] [info] Got 1 index_maps
[2026-09-11 13:07:28.089] [info] Get global indices
[2026-09-11 13:07:28.089] [info] Computing mesh entities of dimension 1
[2026-09-11 13:07:28.089] [info] Computing communication graph edges (using NBX algorithm). Number of input edges: 0
[2026-09-11 13:07:28.089] [info] Finished graph edge discovery using NBX algorithm. Number of discovered edges 0
[2026-09-11 13:07:28.089] [info] Requesting connectivity (1, 0) - (2, 0)
[2026-09-11 13:07:28.089] [info] Computing mesh connectivity 1-2 from transpose.
[2026-09-11 13:07:28.090] [info] Requesting connectivity (1, 0) - (2, 0)
[2026-09-11 13:07:28.090] [info] Requesting connectivity (1, 0) - (0, 0)
[2026-09-11 13:07:28.090] [info] Requesting connectivity (1, 0) - (1, 0)
[2026-09-11 13:07:28.090] [info] Requesting connectivity (0, 0) - (2, 0)
[2026-09-11 13:07:28.090] [info] Computing mesh connectivity 0-2 from transpose.
[2026-09-11 13:07:28.090] [info] Requesting connectivity (2, 0) - (0, 0)
[2026-09-11 13:07:28.095] [info] Requesting connectivity (1, 0) - (2, 0)
[2026-09-11 13:07:28.095] [info] Requesting connectivity (2, 0) - (1, 0)
[2026-09-11 13:07:28.095] [info] Requesting connectivity (1, 0) - (2, 0)
[2026-09-11 13:07:28.095] [info] Requesting connectivity (2, 0) - (1, 0)
[2026-09-11 13:07:28.097] [info] Column ghost size increased from 0 to 0
[2026-09-11 13:07:28.102] [info] Requesting connectivity (1, 0) - (2, 0)
[2026-09-11 13:07:28.102] [info] Requesting connectivity (2, 0) - (1, 0)
[2026-09-11 13:07:28.102] [info] Requesting connectivity (1, 0) - (2, 0)
[2026-09-11 13:07:28.102] [info] Requesting connectivity (2, 0) - (1, 0)
[2026-09-11 13:07:28.102] [info] Column ghost size increased from 0 to 0
[2026-09-11 13:07:28.110] [info] Column ghost size increased from 0 to 0
[2026-09-11 13:07:28.112] [info] Column ghost size increased from 0 to 0
[2026-09-11 13:07:28.115] [info] Requesting connectivity (1, 0) - (2, 0)
[2026-09-11 13:07:28.115] [info] Requesting connectivity (2, 0) - (1, 0)
[2026-09-11 13:07:28.115] [info] Requesting connectivity (1, 0) - (2, 0)
[2026-09-11 13:07:28.115] [info] Requesting connectivity (2, 0) - (1, 0)
[2026-09-11 13:07:28.116] [info] Requesting connectivity (1, 0) - (2, 0)
[2026-09-11 13:07:28.116] [info] Requesting connectivity (2, 0) - (1, 0)
[2026-09-11 13:07:28.116] [info] Requesting connectivity (1, 0) - (2, 0)
[2026-09-11 13:07:28.116] [info] Requesting connectivity (2, 0) - (1, 0)
[fenics neumann thermoelastic] interface n=33 T=[0,0.074325] ux=[-0.00208238,0.00188501] uy=[-0.0011507,0.00220964] qn=[-0.100797,-0.00740518]
NDOF = 1914
FEniCSx Neumann participant completed: LEVEL=3, nx=28, ny=32

--- stderr ---

